Mplus VERSION 7.4
MUTHEN & MUTHEN
05/22/2025   9:11 AM

INPUT INSTRUCTIONS

  Data:
    File is "c:\Repo\data_local\gxe_ext_trajectory.csv";
  Variable:
   Names are
      AID white african native asian other hispanic FAMID pgs
      ANCESTRY parent single_par peer school neighbor age sex asb sub
      income pared sub_hi_dum sub_lo_dum asb_hi_dum
      asb_mod_dum asb_ado_dum pgsparent pgspeer pgsschool
      pgsneighbor pgsage pgssex pgsinc pgspared pgssingpar
      pgsafrican pgsnative pgsasian pgsother pgshispanic;

   usevariables are
    sub asb
    pgs parent peer school neighbor age sex
    income pared
    sub_hi_dum sub_lo_dum
    asb_hi_dum asb_mod_dum asb_ado_dum
    pgsparent pgspeer pgsschool pgsneighbor
    pgsage pgssex pgsinc pgspared pgssingpar
    single_par
    ;

    NOMINAL ARE
     asb sub;

    USEOBSERVATIONS ARE
      ancestry == 1 AND african == 1 AND hispanic == 0;

    IDVARIABLE IS AID;

    Missing are .;

  Analysis:
      process = 18;
      estimator = ML;
      Algorithm = INTEGRATION;
      !LINK = PROBIT;
      bootstrap=1500;

  Define:


  MODEL:

      parent peer school neighbor ON age sex income pared
      single_par;

      parent ON pgs(a1);
      peer ON pgs(a2);
      school ON pgs(a3);
      neighbor ON pgs(a4);


      asb ON pgsparent pgspeer
      pgsschool pgsneighbor
      pgsage pgssex pgsinc pgspared pgssingpar
      sub_hi_dum sub_lo_dum age sex
      income pared
      single_par;

      asb#1 ON pgs(cpasb1);
      asb#1 ON parent(basb11);
      asb#1 ON peer(basb12);
      asb#1 ON school(basb13);
      asb#1 ON neighbor(basb14);

      asb#2 ON pgs(cpasb2);
      asb#2 ON parent(basb21);
      asb#2 ON peer(basb22);
      asb#2 ON school(basb23);
      asb#2 ON neighbor(basb24);

      asb#3 ON pgs(cpasb3);
      asb#3 ON parent(basb31);
      asb#3 ON peer(basb32);
      asb#3 ON school(basb33);
      asb#3 ON neighbor(basb34);


      sub ON pgsparent pgspeer pgsschool pgsneighbor
      pgsage pgssex pgsinc pgspared pgssingpar
      asb_hi_dum asb_mod_dum asb_ado_dum age sex
      income pared
      single_par;

      sub#1 ON pgs(cpsub1);
      sub#1 ON parent(bsub11);
      sub#1 ON peer(bsub12);
      sub#1 ON school(bsub13);
      sub#1 ON neighbor(bsub14);

      sub#2 ON pgs(cpsub2);
      sub#2 ON parent(bsub21);
      sub#2 ON peer(bsub22);
      sub#2 ON school(bsub23);
      sub#2 ON neighbor(bsub24);


      parent WITH peer school neighbor;

      peer WITH parent school neighbor;

      school WITH parent peer neighbor;

      neighbor WITH parent peer school;

      [pgs parent peer school neighbor
      age sex income pared single_par
      pgsparent pgspeer
      pgsschool pgsneighbor
      pgsage pgssex pgsinc pgspared pgssingpar];

  MODEL CONSTRAINT:
      NEW (indasb11 indasb12 indasb13 indasb14 totalasb1
      indasb21 indasb22 indasb23 indasb24 totalasb2
      indasb31 indasb32 indasb33 indasb34 totalasb3
      indsub11 indsub12 indsub13 indsub14 totalsub1
      indsub21 indsub22 indsub23 indsub24 totalsub2);

      indasb11 = a1*basb11;
      indasb12 = a2*basb12;
      indasb13 = a3*basb13;
      indasb14 = a4*basb14;
      totalasb1 = indasb11 + indasb12 + indasb13 +
          indasb14 + cpasb1;

      indasb21 = a1*basb21;
      indasb22 = a2*basb22;
      indasb23 = a3*basb23;
      indasb24 = a4*basb24;
      totalasb2 = indasb21 + indasb22 + indasb23 +
          indasb24 + cpasb2;

      indasb31 = a1*basb31;
      indasb32 = a2*basb32;
      indasb33 = a3*basb33;
      indasb34 = a4*basb34;
      totalasb3 = indasb31 + indasb32 + indasb33 +
          indasb34 + cpasb3;

      indsub11 = a1*bsub11;
      indsub12 = a2*bsub12;
      indsub13 = a3*bsub13;
      indsub14 = a4*bsub14;
      totalsub1 = indsub11 + indsub12 + indsub13 +
          indsub14 + cpsub1;

      indsub21 = a1*bsub21;
      indsub22 = a2*bsub22;
      indsub23 = a3*bsub23;
      indsub24 = a4*bsub24;
      totalsub2 = indsub21 + indsub22 + indsub23 +
          indsub24 + cpsub2;


      OUTPUT:
      CINTERVAL(BOOTSTRAP)
      ;

      SAVEDATA:
      FILE is afr_id.dat;
      FORMAT is free;



*** WARNING in VARIABLE command
  Note that only the first 8 characters of variable names are used in the output.
  Shorten variable names to avoid any confusion.
*** WARNING
  Data set contains cases with missing on x-variables.
  These cases were not included in the analysis.
  Number of cases with missing on x-variables:  2
   2 WARNING(S) FOUND IN THE INPUT INSTRUCTIONS




SUMMARY OF ANALYSIS

Number of groups                                                 1
Number of observations                                        1726

Number of dependent variables                                    6
Number of independent variables                                 20
Number of continuous latent variables                            0

Observed dependent variables

  Continuous
   PARENT      PEER        SCHOOL      NEIGHBOR

  Unordered categorical (nominal)
   ASB         SUB

Observed independent variables
   PGS         AGE         SEX         INCOME      PARED       SUB_HI_D
   SUB_LO_D    ASB_HI_D    ASB_MOD_    ASB_ADO_    PGSPAREN    PGSPEER
   PGSSCHOO    PGSNEIGH    PGSAGE      PGSSEX      PGSINC      PGSPARED
   PGSSINGP    SINGLE_P

Variables with special functions

  ID variable           AID

Estimator                                                       ML
Information matrix                                        OBSERVED
Optimization Specifications for the Quasi-Newton Algorithm for
Continuous Outcomes
  Maximum number of iterations                                 100
  Convergence criterion                                  0.100D-05
Optimization Specifications for the EM Algorithm
  Maximum number of iterations                                 500
  Convergence criteria
    Loglikelihood change                                 0.100D-02
    Relative loglikelihood change                        0.100D-05
    Derivative                                           0.100D-02
Optimization Specifications for the M step of the EM Algorithm for
Categorical Latent variables
  Number of M step iterations                                    1
  M step convergence criterion                           0.100D-02
  Basis for M step termination                           ITERATION
Optimization Specifications for the M step of the EM Algorithm for
Censored, Binary or Ordered Categorical (Ordinal), Unordered
Categorical (Nominal) and Count Outcomes
  Number of M step iterations                                    1
  M step convergence criterion                           0.100D-02
  Basis for M step termination                           ITERATION
  Maximum value for logit thresholds                            15
  Minimum value for logit thresholds                           -15
  Minimum expected cell size for chi-square              0.100D-01
Maximum number of iterations for H1                           2000
Convergence criterion for H1                             0.100D-03
Number of bootstrap draws
    Requested                                                 1500
    Completed                                                 1500
Optimization algorithm                                         EMA
Integration Specifications
  Type                                                  MONTECARLO
  Number of integration points                                2000
  Dimensions of numerical integration                           14
  Adaptive quadrature                                           ON
  Monte Carlo integration seed                                   0
Cholesky                                                       OFF

Input data file(s)
  c:\Repo\data_local\gxe_ext_trajectory.csv
Input data format  FREE


SUMMARY OF DATA

     Number of missing data patterns            21


COVARIANCE COVERAGE OF DATA

Minimum covariance coverage value   0.100


     PROPORTION OF DATA PRESENT FOR Y


           Covariance Coverage
              PARENT        PEER          SCHOOL        NEIGHBOR      PGS
              ________      ________      ________      ________      ________
 PARENT         0.981
 PEER           0.968         0.984
 SCHOOL         0.968         0.969         0.984
 NEIGHBOR       0.980         0.983         0.981         0.997
 PGS            0.981         0.984         0.984         0.997         1.000
 AGE            0.981         0.983         0.983         0.996         0.999
 SEX            0.981         0.984         0.984         0.997         1.000
 INCOME         0.707         0.701         0.701         0.711         0.713
 PARED          0.924         0.912         0.911         0.924         0.925
 PGSPAREN       0.981         0.968         0.968         0.980         0.981
 PGSPEER        0.968         0.984         0.969         0.983         0.984
 PGSSCHOO       0.968         0.969         0.984         0.981         0.984
 PGSNEIGH       0.980         0.983         0.981         0.997         0.997
 PGSAGE         0.981         0.983         0.983         0.996         0.999
 PGSSEX         0.981         0.984         0.984         0.997         1.000
 PGSINC         0.707         0.701         0.701         0.711         0.713
 PGSPARED       0.924         0.912         0.911         0.924         0.925
 PGSSINGP       0.981         0.984         0.984         0.997         1.000
 SINGLE_P       0.981         0.984         0.984         0.997         1.000
 SUB_HI_D       0.981         0.984         0.984         0.997         1.000
 SUB_LO_D       0.981         0.984         0.984         0.997         1.000
 ASB_HI_D       0.981         0.984         0.984         0.997         1.000
 ASB_MOD_       0.981         0.984         0.984         0.997         1.000
 ASB_ADO_       0.981         0.984         0.984         0.997         1.000


           Covariance Coverage
              AGE           SEX           INCOME        PARED         PGSPAREN
              ________      ________      ________      ________      ________
 AGE            0.999
 SEX            0.999         1.000
 INCOME         0.712         0.713         0.713
 PARED          0.924         0.925         0.671         0.925
 PGSPAREN       0.981         0.981         0.707         0.924         0.981
 PGSPEER        0.983         0.984         0.701         0.912         0.968
 PGSSCHOO       0.983         0.984         0.701         0.911         0.968
 PGSNEIGH       0.996         0.997         0.711         0.924         0.980
 PGSAGE         0.999         0.999         0.712         0.924         0.981
 PGSSEX         0.999         1.000         0.713         0.925         0.981
 PGSINC         0.712         0.713         0.713         0.671         0.707
 PGSPARED       0.924         0.925         0.671         0.925         0.924
 PGSSINGP       0.999         1.000         0.713         0.925         0.981
 SINGLE_P       0.999         1.000         0.713         0.925         0.981
 SUB_HI_D       0.999         1.000         0.713         0.925         0.981
 SUB_LO_D       0.999         1.000         0.713         0.925         0.981
 ASB_HI_D       0.999         1.000         0.713         0.925         0.981
 ASB_MOD_       0.999         1.000         0.713         0.925         0.981
 ASB_ADO_       0.999         1.000         0.713         0.925         0.981


           Covariance Coverage
              PGSPEER       PGSSCHOO      PGSNEIGH      PGSAGE        PGSSEX
              ________      ________      ________      ________      ________
 PGSPEER        0.984
 PGSSCHOO       0.969         0.984
 PGSNEIGH       0.983         0.981         0.997
 PGSAGE         0.983         0.983         0.996         0.999
 PGSSEX         0.984         0.984         0.997         0.999         1.000
 PGSINC         0.701         0.701         0.711         0.712         0.713
 PGSPARED       0.912         0.911         0.924         0.924         0.925
 PGSSINGP       0.984         0.984         0.997         0.999         1.000
 SINGLE_P       0.984         0.984         0.997         0.999         1.000
 SUB_HI_D       0.984         0.984         0.997         0.999         1.000
 SUB_LO_D       0.984         0.984         0.997         0.999         1.000
 ASB_HI_D       0.984         0.984         0.997         0.999         1.000
 ASB_MOD_       0.984         0.984         0.997         0.999         1.000
 ASB_ADO_       0.984         0.984         0.997         0.999         1.000


           Covariance Coverage
              PGSINC        PGSPARED      PGSSINGP      SINGLE_P      SUB_HI_D
              ________      ________      ________      ________      ________
 PGSINC         0.713
 PGSPARED       0.671         0.925
 PGSSINGP       0.713         0.925         1.000
 SINGLE_P       0.713         0.925         1.000         1.000
 SUB_HI_D       0.713         0.925         1.000         1.000         1.000
 SUB_LO_D       0.713         0.925         1.000         1.000         1.000
 ASB_HI_D       0.713         0.925         1.000         1.000         1.000
 ASB_MOD_       0.713         0.925         1.000         1.000         1.000
 ASB_ADO_       0.713         0.925         1.000         1.000         1.000


           Covariance Coverage
              SUB_LO_D      ASB_HI_D      ASB_MOD_      ASB_ADO_
              ________      ________      ________      ________
 SUB_LO_D       1.000
 ASB_HI_D       1.000         1.000
 ASB_MOD_       1.000         1.000         1.000
 ASB_ADO_       1.000         1.000         1.000         1.000


UNIVARIATE PROPORTIONS AND COUNTS FOR CATEGORICAL VARIABLES

    ASB
      Category 1    0.015           26.000
      Category 2    0.154          265.000
      Category 3    0.057           99.000
      Category 4    0.774         1336.000
    SUB
      Category 1    0.271          467.000
      Category 2    0.328          566.000
      Category 3    0.402          693.000



THE MODEL ESTIMATION TERMINATED NORMALLY



MODEL FIT INFORMATION

Number of Free Parameters                      285

Loglikelihood

          H0 Value                      -43439.302

Information Criteria

          Akaike (AIC)                   87448.603
          Bayesian (BIC)                 89002.869
          Sample-Size Adjusted BIC       88097.453
            (n* = (n + 2) / 24)



MODEL RESULTS

                                                    Two-Tailed
                    Estimate       S.E.  Est./S.E.    P-Value

 PARENT     ON
    AGE               -0.098      0.013     -7.563      0.000
    SEX               -0.211      0.047     -4.478      0.000
    INCOME            -0.023      0.040     -0.588      0.557
    PARED              0.033      0.025      1.341      0.180
    SINGLE_PAR         0.004      0.054      0.069      0.945
    PGS               -0.058      0.024     -2.364      0.018

 PEER       ON
    AGE                0.097      0.013      7.261      0.000
    SEX               -0.192      0.049     -3.959      0.000
    INCOME            -0.050      0.038     -1.318      0.188
    PARED             -0.081      0.023     -3.460      0.001
    SINGLE_PAR         0.110      0.053      2.078      0.038
    PGS                0.075      0.025      3.043      0.002

 SCHOOL     ON
    AGE               -0.045      0.014     -3.237      0.001
    SEX               -0.143      0.048     -2.970      0.003
    INCOME            -0.092      0.038     -2.397      0.017
    PARED              0.012      0.024      0.511      0.609
    SINGLE_PAR        -0.123      0.054     -2.288      0.022
    PGS               -0.034      0.024     -1.418      0.156

 NEIGHBOR   ON
    AGE               -0.080      0.013     -6.022      0.000
    SEX               -0.279      0.046     -6.059      0.000
    INCOME            -0.015      0.035     -0.423      0.672
    PARED             -0.001      0.024     -0.034      0.973
    SINGLE_PAR        -0.216      0.054     -3.982      0.000
    PGS                0.008      0.024      0.317      0.751

 ASB#1      ON
    PGSPARENT          0.423      0.251      1.682      0.093
    PGSPEER            0.161      0.184      0.875      0.381
    PGSSCHOOL         -0.215      0.226     -0.951      0.342
    PGSNEIGHBO        -0.067      0.293     -0.228      0.819
    PGSAGE            -0.098      0.148     -0.662      0.508
    PGSSEX            -0.278      0.532     -0.523      0.601
    PGSINC             0.273      0.295      0.923      0.356
    PGSPARED          -0.212      0.189     -1.120      0.263
    PGSSINGPAR         0.482      0.580      0.832      0.405
    SUB_HI_DUM         1.305      0.979      1.333      0.183
    SUB_LO_DUM        -9.471      1.126     -8.408      0.000
    AGE               -0.269      0.164     -1.643      0.100
    SEX               -1.497      0.810     -1.849      0.065
    INCOME            -0.509      0.357     -1.426      0.154
    PARED              0.399      0.274      1.456      0.145
    SINGLE_PAR        -0.373      0.648     -0.576      0.565
    PGS                0.185      0.358      0.516      0.606
    PARENT            -0.335      0.328     -1.024      0.306
    PEER               0.842      0.234      3.593      0.000
    SCHOOL            -0.172      0.267     -0.643      0.520
    NEIGHBOR          -0.244      0.355     -0.686      0.493

 ASB#2      ON
    PGSPARENT          0.014      0.087      0.157      0.875
    PGSPEER            0.121      0.084      1.436      0.151
    PGSSCHOOL          0.036      0.088      0.404      0.686
    PGSNEIGHBO         0.049      0.090      0.539      0.590
    PGSAGE            -0.069      0.048     -1.424      0.154
    PGSSEX             0.205      0.172      1.191      0.234
    PGSINC             0.068      0.137      0.499      0.618
    PGSPARED          -0.042      0.083     -0.507      0.612
    PGSSINGPAR         0.109      0.179      0.607      0.544
    SUB_HI_DUM         0.652      0.173      3.777      0.000
    SUB_LO_DUM        -1.017      0.239     -4.252      0.000
    AGE               -0.029      0.044     -0.658      0.511
    SEX               -1.111      0.154     -7.197      0.000
    INCOME             0.063      0.129      0.488      0.626
    PARED             -0.060      0.083     -0.721      0.471
    SINGLE_PAR         0.226      0.168      1.344      0.179
    PGS                0.122      0.088      1.395      0.163
    PARENT            -0.052      0.086     -0.608      0.543
    PEER               0.296      0.083      3.560      0.000
    SCHOOL            -0.162      0.082     -1.983      0.047
    NEIGHBOR           0.052      0.084      0.619      0.536

 ASB#3      ON
    PGSPARENT          0.287      0.121      2.382      0.017
    PGSPEER           -0.075      0.124     -0.602      0.547
    PGSSCHOOL         -0.048      0.126     -0.377      0.706
    PGSNEIGHBO         0.085      0.132      0.647      0.518
    PGSAGE            -0.008      0.076     -0.106      0.915
    PGSSEX             0.375      0.267      1.407      0.159
    PGSINC            -0.248      0.224     -1.106      0.269
    PGSPARED          -0.052      0.121     -0.429      0.668
    PGSSINGPAR        -0.357      0.310     -1.153      0.249
    SUB_HI_DUM         0.153      0.274      0.560      0.575
    SUB_LO_DUM        -0.894      0.395     -2.261      0.024
    AGE               -0.221      0.074     -2.985      0.003
    SEX               -1.771      0.307     -5.765      0.000
    INCOME             0.568      0.223      2.546      0.011
    PARED              0.001      0.121      0.008      0.994
    SINGLE_PAR         1.094      0.332      3.299      0.001
    PGS                0.561      0.176      3.184      0.001
    PARENT            -0.213      0.133     -1.602      0.109
    PEER               0.828      0.119      6.929      0.000
    SCHOOL            -0.202      0.134     -1.513      0.130
    NEIGHBOR          -0.073      0.129     -0.569      0.569

 SUB#1      ON
    PGSPARENT          0.019      0.063      0.307      0.759
    PGSPEER           -0.010      0.065     -0.158      0.875
    PGSSCHOOL          0.009      0.068      0.128      0.898
    PGSNEIGHBO        -0.055      0.070     -0.787      0.431
    PGSAGE             0.016      0.042      0.382      0.703
    PGSSEX             0.130      0.136      0.958      0.338
    PGSINC            -0.004      0.104     -0.039      0.969
    PGSPARED           0.029      0.061      0.473      0.636
    PGSSINGPAR        -0.124      0.142     -0.871      0.384
    ASB_HI_DUM         1.299      0.886      1.466      0.143
    ASB_MOD_DU         0.651      0.172      3.779      0.000
    ASB_ADO_DU         0.182      0.264      0.689      0.491
    AGE                0.003      0.039      0.077      0.938
    SEX               -0.723      0.143     -5.075      0.000
    INCOME            -0.240      0.104     -2.302      0.021
    PARED             -0.029      0.068     -0.423      0.672
    SINGLE_PAR        -0.017      0.146     -0.113      0.910
    PGS                0.118      0.068      1.749      0.080
    PARENT             0.019      0.071      0.270      0.787
    PEER               0.299      0.067      4.467      0.000
    SCHOOL            -0.154      0.069     -2.224      0.026
    NEIGHBOR          -0.027      0.071     -0.377      0.706

 SUB#2      ON
    PGSPARENT         -0.032      0.068     -0.469      0.639
    PGSPEER           -0.081      0.083     -0.972      0.331
    PGSSCHOOL         -0.003      0.070     -0.049      0.961
    PGSNEIGHBO         0.019      0.068      0.275      0.783
    PGSAGE             0.006      0.039      0.143      0.886
    PGSSEX            -0.020      0.136     -0.148      0.882
    PGSINC            -0.138      0.101     -1.365      0.172
    PGSPARED           0.033      0.065      0.510      0.610
    PGSSINGPAR        -0.043      0.137     -0.313      0.754
    ASB_HI_DUM       -10.768      0.962    -11.191      0.000
    ASB_MOD_DU        -1.006      0.240     -4.193      0.000
    ASB_ADO_DU        -0.852      0.350     -2.434      0.015
    AGE                0.123      0.036      3.368      0.001
    SEX                0.429      0.132      3.258      0.001
    INCOME            -0.238      0.101     -2.354      0.019
    PARED              0.078      0.067      1.160      0.246
    SINGLE_PAR        -0.249      0.140     -1.780      0.075
    PGS                0.027      0.070      0.382      0.703
    PARENT             0.135      0.067      2.030      0.042
    PEER              -0.425      0.083     -5.141      0.000
    SCHOOL             0.081      0.066      1.229      0.219
    NEIGHBOR          -0.095      0.063     -1.511      0.131

 PARENT   WITH
    PEER              -0.104      0.023     -4.597      0.000
    SCHOOL             0.195      0.027      7.118      0.000
    NEIGHBOR           0.108      0.024      4.482      0.000

 PEER     WITH
    SCHOOL            -0.158      0.026     -6.093      0.000
    NEIGHBOR           0.015      0.023      0.668      0.504

 SCHOOL   WITH
    NEIGHBOR           0.189      0.023      8.116      0.000

 AGE      WITH
    PGS                0.013      0.041      0.317      0.751

 SEX      WITH
    PGS                0.028      0.012      2.392      0.017
    AGE               -0.021      0.021     -1.029      0.304

 INCOME   WITH
    PGS               -0.052      0.024     -2.171      0.030
    AGE               -0.022      0.042     -0.530      0.596
    SEX               -0.020      0.012     -1.697      0.090

 PARED    WITH
    PGS               -0.071      0.029     -2.425      0.015
    AGE               -0.112      0.049     -2.260      0.024
    SEX               -0.053      0.014     -3.734      0.000
    INCOME             0.401      0.030     13.501      0.000

 PGSPAREN WITH
    PGS                0.009      0.048      0.197      0.844
    AGE               -0.029      0.037     -0.803      0.422
    SEX               -0.010      0.012     -0.860      0.390
    INCOME            -0.017      0.021     -0.788      0.431
    PARED              0.018      0.034      0.516      0.606

 PGSPEER  WITH
    PGS                0.004      0.044      0.091      0.927
    AGE               -0.049      0.038     -1.271      0.204
    SEX                0.022      0.012      1.780      0.075
    INCOME             0.028      0.026      1.085      0.278
    PARED             -0.023      0.028     -0.808      0.419
    PGSPARENT         -0.143      0.040     -3.564      0.000

 PGSSCHOO WITH
    PGS               -0.026      0.045     -0.575      0.565
    AGE               -0.075      0.041     -1.811      0.070
    SEX                0.018      0.012      1.506      0.132
    INCOME            -0.013      0.023     -0.553      0.580
    PARED             -0.025      0.031     -0.809      0.418
    PGSPARENT          0.265      0.064      4.149      0.000
    PGSPEER           -0.172      0.045     -3.827      0.000

 PGSNEIGH WITH
    PGS                0.007      0.041      0.162      0.872
    AGE               -0.088      0.038     -2.294      0.022
    SEX                0.002      0.012      0.149      0.881
    INCOME            -0.002      0.024     -0.104      0.917
    PARED              0.006      0.029      0.191      0.849
    PGSPARENT          0.173      0.061      2.810      0.005
    PGSPEER           -0.011      0.036     -0.305      0.760
    PGSSCHOOL          0.274      0.048      5.678      0.000

 PGSAGE   WITH
    PGS               -0.056      0.068     -0.831      0.406
    AGE               -0.021      0.102     -0.205      0.837
    SEX               -0.004      0.020     -0.202      0.840
    INCOME            -0.011      0.038     -0.298      0.766
    PARED              0.033      0.051      0.659      0.510
    PGSPARENT         -0.280      0.061     -4.563      0.000
    PGSPEER            0.290      0.060      4.800      0.000
    PGSSCHOOL         -0.248      0.076     -3.284      0.001
    PGSNEIGHBO        -0.268      0.066     -4.065      0.000

 PGSSEX   WITH
    PGS                0.068      0.020      3.353      0.001
    AGE               -0.003      0.021     -0.164      0.869
    SEX               -0.002      0.006     -0.337      0.736
    INCOME            -0.003      0.012     -0.259      0.795
    PARED             -0.008      0.015     -0.538      0.591
    PGSPARENT         -0.065      0.024     -2.711      0.007
    PGSPEER           -0.033      0.022     -1.458      0.145
    PGSSCHOOL         -0.048      0.023     -2.135      0.033
    PGSNEIGHBO        -0.069      0.020     -3.443      0.001
    PGSAGE            -0.021      0.035     -0.610      0.542

 PGSINC   WITH
    PGS               -0.006      0.040     -0.145      0.885
    AGE               -0.012      0.038     -0.317      0.751
    SEX                0.000      0.012      0.039      0.969
    INCOME             0.004      0.041      0.086      0.932
    PARED             -0.070      0.033     -2.158      0.031
    PGSPARENT         -0.010      0.035     -0.280      0.780
    PGSPEER           -0.153      0.042     -3.592      0.000
    PGSSCHOOL         -0.027      0.040     -0.688      0.491
    PGSNEIGHBO         0.075      0.038      1.986      0.047
    PGSAGE            -0.044      0.061     -0.731      0.465
    PGSSEX             0.013      0.020      0.639      0.523

 PGSPARED WITH
    PGS                0.011      0.056      0.201      0.841
    AGE                0.032      0.051      0.631      0.528
    SEX               -0.004      0.015     -0.260      0.795
    INCOME            -0.063      0.032     -1.933      0.053
    PARED             -0.005      0.057     -0.091      0.927
    PGSPARENT          0.057      0.076      0.749      0.454
    PGSPEER           -0.176      0.052     -3.375      0.001
    PGSSCHOOL          0.018      0.065      0.270      0.787
    PGSNEIGHBO         0.050      0.053      0.950      0.342
    PGSAGE            -0.179      0.098     -1.829      0.067
    PGSSEX            -0.029      0.029     -1.003      0.316
    PGSINC             0.419      0.056      7.495      0.000

 PGSSINGP WITH
    PGS                0.041      0.020      1.995      0.046
    AGE                0.010      0.020      0.499      0.618
    SEX                0.000      0.006      0.012      0.990
    INCOME            -0.020      0.012     -1.610      0.107
    PARED             -0.002      0.015     -0.112      0.911
    PGSPARENT         -0.010      0.024     -0.418      0.676
    PGSPEER            0.059      0.023      2.555      0.011
    PGSSCHOOL         -0.042      0.023     -1.868      0.062
    PGSNEIGHBO        -0.046      0.020     -2.225      0.026
    PGSAGE            -0.009      0.033     -0.268      0.789
    PGSSEX             0.015      0.010      1.436      0.151
    PGSINC            -0.165      0.020     -8.159      0.000
    PGSPARED          -0.061      0.028     -2.183      0.029

 SINGLE_P WITH
    PGS                0.012      0.012      1.028      0.304
    AGE                0.016      0.021      0.799      0.424
    SEX                0.014      0.006      2.336      0.019
    INCOME            -0.172      0.012    -14.873      0.000
    PARED             -0.058      0.014     -4.091      0.000
    PGSPARENT         -0.001      0.012     -0.117      0.907
    PGSPEER            0.008      0.012      0.668      0.504
    PGSSCHOOL          0.005      0.012      0.418      0.676
    PGSNEIGHBO         0.015      0.012      1.247      0.212
    PGSAGE             0.009      0.020      0.472      0.637
    PGSSEX             0.000      0.006     -0.053      0.957
    PGSINC            -0.019      0.012     -1.552      0.121
    PGSPARED           0.002      0.016      0.109      0.913
    PGSSINGPAR        -0.001      0.006     -0.163      0.871

 Means
    PGS               -0.002      0.025     -0.086      0.932
    AGE               -0.003      0.041     -0.063      0.950
    SEX                0.054      0.012      4.581      0.000
    INCOME            -0.001      0.025     -0.049      0.961
    PARED             -0.003      0.029     -0.111      0.912
    PGSPARENT         -0.065      0.025     -2.606      0.009
    PGSPEER            0.081      0.025      3.207      0.001
    PGSSCHOOL         -0.035      0.024     -1.431      0.153
    PGSNEIGHBO        -0.003      0.025     -0.139      0.890
    PGSAGE             0.013      0.041      0.317      0.751
    PGSSEX             0.028      0.012      2.367      0.018
    PGSINC            -0.056      0.024     -2.360      0.018
    PGSPARED          -0.073      0.030     -2.471      0.013
    PGSSINGPAR         0.012      0.012      1.021      0.307
    SINGLE_PAR         0.038      0.012      3.219      0.001

 Intercepts
    PARENT             0.015      0.023      0.647      0.518
    PEER               0.007      0.024      0.275      0.784
    SCHOOL             0.008      0.024      0.311      0.756
    NEIGHBOR           0.027      0.022      1.188      0.235
    ASB#1             -5.145      1.059     -4.858      0.000
    ASB#2             -1.699      0.125    -13.591      0.000
    ASB#3             -3.173      0.244    -13.021      0.000
    SUB#1             -0.674      0.084     -8.067      0.000
    SUB#2             -0.210      0.073     -2.883      0.004

 Variances
    PGS                0.998      0.034     29.712      0.000
    AGE                2.961      0.078     37.906      0.000
    SEX                0.247      0.001    189.053      0.000
    INCOME             0.796      0.039     20.554      0.000
    PARED              1.310      0.040     33.009      0.000
    PGSPARENT          1.047      0.127      8.227      0.000
    PGSPEER            1.009      0.100     10.063      0.000
    PGSSCHOOL          1.041      0.081     12.931      0.000
    PGSNEIGHBO         0.995      0.071     14.061      0.000
    PGSAGE             2.819      0.149     18.964      0.000
    PGSSEX             0.249      0.008     29.664      0.000
    PGSINC             0.765      0.057     13.513      0.000
    PGSPARED           1.489      0.107     13.902      0.000
    PGSSINGPAR         0.249      0.008     29.830      0.000
    SINGLE_PAR         0.249      0.001    273.051      0.000

 Residual Variances
    PARENT             0.943      0.046     20.559      0.000
    PEER               0.934      0.039     23.686      0.000
    SCHOOL             0.988      0.036     27.532      0.000
    NEIGHBOR           0.952      0.034     27.781      0.000

New/Additional Parameters
    INDASB11           0.019      0.022      0.895      0.371
    INDASB12           0.063      0.029      2.173      0.030
    INDASB13           0.006      0.012      0.499      0.618
    INDASB14          -0.002      0.011     -0.170      0.865
    TOTALASB           0.271      0.364      0.744      0.457
    INDASB21           0.003      0.006      0.546      0.585
    INDASB22           0.022      0.010      2.231      0.026
    INDASB23           0.006      0.005      1.068      0.286
    INDASB24           0.000      0.003      0.153      0.879
    TOTALASB           0.153      0.087      1.761      0.078
    INDASB31           0.012      0.010      1.288      0.198
    INDASB32           0.062      0.024      2.615      0.009
    INDASB33           0.007      0.007      0.929      0.353
    INDASB34          -0.001      0.004     -0.154      0.877
    TOTALASB           0.642      0.180      3.569      0.000
    INDSUB11          -0.001      0.004     -0.254      0.799
    INDSUB12           0.022      0.009      2.433      0.015
    INDSUB13           0.005      0.005      1.136      0.256
    INDSUB14           0.000      0.002     -0.107      0.914
    TOTALSUB           0.144      0.068      2.121      0.034
    INDSUB21          -0.008      0.005     -1.500      0.134
    INDSUB22          -0.032      0.013     -2.530      0.011
    INDSUB23          -0.003      0.003     -0.816      0.415
    INDSUB24          -0.001      0.003     -0.262      0.793
    TOTALSUB          -0.016      0.071     -0.230      0.818


LOGISTIC REGRESSION ODDS RATIO RESULTS

 ASB#1      ON
    PGSPARENT          1.527
    PGSPEER            1.175
    PGSSCHOOL          0.806
    PGSNEIGHBO         0.935
    PGSAGE             0.907
    PGSSEX             0.757
    PGSINC             1.313
    PGSPARED           0.809
    PGSSINGPAR         1.620
    SUB_HI_DUM         3.686
    SUB_LO_DUM         0.000
    AGE                0.764
    SEX                0.224
    INCOME             0.601
    PARED              1.490
    SINGLE_PAR         0.688
    PGS                1.203
    PARENT             0.715
    PEER               2.321
    SCHOOL             0.842
    NEIGHBOR           0.784

 ASB#2      ON
    PGSPARENT          1.014
    PGSPEER            1.128
    PGSSCHOOL          1.036
    PGSNEIGHBO         1.050
    PGSAGE             0.933
    PGSSEX             1.227
    PGSINC             1.071
    PGSPARED           0.959
    PGSSINGPAR         1.115
    SUB_HI_DUM         1.920
    SUB_LO_DUM         0.362
    AGE                0.971
    SEX                0.329
    INCOME             1.065
    PARED              0.942
    SINGLE_PAR         1.254
    PGS                1.130
    PARENT             0.949
    PEER               1.344
    SCHOOL             0.851
    NEIGHBOR           1.053

 ASB#3      ON
    PGSPARENT          1.333
    PGSPEER            0.928
    PGSSCHOOL          0.954
    PGSNEIGHBO         1.089
    PGSAGE             0.992
    PGSSEX             1.455
    PGSINC             0.780
    PGSPARED           0.949
    PGSSINGPAR         0.700
    SUB_HI_DUM         1.166
    SUB_LO_DUM         0.409
    AGE                0.802
    SEX                0.170
    INCOME             1.764
    PARED              1.001
    SINGLE_PAR         2.985
    PGS                1.753
    PARENT             0.808
    PEER               2.288
    SCHOOL             0.817
    NEIGHBOR           0.929

 SUB#1      ON
    PGSPARENT          1.020
    PGSPEER            0.990
    PGSSCHOOL          1.009
    PGSNEIGHBO         0.946
    PGSAGE             1.016
    PGSSEX             1.139
    PGSINC             0.996
    PGSPARED           1.029
    PGSSINGPAR         0.884
    ASB_HI_DUM         3.666
    ASB_MOD_DU         1.917
    ASB_ADO_DU         1.200
    AGE                1.003
    SEX                0.485
    INCOME             0.787
    PARED              0.972
    SINGLE_PAR         0.984
    PGS                1.125
    PARENT             1.019
    PEER               1.349
    SCHOOL             0.857
    NEIGHBOR           0.974

 SUB#2      ON
    PGSPARENT          0.969
    PGSPEER            0.923
    PGSSCHOOL          0.997
    PGSNEIGHBO         1.019
    PGSAGE             1.006
    PGSSEX             0.980
    PGSINC             0.871
    PGSPARED           1.034
    PGSSINGPAR         0.958
    ASB_HI_DUM         0.000
    ASB_MOD_DU         0.366
    ASB_ADO_DU         0.427
    AGE                1.130
    SEX                1.535
    INCOME             0.788
    PARED              1.081
    SINGLE_PAR         0.779
    PGS                1.027
    PARENT             1.145
    PEER               0.654
    SCHOOL             1.084
    NEIGHBOR           0.910


CONFIDENCE INTERVALS OF MODEL RESULTS

                  Lower .5%  Lower 2.5%    Lower 5%    Estimate    Upper 5%  Upper 2.5%   Upper .5%

 PARENT   ON
    AGE             -0.132      -0.123      -0.118      -0.098      -0.076      -0.072      -0.065
    SEX             -0.331      -0.303      -0.287      -0.211      -0.134      -0.114      -0.084
    INCOME          -0.126      -0.103      -0.091      -0.023       0.042       0.054       0.080
    PARED           -0.028      -0.017      -0.010       0.033       0.073       0.081       0.096
    SINGLE_PAR      -0.127      -0.105      -0.087       0.004       0.091       0.109       0.134
    PGS             -0.121      -0.104      -0.098      -0.058      -0.018      -0.007       0.008

 PEER     ON
    AGE              0.063       0.071       0.075       0.097       0.119       0.123       0.130
    SEX             -0.320      -0.288      -0.273      -0.192      -0.115      -0.098      -0.062
    INCOME          -0.156      -0.127      -0.114      -0.050       0.010       0.019       0.045
    PARED           -0.147      -0.128      -0.121      -0.081      -0.044      -0.035      -0.024
    SINGLE_PAR      -0.038      -0.003       0.019       0.110       0.193       0.210       0.239
    PGS              0.016       0.027       0.034       0.075       0.115       0.122       0.140

 SCHOOL   ON
    AGE             -0.085      -0.074      -0.069      -0.045      -0.023      -0.019      -0.007
    SEX             -0.259      -0.233      -0.219      -0.143      -0.059      -0.044      -0.017
    INCOME          -0.193      -0.165      -0.152      -0.092      -0.027      -0.018       0.007
    PARED           -0.050      -0.036      -0.028       0.012       0.051       0.058       0.072
    SINGLE_PAR      -0.252      -0.233      -0.212      -0.123      -0.034      -0.021       0.021
    PGS             -0.095      -0.080      -0.072      -0.034       0.007       0.015       0.032

 NEIGHBOR ON
    AGE             -0.112      -0.106      -0.101      -0.080      -0.057      -0.054      -0.046
    SEX             -0.394      -0.366      -0.354      -0.279      -0.201      -0.189      -0.160
    INCOME          -0.097      -0.082      -0.072      -0.015       0.044       0.055       0.079
    PARED           -0.060      -0.046      -0.039      -0.001       0.040       0.046       0.057
    SINGLE_PAR      -0.363      -0.325      -0.309      -0.216      -0.129      -0.114      -0.084
    PGS             -0.058      -0.040      -0.034       0.008       0.046       0.054       0.068

 ASB#1    ON
    PGSPARENT       -0.355      -0.089       0.005       0.423       0.825       0.906       1.110
    PGSPEER         -0.375      -0.229      -0.154       0.161       0.446       0.499       0.652
    PGSSCHOOL       -0.795      -0.658      -0.580      -0.215       0.158       0.264       0.389
    PGSNEIGHBO      -0.866      -0.677      -0.564      -0.067       0.397       0.472       0.715
    PGSAGE          -0.478      -0.377      -0.319      -0.098       0.158       0.199       0.339
    PGSSEX          -1.879      -1.490      -1.330      -0.278       0.419       0.579       0.908
    PGSINC          -0.517      -0.373      -0.257       0.273       0.698       0.795       1.028
    PGSPARED        -0.673      -0.563      -0.515      -0.212       0.113       0.165       0.301
    PGSSINGPAR      -0.881      -0.612      -0.439       0.482       1.445       1.638       2.124
    SUB_HI_DUM      -0.232       0.235       0.435       1.305       2.708       2.967       4.066
    SUB_LO_DUM     -19.475     -18.372     -17.981      -9.471     -14.547     -14.250     -12.378
    AGE             -0.818      -0.645      -0.572      -0.269      -0.045       0.009       0.128
    SEX             -4.245      -3.335      -2.980      -1.497      -0.561      -0.371       0.054
    INCOME          -1.369      -1.167      -1.066      -0.509       0.100       0.221       0.563
    PARED           -0.362      -0.113      -0.033       0.399       0.865       0.941       1.255
    SINGLE_PAR      -2.357      -1.777      -1.512      -0.373       0.660       0.821       1.377
    PGS             -0.649      -0.490      -0.354       0.185       0.781       0.911       1.386
    PARENT          -1.085      -0.855      -0.769      -0.335       0.256       0.385       0.891
    PEER             0.313       0.501       0.572       0.842       1.313       1.466       1.623
    SCHOOL          -0.850      -0.697      -0.606      -0.172       0.264       0.351       0.571
    NEIGHBOR        -1.176      -0.891      -0.812      -0.244       0.340       0.464       0.738

 ASB#2    ON
    PGSPARENT       -0.193      -0.141      -0.116       0.014       0.165       0.192       0.261
    PGSPEER         -0.110      -0.048      -0.017       0.121       0.261       0.281       0.348
    PGSSCHOOL       -0.189      -0.131      -0.106       0.036       0.180       0.213       0.248
    PGSNEIGHBO      -0.158      -0.114      -0.087       0.049       0.210       0.239       0.297
    PGSAGE          -0.202      -0.166      -0.148      -0.069       0.007       0.025       0.058
    PGSSEX          -0.219      -0.111      -0.066       0.205       0.498       0.547       0.644
    PGSINC          -0.291      -0.222      -0.158       0.068       0.291       0.336       0.451
    PGSPARED        -0.262      -0.197      -0.171      -0.042       0.105       0.128       0.182
    PGSSINGPAR      -0.352      -0.230      -0.172       0.109       0.414       0.488       0.600
    SUB_HI_DUM       0.235       0.347       0.394       0.652       0.956       1.011       1.138
    SUB_LO_DUM      -1.704      -1.529      -1.451      -1.017      -0.659      -0.596      -0.475
    AGE             -0.137      -0.114      -0.102      -0.029       0.044       0.061       0.092
    SEX             -1.537      -1.433      -1.392      -1.111      -0.889      -0.837      -0.775
    INCOME          -0.299      -0.190      -0.144       0.063       0.276       0.318       0.403
    PARED           -0.300      -0.237      -0.210      -0.060       0.067       0.089       0.148
    SINGLE_PAR      -0.219      -0.091      -0.051       0.226       0.499       0.546       0.688
    PGS             -0.094      -0.049      -0.013       0.122       0.271       0.300       0.375
    PARENT          -0.253      -0.214      -0.190      -0.052       0.092       0.126       0.176
    PEER             0.086       0.135       0.162       0.296       0.434       0.463       0.534
    SCHOOL          -0.363      -0.320      -0.294      -0.162      -0.027       0.000       0.058
    NEIGHBOR        -0.153      -0.102      -0.077       0.052       0.200       0.226       0.287

 ASB#3    ON
    PGSPARENT       -0.041       0.067       0.098       0.287       0.499       0.524       0.589
    PGSPEER         -0.409      -0.339      -0.308      -0.075       0.105       0.141       0.208
    PGSSCHOOL       -0.390      -0.299      -0.264      -0.048       0.145       0.185       0.276
    PGSNEIGHBO      -0.266      -0.174      -0.135       0.085       0.304       0.351       0.442
    PGSAGE          -0.203      -0.166      -0.136      -0.008       0.119       0.136       0.186
    PGSSEX          -0.236      -0.096      -0.023       0.375       0.858       0.969       1.116
    PGSINC          -0.862      -0.677      -0.604      -0.248       0.149       0.207       0.366
    PGSPARED        -0.396      -0.287      -0.254      -0.052       0.146       0.195       0.252
    PGSSINGPAR      -1.130      -0.959      -0.849      -0.357       0.178       0.271       0.488
    SUB_HI_DUM      -0.585      -0.376      -0.284       0.153       0.633       0.710       0.853
    SUB_LO_DUM      -2.195      -1.780      -1.581      -0.894      -0.310      -0.209       0.037
    AGE             -0.444      -0.381      -0.353      -0.221      -0.113      -0.092      -0.047
    SEX             -2.741      -2.498      -2.371      -1.771      -1.376      -1.300      -1.102
    INCOME           0.007       0.186       0.243       0.568       0.973       1.036       1.199
    PARED           -0.345      -0.252      -0.216       0.001       0.191       0.233       0.283
    SINGLE_PAR       0.310       0.489       0.600       1.094       1.697       1.811       2.014
    PGS              0.135       0.267       0.304       0.561       0.880       0.952       1.055
    PARENT          -0.530      -0.443      -0.410      -0.213       0.019       0.063       0.155
    PEER             0.569       0.644       0.680       0.828       1.076       1.122       1.193
    SCHOOL          -0.527      -0.444      -0.401      -0.202       0.038       0.076       0.156
    NEIGHBOR        -0.388      -0.335      -0.275      -0.073       0.140       0.185       0.312

 SUB#1    ON
    PGSPARENT       -0.148      -0.096      -0.077       0.019       0.128       0.148       0.183
    PGSPEER         -0.188      -0.142      -0.120      -0.010       0.097       0.119       0.152
    PGSSCHOOL       -0.166      -0.125      -0.104       0.009       0.118       0.145       0.195
    PGSNEIGHBO      -0.248      -0.197      -0.178      -0.055       0.050       0.076       0.107
    PGSAGE          -0.098      -0.064      -0.050       0.016       0.085       0.101       0.124
    PGSSEX          -0.222      -0.131      -0.088       0.130       0.348       0.409       0.516
    PGSINC          -0.266      -0.205      -0.171      -0.004       0.170       0.210       0.263
    PGSPARED        -0.146      -0.092      -0.072       0.029       0.129       0.151       0.174
    PGSSINGPAR      -0.478      -0.402      -0.356      -0.124       0.118       0.171       0.244
    ASB_HI_DUM      -0.073       0.311       0.483       1.299       2.443       2.623       3.233
    ASB_MOD_DU       0.227       0.346       0.390       0.651       0.952       1.003       1.118
    ASB_ADO_DU      -0.456      -0.336      -0.243       0.182       0.630       0.724       0.877
    AGE             -0.100      -0.076      -0.062       0.003       0.067       0.084       0.103
    SEX             -1.097      -1.032      -0.977      -0.723      -0.510      -0.463      -0.358
    INCOME          -0.512      -0.440      -0.407      -0.240      -0.072      -0.040       0.036
    PARED           -0.220      -0.159      -0.142      -0.029       0.083       0.104       0.138
    SINGLE_PAR      -0.352      -0.290      -0.245      -0.017       0.232       0.293       0.373
    PGS             -0.055      -0.009       0.013       0.118       0.234       0.253       0.316
    PARENT          -0.175      -0.122      -0.097       0.019       0.135       0.156       0.200
    PEER             0.141       0.186       0.204       0.299       0.422       0.441       0.481
    SCHOOL          -0.330      -0.288      -0.266      -0.154      -0.035      -0.012       0.029
    NEIGHBOR        -0.202      -0.169      -0.147      -0.027       0.087       0.113       0.150

 SUB#2    ON
    PGSPARENT       -0.207      -0.163      -0.138      -0.032       0.078       0.106       0.143
    PGSPEER         -0.325      -0.243      -0.219      -0.081       0.052       0.077       0.130
    PGSSCHOOL       -0.185      -0.137      -0.115      -0.003       0.116       0.133       0.178
    PGSNEIGHBO      -0.141      -0.113      -0.093       0.019       0.128       0.156       0.194
    PGSAGE          -0.090      -0.069      -0.060       0.006       0.069       0.080       0.103
    PGSSEX          -0.372      -0.284      -0.245      -0.020       0.198       0.239       0.338
    PGSINC          -0.403      -0.344      -0.309      -0.138       0.023       0.056       0.101
    PGSPARED        -0.136      -0.091      -0.067       0.033       0.140       0.160       0.209
    PGSSINGPAR      -0.404      -0.314      -0.274      -0.043       0.177       0.212       0.310
    ASB_HI_DUM     -20.587     -19.802     -19.475     -10.768     -16.598     -16.422     -15.723
    ASB_MOD_DU      -1.670      -1.521      -1.432      -1.006      -0.636      -0.590      -0.446
    ASB_ADO_DU      -1.923      -1.614      -1.455      -0.852      -0.326      -0.226      -0.029
    AGE              0.030       0.050       0.064       0.123       0.183       0.192       0.220
    SEX              0.094       0.179       0.222       0.429       0.648       0.683       0.769
    INCOME          -0.539      -0.440      -0.402      -0.238      -0.069      -0.043      -0.003
    PARED           -0.083      -0.047      -0.028       0.078       0.190       0.210       0.271
    SINGLE_PAR      -0.621      -0.529      -0.485      -0.249      -0.021       0.013       0.077
    PGS             -0.153      -0.120      -0.089       0.027       0.137       0.158       0.208
    PARENT          -0.036       0.008       0.025       0.135       0.243       0.264       0.308
    PEER            -0.641      -0.594      -0.572      -0.425      -0.296      -0.274      -0.226
    SCHOOL          -0.089      -0.046      -0.024       0.081       0.193       0.214       0.264
    NEIGHBOR        -0.266      -0.223      -0.206      -0.095       0.002       0.018       0.060

 PARENT   WITH
    PEER            -0.162      -0.149      -0.142      -0.104      -0.067      -0.062      -0.041
    SCHOOL           0.125       0.142       0.150       0.195       0.239       0.246       0.265
    NEIGHBOR         0.050       0.061       0.067       0.108       0.147       0.153       0.170

 PEER     WITH
    SCHOOL          -0.229      -0.209      -0.200      -0.158      -0.116      -0.108      -0.095
    NEIGHBOR        -0.043      -0.029      -0.022       0.015       0.052       0.059       0.072

 SCHOOL   WITH
    NEIGHBOR         0.131       0.142       0.149       0.189       0.229       0.238       0.249

 AGE      WITH
    PGS             -0.089      -0.065      -0.051       0.013       0.079       0.096       0.132

 SEX      WITH
    PGS             -0.005       0.005       0.008       0.028       0.047       0.051       0.056
    AGE             -0.077      -0.060      -0.055      -0.021       0.013       0.018       0.029

 INCOME   WITH
    PGS             -0.114      -0.099      -0.091      -0.052      -0.013      -0.005       0.009
    AGE             -0.122      -0.101      -0.088      -0.022       0.052       0.064       0.090
    SEX             -0.049      -0.045      -0.041      -0.020      -0.001       0.003       0.008

 PARED    WITH
    PGS             -0.148      -0.126      -0.120      -0.071      -0.023      -0.016       0.005
    AGE             -0.228      -0.206      -0.195      -0.112      -0.031      -0.015       0.015
    SEX             -0.090      -0.082      -0.077      -0.053      -0.030      -0.025      -0.015
    INCOME           0.322       0.340       0.349       0.401       0.448       0.458       0.474

 PGSPAREN WITH
    PGS             -0.119      -0.085      -0.073       0.009       0.089       0.100       0.125
    AGE             -0.117      -0.098      -0.090      -0.029       0.032       0.044       0.066
    SEX             -0.042      -0.034      -0.030      -0.010       0.008       0.012       0.017
    INCOME          -0.075      -0.059      -0.054      -0.017       0.015       0.025       0.040
    PARED           -0.062      -0.047      -0.039       0.018       0.074       0.085       0.099

 PGSPEER  WITH
    PGS             -0.108      -0.082      -0.067       0.004       0.080       0.094       0.121
    AGE             -0.149      -0.130      -0.112      -0.049       0.012       0.025       0.052
    SEX             -0.008      -0.001       0.002       0.022       0.042       0.047       0.055
    INCOME          -0.041      -0.022      -0.014       0.028       0.074       0.082       0.096
    PARED           -0.094      -0.076      -0.069      -0.023       0.024       0.036       0.052
    PGSPARENT       -0.254      -0.218      -0.210      -0.143      -0.079      -0.065      -0.034

 PGSSCHOO WITH
    PGS             -0.141      -0.117      -0.103      -0.026       0.047       0.061       0.083
    AGE             -0.180      -0.159      -0.146      -0.075      -0.007       0.006       0.027
    SEX             -0.013      -0.004      -0.001       0.018       0.038       0.042       0.050
    INCOME          -0.074      -0.057      -0.051      -0.013       0.024       0.032       0.042
    PARED           -0.103      -0.087      -0.076      -0.025       0.027       0.036       0.061
    PGSPARENT        0.118       0.149       0.164       0.265       0.375       0.399       0.445
    PGSPEER         -0.296      -0.266      -0.253      -0.172      -0.103      -0.093      -0.076

 PGSNEIGH WITH
    PGS             -0.104      -0.073      -0.059       0.007       0.075       0.087       0.112
    AGE             -0.183      -0.164      -0.152      -0.088      -0.027      -0.013       0.013
    SEX             -0.030      -0.022      -0.018       0.002       0.022       0.026       0.032
    INCOME          -0.063      -0.048      -0.040      -0.002       0.037       0.045       0.058
    PARED           -0.074      -0.054      -0.042       0.006       0.054       0.062       0.075
    PGSPARENT        0.043       0.065       0.079       0.173       0.284       0.307       0.347
    PGSPEER         -0.105      -0.084      -0.074      -0.011       0.048       0.060       0.080
    PGSSCHOOL        0.170       0.185       0.197       0.274       0.358       0.372       0.422

 PGSAGE   WITH
    PGS             -0.234      -0.185      -0.167      -0.056       0.055       0.080       0.134
    AGE             -0.293      -0.226      -0.181      -0.021       0.144       0.182       0.241
    SEX             -0.060      -0.044      -0.038      -0.004       0.029       0.035       0.045
    INCOME          -0.108      -0.084      -0.075      -0.011       0.050       0.065       0.092
    PARED           -0.098      -0.063      -0.048       0.033       0.117       0.131       0.155
    PGSPARENT       -0.437      -0.400      -0.380      -0.280      -0.177      -0.156      -0.122
    PGSPEER          0.132       0.173       0.191       0.290       0.392       0.419       0.446
    PGSSCHOOL       -0.468      -0.412      -0.385      -0.248      -0.131      -0.114      -0.085
    PGSNEIGHBO      -0.448      -0.392      -0.375      -0.268      -0.161      -0.137      -0.099

 PGSSEX   WITH
    PGS              0.015       0.027       0.035       0.068       0.102       0.108       0.117
    AGE             -0.060      -0.044      -0.038      -0.003       0.029       0.036       0.048
    SEX             -0.018      -0.014      -0.012      -0.002       0.008       0.010       0.013
    INCOME          -0.037      -0.028      -0.024      -0.003       0.017       0.021       0.030
    PARED           -0.046      -0.038      -0.034      -0.008       0.018       0.022       0.032
    PGSPARENT       -0.126      -0.113      -0.104      -0.065      -0.026      -0.020      -0.004
    PGSPEER         -0.088      -0.076      -0.069      -0.033       0.003       0.011       0.027
    PGSSCHOOL       -0.106      -0.090      -0.085      -0.048      -0.010      -0.003       0.009
    PGSNEIGHBO      -0.124      -0.109      -0.102      -0.069      -0.036      -0.030      -0.016
    PGSAGE          -0.116      -0.089      -0.078      -0.021       0.036       0.049       0.065

 PGSINC   WITH
    PGS             -0.112      -0.083      -0.072      -0.006       0.064       0.076       0.106
    AGE             -0.107      -0.086      -0.077      -0.012       0.050       0.063       0.087
    SEX             -0.029      -0.022      -0.019       0.000       0.021       0.025       0.036
    INCOME          -0.098      -0.074      -0.062       0.004       0.072       0.088       0.118
    PARED           -0.152      -0.132      -0.123      -0.070      -0.015      -0.004       0.013
    PGSPARENT       -0.103      -0.071      -0.062      -0.010       0.050       0.060       0.086
    PGSPEER         -0.262      -0.234      -0.219      -0.153      -0.079      -0.066      -0.043
    PGSSCHOOL       -0.134      -0.104      -0.092      -0.027       0.039       0.050       0.071
    PGSNEIGHBO      -0.017       0.004       0.016       0.075       0.138       0.148       0.175
    PGSAGE          -0.191      -0.158      -0.141      -0.044       0.059       0.078       0.107
    PGSSEX          -0.040      -0.027      -0.021       0.013       0.044       0.051       0.066

 PGSPARED WITH
    PGS             -0.131      -0.104      -0.082       0.011       0.103       0.120       0.158
    AGE             -0.109      -0.064      -0.050       0.032       0.118       0.132       0.159
    SEX             -0.042      -0.034      -0.029      -0.004       0.021       0.026       0.034
    INCOME          -0.142      -0.124      -0.115      -0.063      -0.006       0.002       0.018
    PARED           -0.139      -0.115      -0.094      -0.005       0.092       0.116       0.153
    PGSPARENT       -0.125      -0.083      -0.067       0.057       0.182       0.213       0.260
    PGSPEER         -0.308      -0.279      -0.265      -0.176      -0.089      -0.074      -0.044
    PGSSCHOOL       -0.144      -0.112      -0.094       0.018       0.125       0.144       0.202
    PGSNEIGHBO      -0.084      -0.053      -0.037       0.050       0.136       0.155       0.193
    PGSAGE          -0.413      -0.368      -0.334      -0.179      -0.012       0.023       0.080
    PGSSEX          -0.102      -0.083      -0.075      -0.029       0.019       0.028       0.046
    PGSINC           0.276       0.305       0.328       0.419       0.509       0.530       0.566

 PGSSINGP WITH
    PGS             -0.014      -0.001       0.006       0.041       0.072       0.078       0.091
    AGE             -0.039      -0.026      -0.022       0.010       0.044       0.050       0.064
    SEX             -0.016      -0.012      -0.010       0.000       0.010       0.012       0.016
    INCOME          -0.053      -0.045      -0.040      -0.020       0.001       0.004       0.010
    PARED           -0.040      -0.031      -0.027      -0.002       0.025       0.029       0.035
    PGSPARENT       -0.070      -0.058      -0.050      -0.010       0.029       0.037       0.052
    PGSPEER          0.001       0.014       0.021       0.059       0.095       0.105       0.122
    PGSSCHOOL       -0.105      -0.088      -0.080      -0.042      -0.005       0.002       0.015
    PGSNEIGHBO      -0.096      -0.086      -0.079      -0.046      -0.011      -0.006       0.007
    PGSAGE          -0.105      -0.075      -0.064      -0.009       0.045       0.052       0.073
    PGSSEX          -0.013      -0.006      -0.002       0.015       0.032       0.035       0.041
    PGSINC          -0.222      -0.205      -0.198      -0.165      -0.132      -0.125      -0.113
    PGSPARED        -0.134      -0.116      -0.106      -0.061      -0.015      -0.005       0.012

 SINGLE_P WITH
    PGS             -0.017      -0.011      -0.007       0.012       0.033       0.036       0.043
    AGE             -0.039      -0.025      -0.020       0.016       0.048       0.055       0.070
    SEX             -0.001       0.002       0.005       0.014       0.024       0.026       0.029
    INCOME          -0.202      -0.194      -0.192      -0.172      -0.153      -0.150      -0.143
    PARED           -0.096      -0.085      -0.080      -0.058      -0.034      -0.028      -0.019
    PGSPARENT       -0.033      -0.026      -0.022      -0.001       0.019       0.023       0.032
    PGSPEER         -0.025      -0.016      -0.012       0.008       0.029       0.034       0.041
    PGSSCHOOL       -0.027      -0.020      -0.016       0.005       0.025       0.029       0.035
    PGSNEIGHBO      -0.016      -0.010      -0.005       0.015       0.033       0.036       0.044
    PGSAGE          -0.041      -0.028      -0.022       0.009       0.043       0.051       0.064
    PGSSEX          -0.016      -0.012      -0.010       0.000       0.010       0.012       0.016
    PGSINC          -0.051      -0.044      -0.038      -0.019       0.001       0.006       0.012
    PGSPARED        -0.039      -0.028      -0.024       0.002       0.027       0.032       0.040
    PGSSINGPAR      -0.017      -0.013      -0.011      -0.001       0.010       0.011       0.015

 Means
    PGS             -0.066      -0.049      -0.041      -0.002       0.041       0.047       0.061
    AGE             -0.115      -0.080      -0.069      -0.003       0.065       0.086       0.112
    SEX              0.025       0.031       0.035       0.054       0.074       0.077       0.087
    INCOME          -0.064      -0.051      -0.042      -0.001       0.041       0.048       0.060
    PARED           -0.076      -0.060      -0.050      -0.003       0.044       0.052       0.071
    PGSPARENT       -0.133      -0.114      -0.106      -0.065      -0.023      -0.014       0.001
    PGSPEER          0.018       0.031       0.040       0.081       0.122       0.130       0.147
    PGSSCHOOL       -0.097      -0.082      -0.074      -0.035       0.006       0.013       0.031
    PGSNEIGHBO      -0.075      -0.053      -0.046      -0.003       0.035       0.043       0.058
    PGSAGE          -0.089      -0.065      -0.051       0.013       0.079       0.096       0.132
    PGSSEX          -0.004       0.004       0.008       0.028       0.047       0.051       0.056
    PGSINC          -0.117      -0.103      -0.096      -0.056      -0.016      -0.009       0.006
    PGSPARED        -0.146      -0.127      -0.121      -0.073      -0.024      -0.015       0.006
    PGSSINGPAR      -0.016      -0.011      -0.008       0.012       0.033       0.036       0.043
    SINGLE_PAR       0.008       0.014       0.017       0.038       0.057       0.060       0.070

 Intercepts
    PARENT          -0.047      -0.032      -0.024       0.015       0.053       0.059       0.074
    PEER            -0.055      -0.038      -0.031       0.007       0.046       0.056       0.069
    SCHOOL          -0.060      -0.039      -0.031       0.008       0.048       0.054       0.069
    NEIGHBOR        -0.028      -0.017      -0.011       0.027       0.065       0.072       0.084
    ASB#1           -9.392      -7.873      -7.244      -5.145      -4.856      -4.712      -4.530
    ASB#2           -2.081      -1.994      -1.946      -1.699      -1.537      -1.500      -1.438
    ASB#3           -4.111      -3.863      -3.766      -3.173      -2.956      -2.881      -2.798
    SUB#1           -0.908      -0.848      -0.821      -0.674      -0.551      -0.526      -0.484
    SUB#2           -0.411      -0.355      -0.336      -0.210      -0.094      -0.078      -0.029

 Variances
    PGS              0.908       0.931       0.941       0.998       1.051       1.061       1.083
    AGE              2.759       2.802       2.829       2.961       3.088       3.110       3.154
    SEX              0.242       0.244       0.245       0.247       0.249       0.249       0.249
    INCOME           0.693       0.721       0.735       0.796       0.861       0.875       0.905
    PARED            1.203       1.230       1.242       1.310       1.372       1.384       1.408
    PGSPARENT        0.773       0.815       0.847       1.047       1.269       1.307       1.388
    PGSPEER          0.807       0.838       0.855       1.009       1.179       1.231       1.314
    PGSSCHOOL        0.850       0.889       0.910       1.041       1.177       1.202       1.269
    PGSNEIGHBO       0.820       0.862       0.880       0.995       1.113       1.145       1.180
    PGSAGE           2.447       2.518       2.571       2.819       3.055       3.096       3.212
    PGSSEX           0.227       0.232       0.234       0.249       0.262       0.265       0.270
    PGSINC           0.628       0.657       0.673       0.765       0.858       0.883       0.934
    PGSPARED         1.214       1.281       1.311       1.489       1.663       1.704       1.771
    PGSSINGPAR       0.227       0.233       0.235       0.249       0.263       0.265       0.271
    SINGLE_PAR       0.245       0.246       0.247       0.249       0.250       0.250       0.250

 Residual Variances
    PARENT           0.823       0.849       0.862       0.943       1.015       1.029       1.062
    PEER             0.838       0.854       0.866       0.934       0.995       1.007       1.028
    SCHOOL           0.894       0.914       0.923       0.988       1.043       1.057       1.076
    NEIGHBOR         0.855       0.880       0.892       0.952       1.005       1.014       1.036

New/Additional Parameters
    INDASB11        -0.069      -0.026      -0.015       0.019       0.051       0.063       0.081
    INDASB12         0.009       0.021       0.026       0.063       0.123       0.136       0.155
    INDASB13        -0.025      -0.014      -0.010       0.006       0.028       0.036       0.046
    INDASB14        -0.043      -0.027      -0.019      -0.002       0.016       0.020       0.031
    TOTALASB        -0.561      -0.395      -0.269       0.271       0.901       1.015       1.442
    INDASB21        -0.014      -0.008      -0.005       0.003       0.012       0.015       0.019
    INDASB22         0.003       0.006       0.008       0.022       0.041       0.044       0.051
    INDASB23        -0.006      -0.003      -0.001       0.006       0.015       0.018       0.023
    INDASB24        -0.008      -0.004      -0.003       0.000       0.005       0.007       0.011
    TOTALASB        -0.070      -0.009       0.017       0.153       0.305       0.331       0.408
    INDASB31        -0.011      -0.004      -0.001       0.012       0.028       0.033       0.043
    INDASB32         0.013       0.022       0.029       0.062       0.107       0.113       0.131
    INDASB33        -0.007      -0.004      -0.002       0.007       0.021       0.025       0.033
    INDASB34        -0.013      -0.008      -0.007      -0.001       0.005       0.008       0.012
    TOTALASB         0.194       0.335       0.385       0.642       0.971       1.047       1.138
    INDSUB11        -0.014      -0.010      -0.008      -0.001       0.006       0.008       0.014
    INDSUB12         0.004       0.008       0.009       0.022       0.039       0.043       0.048
    INDSUB13        -0.006      -0.002      -0.001       0.005       0.013       0.016       0.020
    INDSUB14        -0.008      -0.005      -0.003       0.000       0.003       0.004       0.006
    TOTALSUB        -0.029       0.020       0.039       0.144       0.261       0.281       0.343
    INDSUB21        -0.025      -0.019      -0.017      -0.008      -0.001       0.000       0.002
    INDSUB22        -0.072      -0.058      -0.054      -0.032      -0.013      -0.011      -0.005
    INDSUB23        -0.015      -0.011      -0.009      -0.003       0.001       0.002       0.005
    INDSUB24        -0.009      -0.007      -0.006      -0.001       0.004       0.005       0.007
    TOTALSUB        -0.201      -0.156      -0.136      -0.016       0.094       0.121       0.166


SAVEDATA INFORMATION


  Save file
    afr_id.dat

  Order of variables

    ASB
    SUB
    PARENT
    PEER
    SCHOOL
    NEIGHBOR
    PGS
    AGE
    SEX
    INCOME
    PARED
    PGSPAREN
    PGSPEER
    PGSSCHOO
    PGSNEIGH
    PGSAGE
    PGSSEX
    PGSINC
    PGSPARED
    PGSSINGP
    SINGLE_P
    SUB_HI_D
    SUB_LO_D
    ASB_HI_D
    ASB_MOD_
    ASB_ADO_
    AID

  Save file format           Free

  Save file record length    10000


DIAGRAM INFORMATION

  Use View Diagram under the Diagram menu in the Mplus Editor to view the diagram.
  If running Mplus from the Mplus Diagrammer, the diagram opens automatically.

  Diagram output
    c:\repo\2024_ge_interplay_ext_trajectory\analysis\rnr_afr.dgm

     Beginning Time:  09:11:46
        Ending Time:  13:19:11
       Elapsed Time:  04:07:25



MUTHEN & MUTHEN
3463 Stoner Ave.
Los Angeles, CA  90066

Tel: (310) 391-9971
Fax: (310) 391-8971
Web: www.StatModel.com
Support: Support@StatModel.com

Copyright (c) 1998-2015 Muthen & Muthen
