Mplus VERSION 7.4
MUTHEN & MUTHEN
05/21/2025   6:56 PM

INPUT INSTRUCTIONS

  Data:
    File is "c:\Repo\data_local\gxe_ext_trajectory.csv";
  Variable:
   Names are
      AID white african native asian other hispanic FAMID pgs
      ANCESTRY parent single_par peer school neighbor age sex asb sub
      income pared sub_hi_dum sub_lo_dum asb_hi_dum
      asb_mod_dum asb_ado_dum pgsparent pgspeer pgsschool
      pgsneighbor pgsage pgssex pgsinc pgspared pgssingpar
      pgsafrican pgsnative pgsasian pgsother pgshispanic;

   usevariables are
    sub asb
    pgs parent peer school neighbor age sex
    income pared
    sub_hi_dum sub_lo_dum
    asb_hi_dum asb_mod_dum asb_ado_dum
    pgsparent pgspeer pgsschool pgsneighbor
    pgsage pgssex pgsinc pgspared pgssingpar
    single_par
    ;

    NOMINAL ARE
     asb sub;

    USEOBSERVATIONS ARE
      ancestry == 3 AND hispanic == 1;

    IDVARIABLE IS AID;

    Missing are .;

  Analysis:
      process = 5;
      estimator = ML;
      Algorithm = INTEGRATION;
      INTEGRATION = MONTECARLO (2000);
      !LINK = PROBIT;
      bootstrap=1500;

  Define:


  MODEL:

      parent peer school neighbor ON age sex income pared
      single_par;

      parent ON pgs(a1);
      peer ON pgs(a2);
      school ON pgs(a3);
      neighbor ON pgs(a4);


      asb ON pgsparent pgspeer
      pgsschool pgsneighbor
      pgsage pgssex pgsinc pgspared pgssingpar
      sub_hi_dum sub_lo_dum age sex
      income pared
      single_par;

      asb#1 ON pgs(cpasb1);
      asb#1 ON parent(basb11);
      asb#1 ON peer(basb12);
      asb#1 ON school(basb13);
      asb#1 ON neighbor(basb14);

      asb#2 ON pgs(cpasb2);
      asb#2 ON parent(basb21);
      asb#2 ON peer(basb22);
      asb#2 ON school(basb23);
      asb#2 ON neighbor(basb24);

      asb#3 ON pgs(cpasb3);
      asb#3 ON parent(basb31);
      asb#3 ON peer(basb32);
      asb#3 ON school(basb33);
      asb#3 ON neighbor(basb34);


      sub ON pgsparent pgspeer pgsschool pgsneighbor
      pgsage pgssex pgsinc pgspared pgssingpar
      asb_hi_dum asb_mod_dum asb_ado_dum age sex
      income pared
      single_par;

      sub#1 ON pgs(cpsub1);
      sub#1 ON parent(bsub11);
      sub#1 ON peer(bsub12);
      sub#1 ON school(bsub13);
      sub#1 ON neighbor(bsub14);

      sub#2 ON pgs(cpsub2);
      sub#2 ON parent(bsub21);
      sub#2 ON peer(bsub22);
      sub#2 ON school(bsub23);
      sub#2 ON neighbor(bsub24);


      parent WITH peer school neighbor;

      peer WITH parent school neighbor;

      school WITH parent peer neighbor;

      neighbor WITH parent peer school;

      [pgs parent peer school neighbor
      age sex income pared single_par
      pgsparent pgspeer
      pgsschool pgsneighbor
      pgsage pgssex pgsinc pgspared pgssingpar];

  MODEL CONSTRAINT:
      NEW (indasb11 indasb12 indasb13 indasb14 totalasb1
      indasb21 indasb22 indasb23 indasb24 totalasb2
      indasb31 indasb32 indasb33 indasb34 totalasb3
      indsub11 indsub12 indsub13 indsub14 totalsub1
      indsub21 indsub22 indsub23 indsub24 totalsub2);

      indasb11 = a1*basb11;
      indasb12 = a2*basb12;
      indasb13 = a3*basb13;
      indasb14 = a4*basb14;
      totalasb1 = indasb11 + indasb12 + indasb13 +
          indasb14 + cpasb1;

      indasb21 = a1*basb21;
      indasb22 = a2*basb22;
      indasb23 = a3*basb23;
      indasb24 = a4*basb24;
      totalasb2 = indasb21 + indasb22 + indasb23 +
          indasb24 + cpasb2;

      indasb31 = a1*basb31;
      indasb32 = a2*basb32;
      indasb33 = a3*basb33;
      indasb34 = a4*basb34;
      totalasb3 = indasb31 + indasb32 + indasb33 +
          indasb34 + cpasb3;

      indsub11 = a1*bsub11;
      indsub12 = a2*bsub12;
      indsub13 = a3*bsub13;
      indsub14 = a4*bsub14;
      totalsub1 = indsub11 + indsub12 + indsub13 +
          indsub14 + cpsub1;

      indsub21 = a1*bsub21;
      indsub22 = a2*bsub22;
      indsub23 = a3*bsub23;
      indsub24 = a4*bsub24;
      totalsub2 = indsub21 + indsub22 + indsub23 +
          indsub24 + cpsub2;


      OUTPUT:
      CINTERVAL(BOOTSTRAP)
      ;

      SAVEDATA:
      FILE is his_id.dat;
      FORMAT is free;



*** WARNING in VARIABLE command
  Note that only the first 8 characters of variable names are used in the output.
  Shorten variable names to avoid any confusion.
   1 WARNING(S) FOUND IN THE INPUT INSTRUCTIONS




SUMMARY OF ANALYSIS

Number of groups                                                 1
Number of observations                                         773

Number of dependent variables                                    6
Number of independent variables                                 20
Number of continuous latent variables                            0

Observed dependent variables

  Continuous
   PARENT      PEER        SCHOOL      NEIGHBOR

  Unordered categorical (nominal)
   ASB         SUB

Observed independent variables
   PGS         AGE         SEX         INCOME      PARED       SUB_HI_D
   SUB_LO_D    ASB_HI_D    ASB_MOD_    ASB_ADO_    PGSPAREN    PGSPEER
   PGSSCHOO    PGSNEIGH    PGSAGE      PGSSEX      PGSINC      PGSPARED
   PGSSINGP    SINGLE_P

Variables with special functions

  ID variable           AID

Estimator                                                       ML
Information matrix                                        OBSERVED
Optimization Specifications for the Quasi-Newton Algorithm for
Continuous Outcomes
  Maximum number of iterations                                 100
  Convergence criterion                                  0.100D-05
Optimization Specifications for the EM Algorithm
  Maximum number of iterations                                 500
  Convergence criteria
    Loglikelihood change                                 0.100D-02
    Relative loglikelihood change                        0.100D-05
    Derivative                                           0.100D-02
Optimization Specifications for the M step of the EM Algorithm for
Categorical Latent variables
  Number of M step iterations                                    1
  M step convergence criterion                           0.100D-02
  Basis for M step termination                           ITERATION
Optimization Specifications for the M step of the EM Algorithm for
Censored, Binary or Ordered Categorical (Ordinal), Unordered
Categorical (Nominal) and Count Outcomes
  Number of M step iterations                                    1
  M step convergence criterion                           0.100D-02
  Basis for M step termination                           ITERATION
  Maximum value for logit thresholds                            15
  Minimum value for logit thresholds                           -15
  Minimum expected cell size for chi-square              0.100D-01
Maximum number of iterations for H1                           2000
Convergence criterion for H1                             0.100D-03
Number of bootstrap draws
    Requested                                                 1500
    Completed                                                 1500
Optimization algorithm                                         EMA
Integration Specifications
  Type                                                  MONTECARLO
  Number of integration points                                2000
  Dimensions of numerical integration                           12
  Adaptive quadrature                                           ON
  Monte Carlo integration seed                                   0
Cholesky                                                       OFF

Input data file(s)
  c:\Repo\data_local\gxe_ext_trajectory.csv
Input data format  FREE


SUMMARY OF DATA

     Number of missing data patterns            18


COVARIANCE COVERAGE OF DATA

Minimum covariance coverage value   0.100


     PROPORTION OF DATA PRESENT FOR Y


           Covariance Coverage
              PARENT        PEER          SCHOOL        NEIGHBOR      PGS
              ________      ________      ________      ________      ________
 PARENT         0.978
 PEER           0.968         0.986
 SCHOOL         0.960         0.964         0.977
 NEIGHBOR       0.977         0.984         0.975         0.997
 PGS            0.978         0.986         0.977         0.997         1.000
 AGE            0.978         0.986         0.977         0.997         1.000
 SEX            0.978         0.986         0.977         0.997         1.000
 INCOME         0.715         0.718         0.712         0.724         0.726
 PARED          0.921         0.913         0.904         0.921         0.922
 PGSPAREN       0.978         0.968         0.960         0.977         0.978
 PGSPEER        0.968         0.986         0.964         0.984         0.986
 PGSSCHOO       0.960         0.964         0.977         0.975         0.977
 PGSNEIGH       0.977         0.984         0.975         0.997         0.997
 PGSAGE         0.978         0.986         0.977         0.997         1.000
 PGSSEX         0.978         0.986         0.977         0.997         1.000
 PGSINC         0.715         0.718         0.712         0.724         0.726
 PGSPARED       0.921         0.913         0.904         0.921         0.922
 PGSSINGP       0.978         0.986         0.977         0.997         1.000
 SINGLE_P       0.978         0.986         0.977         0.997         1.000
 SUB_HI_D       0.978         0.986         0.977         0.997         1.000
 SUB_LO_D       0.978         0.986         0.977         0.997         1.000
 ASB_HI_D       0.978         0.986         0.977         0.997         1.000
 ASB_MOD_       0.978         0.986         0.977         0.997         1.000
 ASB_ADO_       0.978         0.986         0.977         0.997         1.000


           Covariance Coverage
              AGE           SEX           INCOME        PARED         PGSPAREN
              ________      ________      ________      ________      ________
 AGE            1.000
 SEX            1.000         1.000
 INCOME         0.726         0.726         0.726
 PARED          0.922         0.922         0.673         0.922
 PGSPAREN       0.978         0.978         0.715         0.921         0.978
 PGSPEER        0.986         0.986         0.718         0.913         0.968
 PGSSCHOO       0.977         0.977         0.712         0.904         0.960
 PGSNEIGH       0.997         0.997         0.724         0.921         0.977
 PGSAGE         1.000         1.000         0.726         0.922         0.978
 PGSSEX         1.000         1.000         0.726         0.922         0.978
 PGSINC         0.726         0.726         0.726         0.673         0.715
 PGSPARED       0.922         0.922         0.673         0.922         0.921
 PGSSINGP       1.000         1.000         0.726         0.922         0.978
 SINGLE_P       1.000         1.000         0.726         0.922         0.978
 SUB_HI_D       1.000         1.000         0.726         0.922         0.978
 SUB_LO_D       1.000         1.000         0.726         0.922         0.978
 ASB_HI_D       1.000         1.000         0.726         0.922         0.978
 ASB_MOD_       1.000         1.000         0.726         0.922         0.978
 ASB_ADO_       1.000         1.000         0.726         0.922         0.978


           Covariance Coverage
              PGSPEER       PGSSCHOO      PGSNEIGH      PGSAGE        PGSSEX
              ________      ________      ________      ________      ________
 PGSPEER        0.986
 PGSSCHOO       0.964         0.977
 PGSNEIGH       0.984         0.975         0.997
 PGSAGE         0.986         0.977         0.997         1.000
 PGSSEX         0.986         0.977         0.997         1.000         1.000
 PGSINC         0.718         0.712         0.724         0.726         0.726
 PGSPARED       0.913         0.904         0.921         0.922         0.922
 PGSSINGP       0.986         0.977         0.997         1.000         1.000
 SINGLE_P       0.986         0.977         0.997         1.000         1.000
 SUB_HI_D       0.986         0.977         0.997         1.000         1.000
 SUB_LO_D       0.986         0.977         0.997         1.000         1.000
 ASB_HI_D       0.986         0.977         0.997         1.000         1.000
 ASB_MOD_       0.986         0.977         0.997         1.000         1.000
 ASB_ADO_       0.986         0.977         0.997         1.000         1.000


           Covariance Coverage
              PGSINC        PGSPARED      PGSSINGP      SINGLE_P      SUB_HI_D
              ________      ________      ________      ________      ________
 PGSINC         0.726
 PGSPARED       0.673         0.922
 PGSSINGP       0.726         0.922         1.000
 SINGLE_P       0.726         0.922         1.000         1.000
 SUB_HI_D       0.726         0.922         1.000         1.000         1.000
 SUB_LO_D       0.726         0.922         1.000         1.000         1.000
 ASB_HI_D       0.726         0.922         1.000         1.000         1.000
 ASB_MOD_       0.726         0.922         1.000         1.000         1.000
 ASB_ADO_       0.726         0.922         1.000         1.000         1.000


           Covariance Coverage
              SUB_LO_D      ASB_HI_D      ASB_MOD_      ASB_ADO_
              ________      ________      ________      ________
 SUB_LO_D       1.000
 ASB_HI_D       1.000         1.000
 ASB_MOD_       1.000         1.000         1.000
 ASB_ADO_       1.000         1.000         1.000         1.000


UNIVARIATE PROPORTIONS AND COUNTS FOR CATEGORICAL VARIABLES

    ASB
      Category 1    0.019           15.000
      Category 2    0.132          102.000
      Category 3    0.080           62.000
      Category 4    0.768          594.000
    SUB
      Category 1    0.269          208.000
      Category 2    0.257          199.000
      Category 3    0.473          366.000



THE MODEL ESTIMATION TERMINATED NORMALLY



MODEL FIT INFORMATION

Number of Free Parameters                      285

Loglikelihood

          H0 Value                      -18840.135

Information Criteria

          Akaike (AIC)                   38250.270
          Bayesian (BIC)                 39575.599
          Sample-Size Adjusted BIC       38670.590
            (n* = (n + 2) / 24)



MODEL RESULTS

                                                    Two-Tailed
                    Estimate       S.E.  Est./S.E.    P-Value

 PARENT     ON
    AGE               -0.104      0.022     -4.798      0.000
    SEX               -0.394      0.069     -5.713      0.000
    INCOME             0.026      0.061      0.420      0.674
    PARED              0.012      0.034      0.359      0.720
    SINGLE_PAR        -0.201      0.091     -2.201      0.028
    PGS               -0.032      0.037     -0.852      0.394

 PEER       ON
    AGE                0.096      0.021      4.654      0.000
    SEX               -0.225      0.071     -3.150      0.002
    INCOME             0.090      0.060      1.514      0.130
    PARED              0.070      0.034      2.072      0.038
    SINGLE_PAR         0.168      0.084      1.993      0.046
    PGS                0.058      0.036      1.610      0.107

 SCHOOL     ON
    AGE               -0.049      0.022     -2.230      0.026
    SEX               -0.018      0.072     -0.246      0.806
    INCOME            -0.051      0.066     -0.768      0.442
    PARED             -0.011      0.034     -0.332      0.740
    SINGLE_PAR        -0.275      0.088     -3.112      0.002
    PGS                0.021      0.035      0.608      0.543

 NEIGHBOR   ON
    AGE               -0.073      0.022     -3.273      0.001
    SEX               -0.145      0.071     -2.036      0.042
    INCOME             0.104      0.074      1.403      0.161
    PARED              0.050      0.036      1.368      0.171
    SINGLE_PAR         0.003      0.084      0.039      0.969
    PGS               -0.067      0.036     -1.871      0.061

 ASB#1      ON
    PGSPARENT         -0.574    458.418     -0.001      0.999
    PGSPEER            0.199    406.650      0.000      1.000
    PGSSCHOOL          0.163    550.038      0.000      1.000
    PGSNEIGHBO         0.810    749.131      0.001      0.999
    PGSAGE            -0.315    237.973     -0.001      0.999
    PGSSEX            -0.589    872.951     -0.001      0.999
    PGSINC            -0.085    785.535      0.000      1.000
    PGSPARED           0.101    533.312      0.000      1.000
    PGSSINGPAR         0.576    978.623      0.001      1.000
    SUB_HI_DUM         0.360   1200.690      0.000      1.000
    SUB_LO_DUM       -11.682   3246.766     -0.004      0.997
    AGE               -0.735    745.606     -0.001      0.999
    SEX               -5.101   3873.174     -0.001      0.999
    INCOME             0.594   1248.725      0.000      1.000
    PARED              0.044    536.083      0.000      1.000
    SINGLE_PAR         0.505   1199.570      0.000      1.000
    PGS               -0.519    744.172     -0.001      0.999
    PARENT            -1.105   1165.325     -0.001      0.999
    PEER               1.435    951.063      0.002      0.999
    SCHOOL            -0.411    366.516     -0.001      0.999
    NEIGHBOR           0.966    762.160      0.001      0.999

 ASB#2      ON
    PGSPARENT          0.019      0.151      0.127      0.899
    PGSPEER           -0.172      0.145     -1.186      0.236
    PGSSCHOOL         -0.100      0.165     -0.603      0.547
    PGSNEIGHBO        -0.057      0.156     -0.365      0.715
    PGSAGE             0.166      0.087      1.903      0.057
    PGSSEX             0.312      0.284      1.097      0.273
    PGSINC            -0.046      0.216     -0.213      0.832
    PGSPARED          -0.041      0.128     -0.321      0.748
    PGSSINGPAR        -0.043      0.328     -0.131      0.896
    SUB_HI_DUM         1.164      0.290      4.013      0.000
    SUB_LO_DUM        -0.726      0.424     -1.713      0.087
    AGE               -0.080      0.090     -0.891      0.373
    SEX               -1.187      0.297     -3.997      0.000
    INCOME            -0.399      0.215     -1.860      0.063
    PARED              0.188      0.127      1.480      0.139
    SINGLE_PAR        -0.192      0.319     -0.602      0.547
    PGS                0.235      0.161      1.460      0.144
    PARENT             0.138      0.145      0.955      0.340
    PEER               0.158      0.137      1.151      0.250
    SCHOOL            -0.089      0.138     -0.641      0.521
    NEIGHBOR           0.087      0.136      0.636      0.525

 ASB#3      ON
    PGSPARENT         -0.069      0.207     -0.334      0.738
    PGSPEER            0.105      0.188      0.559      0.576
    PGSSCHOOL         -0.074      0.243     -0.304      0.761
    PGSNEIGHBO        -0.004      0.200     -0.021      0.983
    PGSAGE            -0.086      0.105     -0.824      0.410
    PGSSEX             0.244      0.361      0.676      0.499
    PGSINC            -0.092      0.283     -0.326      0.744
    PGSPARED          -0.150      0.179     -0.839      0.401
    PGSSINGPAR         0.001      0.453      0.001      0.999
    SUB_HI_DUM         0.166      0.369      0.450      0.653
    SUB_LO_DUM        -1.556      3.157     -0.493      0.622
    AGE               -0.322      0.108     -2.985      0.003
    SEX               -1.174      0.403     -2.914      0.004
    INCOME            -0.099      0.288     -0.344      0.731
    PARED              0.078      0.154      0.508      0.611
    SINGLE_PAR         0.430      0.387      1.109      0.267
    PGS                0.096      0.246      0.391      0.696
    PARENT            -0.189      0.195     -0.968      0.333
    PEER               0.939      0.187      5.016      0.000
    SCHOOL            -0.167      0.181     -0.923      0.356
    NEIGHBOR          -0.213      0.187     -1.143      0.253

 SUB#1      ON
    PGSPARENT         -0.121      0.132     -0.911      0.363
    PGSPEER           -0.031      0.119     -0.260      0.795
    PGSSCHOOL          0.137      0.135      1.012      0.311
    PGSNEIGHBO        -0.133      0.119     -1.111      0.267
    PGSAGE             0.064      0.076      0.840      0.401
    PGSSEX             0.107      0.228      0.471      0.638
    PGSINC             0.035      0.205      0.168      0.867
    PGSPARED           0.011      0.109      0.103      0.918
    PGSSINGPAR        -0.325      0.261     -1.246      0.213
    ASB_HI_DUM         0.799      3.008      0.266      0.791
    ASB_MOD_DU         1.150      0.282      4.075      0.000
    ASB_ADO_DU         0.158      0.345      0.457      0.648
    AGE               -0.100      0.064     -1.559      0.119
    SEX               -0.351      0.230     -1.526      0.127
    INCOME             0.332      0.203      1.633      0.102
    PARED             -0.052      0.091     -0.568      0.570
    SINGLE_PAR         0.296      0.237      1.249      0.212
    PGS                0.179      0.131      1.363      0.173
    PARENT            -0.161      0.126     -1.281      0.200
    PEER               0.506      0.109      4.626      0.000
    SCHOOL            -0.208      0.120     -1.733      0.083
    NEIGHBOR           0.164      0.111      1.478      0.139

 SUB#2      ON
    PGSPARENT         -0.185      0.127     -1.463      0.143
    PGSPEER            0.163      0.160      1.018      0.309
    PGSSCHOOL          0.066      0.146      0.452      0.651
    PGSNEIGHBO        -0.160      0.111     -1.438      0.150
    PGSAGE             0.043      0.074      0.577      0.564
    PGSSEX            -0.193      0.229     -0.840      0.401
    PGSINC            -0.100      0.189     -0.529      0.597
    PGSPARED          -0.063      0.117     -0.542      0.588
    PGSSINGPAR        -0.298      0.265     -1.124      0.261
    ASB_HI_DUM        -9.466      2.429     -3.898      0.000
    ASB_MOD_DU        -0.767      0.436     -1.761      0.078
    ASB_ADO_DU        -1.233      3.146     -0.392      0.695
    AGE                0.236      0.071      3.336      0.001
    SEX                0.395      0.217      1.815      0.070
    INCOME            -0.336      0.176     -1.911      0.056
    PARED             -0.175      0.099     -1.777      0.075
    SINGLE_PAR         0.039      0.255      0.155      0.877
    PGS               -0.099      0.145     -0.685      0.493
    PARENT             0.169      0.122      1.390      0.165
    PEER              -0.654      0.167     -3.921      0.000
    SCHOOL            -0.051      0.122     -0.418      0.676
    NEIGHBOR          -0.044      0.105     -0.417      0.677

 PARENT   WITH
    PEER              -0.101      0.034     -2.948      0.003
    SCHOOL             0.333      0.042      7.926      0.000
    NEIGHBOR           0.199      0.039      5.131      0.000

 PEER     WITH
    SCHOOL            -0.258      0.040     -6.438      0.000
    NEIGHBOR          -0.013      0.035     -0.363      0.717

 SCHOOL   WITH
    NEIGHBOR           0.229      0.040      5.687      0.000

 AGE      WITH
    PGS               -0.046      0.057     -0.801      0.423

 SEX      WITH
    PGS                0.029      0.017      1.678      0.093
    AGE               -0.026      0.030     -0.872      0.383

 INCOME   WITH
    PGS                0.060      0.034      1.745      0.081
    AGE               -0.037      0.053     -0.700      0.484
    SEX                0.002      0.016      0.153      0.879

 PARED    WITH
    PGS                0.110      0.047      2.317      0.021
    AGE               -0.331      0.083     -3.992      0.000
    SEX               -0.033      0.024     -1.400      0.162
    INCOME             0.403      0.043      9.419      0.000

 PGSPAREN WITH
    PGS                0.000      0.074      0.000      1.000
    AGE               -0.062      0.058     -1.073      0.283
    SEX               -0.032      0.019     -1.678      0.093
    INCOME             0.017      0.031      0.558      0.577
    PARED              0.002      0.056      0.032      0.975

 PGSPEER  WITH
    PGS                0.009      0.062      0.147      0.883
    AGE                0.045      0.059      0.775      0.438
    SEX               -0.003      0.018     -0.168      0.867
    INCOME             0.005      0.034      0.135      0.893
    PARED             -0.051      0.056     -0.914      0.361
    PGSPARENT         -0.166      0.075     -2.213      0.027

 PGSSCHOO WITH
    PGS               -0.039      0.065     -0.598      0.550
    AGE                0.089      0.055      1.611      0.107
    SEX               -0.029      0.018     -1.661      0.097
    INCOME            -0.023      0.033     -0.692      0.489
    PARED              0.019      0.055      0.337      0.736
    PGSPARENT          0.444      0.105      4.214      0.000
    PGSPEER           -0.338      0.087     -3.873      0.000

 PGSNEIGH WITH
    PGS                0.033      0.054      0.605      0.545
    AGE                0.070      0.060      1.157      0.247
    SEX               -0.011      0.017     -0.636      0.525
    INCOME             0.061      0.034      1.797      0.072
    PARED              0.053      0.047      1.131      0.258
    PGSPARENT          0.211      0.068      3.099      0.002
    PGSPEER           -0.055      0.066     -0.828      0.407
    PGSSCHOOL          0.169      0.065      2.594      0.009

 PGSAGE   WITH
    PGS                0.008      0.097      0.081      0.936
    AGE                0.122      0.151      0.809      0.418
    SEX               -0.009      0.031     -0.283      0.777
    INCOME            -0.002      0.052     -0.043      0.966
    PARED              0.018      0.076      0.237      0.813
    PGSPARENT         -0.444      0.102     -4.348      0.000
    PGSPEER            0.381      0.105      3.620      0.000
    PGSSCHOOL         -0.172      0.088     -1.944      0.052
    PGSNEIGHBO        -0.149      0.093     -1.601      0.109

 PGSSEX   WITH
    PGS                0.018      0.031      0.578      0.563
    AGE               -0.010      0.031     -0.319      0.749
    SEX               -0.003      0.009     -0.284      0.776
    INCOME             0.006      0.016      0.372      0.710
    PARED              0.012      0.024      0.511      0.609
    PGSPARENT         -0.100      0.037     -2.718      0.007
    PGSPEER           -0.062      0.032     -1.946      0.052
    PGSSCHOOL         -0.011      0.033     -0.349      0.727
    PGSNEIGHBO        -0.010      0.027     -0.354      0.724
    PGSAGE            -0.013      0.050     -0.259      0.796

 PGSINC   WITH
    PGS               -0.144      0.054     -2.658      0.008
    AGE               -0.004      0.050     -0.086      0.931
    SEX                0.003      0.016      0.213      0.831
    INCOME            -0.082      0.065     -1.254      0.210
    PARED             -0.028      0.049     -0.578      0.564
    PGSPARENT          0.057      0.055      1.044      0.296
    PGSPEER            0.032      0.052      0.610      0.542
    PGSSCHOOL          0.049      0.056      0.877      0.380
    PGSNEIGHBO         0.056      0.045      1.258      0.208
    PGSAGE            -0.113      0.077     -1.465      0.143
    PGSSEX            -0.011      0.025     -0.452      0.651

 PGSPARED WITH
    PGS               -0.183      0.077     -2.365      0.018
    AGE                0.020      0.073      0.275      0.783
    SEX                0.008      0.023      0.373      0.709
    INCOME            -0.020      0.048     -0.423      0.672
    PARED             -0.147      0.091     -1.615      0.106
    PGSPARENT          0.127      0.093      1.365      0.172
    PGSPEER            0.188      0.091      2.061      0.039
    PGSSCHOOL         -0.130      0.083     -1.566      0.117
    PGSNEIGHBO         0.096      0.069      1.381      0.167
    PGSAGE            -0.404      0.119     -3.394      0.001
    PGSSEX            -0.015      0.037     -0.416      0.677
    PGSINC             0.370      0.076      4.840      0.000

 PGSSINGP WITH
    PGS               -0.221      0.028     -7.826      0.000
    AGE                0.044      0.030      1.500      0.134
    SEX                0.002      0.009      0.192      0.848
    INCOME            -0.012      0.017     -0.721      0.471
    PARED             -0.029      0.024     -1.235      0.217
    PGSPARENT         -0.064      0.037     -1.720      0.085
    PGSPEER            0.034      0.032      1.038      0.299
    PGSSCHOOL         -0.094      0.034     -2.800      0.005
    PGSNEIGHBO        -0.047      0.026     -1.795      0.073
    PGSAGE            -0.064      0.050     -1.273      0.203
    PGSSEX             0.001      0.016      0.056      0.955
    PGSINC            -0.042      0.027     -1.536      0.125
    PGSPARED           0.095      0.038      2.538      0.011

 SINGLE_P WITH
    PGS                0.006      0.016      0.387      0.698
    AGE               -0.048      0.028     -1.707      0.088
    SEX               -0.009      0.008     -1.090      0.276
    INCOME            -0.078      0.016     -4.780      0.000
    PARED              0.037      0.021      1.704      0.088
    PGSPARENT          0.004      0.020      0.212      0.832
    PGSPEER           -0.045      0.018     -2.549      0.011
    PGSSCHOOL          0.008      0.018      0.466      0.641
    PGSNEIGHBO        -0.008      0.015     -0.530      0.596
    PGSAGE             0.035      0.026      1.352      0.176
    PGSSEX             0.008      0.008      0.995      0.320
    PGSINC             0.000      0.015     -0.033      0.973
    PGSPARED          -0.008      0.020     -0.390      0.697
    PGSSINGPAR        -0.001      0.008     -0.134      0.893

 Means
    PGS               -0.012      0.036     -0.332      0.740
    AGE                0.060      0.060      1.005      0.315
    SEX               -0.015      0.018     -0.816      0.414
    INCOME            -0.090      0.033     -2.741      0.006
    PARED             -0.149      0.048     -3.098      0.002
    PGSPARENT         -0.037      0.038     -0.972      0.331
    PGSPEER            0.058      0.037      1.583      0.113
    PGSSCHOOL          0.017      0.035      0.500      0.617
    PGSNEIGHBO        -0.054      0.034     -1.608      0.108
    PGSAGE            -0.047      0.057     -0.814      0.416
    PGSSEX             0.029      0.017      1.688      0.091
    PGSINC             0.062      0.034      1.807      0.071
    PGSPARED           0.107      0.045      2.369      0.018
    PGSSINGPAR         0.009      0.018      0.493      0.622
    SINGLE_PAR        -0.215      0.016    -13.450      0.000

 Intercepts
    PARENT            -0.023      0.043     -0.544      0.586
    PEER               0.028      0.043      0.639      0.523
    SCHOOL            -0.054      0.042     -1.269      0.204
    NEIGHBOR          -0.016      0.040     -0.388      0.698
    ASB#1             -7.107   5666.934     -0.001      0.999
    ASB#2             -2.290      0.234     -9.785      0.000
    ASB#3             -2.595      0.293     -8.869      0.000
    SUB#1             -0.952      0.140     -6.824      0.000
    SUB#2             -0.903      0.155     -5.824      0.000

 Variances
    PGS                0.978      0.051     19.210      0.000
    AGE                2.753      0.119     23.132      0.000
    SEX                0.250      0.001    330.255      0.000
    INCOME             0.624      0.059     10.655      0.000
    PARED              1.654      0.078     21.157      0.000
    PGSPARENT          1.055      0.150      7.041      0.000
    PGSPEER            1.029      0.124      8.326      0.000
    PGSSCHOOL          0.934      0.115      8.124      0.000
    PGSNEIGHBO         0.904      0.077     11.686      0.000
    PGSAGE             2.638      0.238     11.085      0.000
    PGSSEX             0.244      0.013     19.284      0.000
    PGSINC             0.617      0.099      6.209      0.000
    PGSPARED           1.526      0.126     12.102      0.000
    PGSSINGPAR         0.244      0.013     19.267      0.000
    SINGLE_PAR         0.204      0.007     29.468      0.000

 Residual Variances
    PARENT             0.897      0.066     13.574      0.000
    PEER               0.941      0.056     16.888      0.000
    SCHOOL             0.971      0.054     18.117      0.000
    NEIGHBOR           0.984      0.048     20.557      0.000

New/Additional Parameters
    INDASB11           0.035     51.691      0.001      0.999
    INDASB12           0.084     69.571      0.001      0.999
    INDASB13          -0.009     13.287     -0.001      0.999
    INDASB14          -0.065     56.082     -0.001      0.999
    TOTALASB          -0.474    731.540     -0.001      0.999
    INDASB21          -0.004      0.009     -0.464      0.642
    INDASB22           0.009      0.012      0.796      0.426
    INDASB23          -0.002      0.006     -0.294      0.769
    INDASB24          -0.006      0.011     -0.526      0.599
    TOTALASB           0.232      0.161      1.438      0.150
    INDASB31           0.006      0.012      0.504      0.614
    INDASB32           0.055      0.039      1.395      0.163
    INDASB33          -0.004      0.010     -0.350      0.726
    INDASB34           0.014      0.017      0.858      0.391
    TOTALASB           0.168      0.253      0.664      0.506
    INDSUB11           0.005      0.009      0.555      0.579
    INDSUB12           0.030      0.021      1.439      0.150
    INDSUB13          -0.004      0.009     -0.477      0.634
    INDSUB14          -0.011      0.011     -1.043      0.297
    TOTALSUB           0.198      0.133      1.491      0.136
    INDSUB21          -0.005      0.009     -0.618      0.537
    INDSUB22          -0.038      0.027     -1.402      0.161
    INDSUB23          -0.001      0.005     -0.216      0.829
    INDSUB24           0.003      0.008      0.349      0.727
    TOTALSUB          -0.141      0.147     -0.957      0.339


LOGISTIC REGRESSION ODDS RATIO RESULTS

 ASB#1      ON
    PGSPARENT          0.564
    PGSPEER            1.220
    PGSSCHOOL          1.178
    PGSNEIGHBO         2.249
    PGSAGE             0.730
    PGSSEX             0.555
    PGSINC             0.918
    PGSPARED           1.107
    PGSSINGPAR         1.779
    SUB_HI_DUM         1.433
    SUB_LO_DUM         0.000
    AGE                0.480
    SEX                0.006
    INCOME             1.812
    PARED              1.045
    SINGLE_PAR         1.656
    PGS                0.595
    PARENT             0.331
    PEER               4.202
    SCHOOL             0.663
    NEIGHBOR           2.628

 ASB#2      ON
    PGSPARENT          1.019
    PGSPEER            0.842
    PGSSCHOOL          0.905
    PGSNEIGHBO         0.945
    PGSAGE             1.181
    PGSSEX             1.366
    PGSINC             0.955
    PGSPARED           0.960
    PGSSINGPAR         0.958
    SUB_HI_DUM         3.203
    SUB_LO_DUM         0.484
    AGE                0.923
    SEX                0.305
    INCOME             0.671
    PARED              1.207
    SINGLE_PAR         0.826
    PGS                1.265
    PARENT             1.149
    PEER               1.171
    SCHOOL             0.915
    NEIGHBOR           1.090

 ASB#3      ON
    PGSPARENT          0.933
    PGSPEER            1.111
    PGSSCHOOL          0.929
    PGSNEIGHBO         0.996
    PGSAGE             0.917
    PGSSEX             1.277
    PGSINC             0.912
    PGSPARED           0.861
    PGSSINGPAR         1.001
    SUB_HI_DUM         1.181
    SUB_LO_DUM         0.211
    AGE                0.725
    SEX                0.309
    INCOME             0.906
    PARED              1.081
    SINGLE_PAR         1.537
    PGS                1.101
    PARENT             0.828
    PEER               2.559
    SCHOOL             0.846
    NEIGHBOR           0.808

 SUB#1      ON
    PGSPARENT          0.886
    PGSPEER            0.970
    PGSSCHOOL          1.146
    PGSNEIGHBO         0.876
    PGSAGE             1.066
    PGSSEX             1.113
    PGSINC             1.035
    PGSPARED           1.011
    PGSSINGPAR         0.723
    ASB_HI_DUM         2.223
    ASB_MOD_DU         3.158
    ASB_ADO_DU         1.171
    AGE                0.905
    SEX                0.704
    INCOME             1.394
    PARED              0.949
    SINGLE_PAR         1.345
    PGS                1.196
    PARENT             0.851
    PEER               1.659
    SCHOOL             0.812
    NEIGHBOR           1.178

 SUB#2      ON
    PGSPARENT          0.831
    PGSPEER            1.177
    PGSSCHOOL          1.068
    PGSNEIGHBO         0.852
    PGSAGE             1.044
    PGSSEX             0.825
    PGSINC             0.905
    PGSPARED           0.939
    PGSSINGPAR         0.743
    ASB_HI_DUM         0.000
    ASB_MOD_DU         0.464
    ASB_ADO_DU         0.291
    AGE                1.266
    SEX                1.484
    INCOME             0.715
    PARED              0.839
    SINGLE_PAR         1.040
    PGS                0.906
    PARENT             1.184
    PEER               0.520
    SCHOOL             0.950
    NEIGHBOR           0.957


CONFIDENCE INTERVALS OF MODEL RESULTS

                  Lower .5%  Lower 2.5%    Lower 5%    Estimate    Upper 5%  Upper 2.5%   Upper .5%

 PARENT   ON
    AGE             -0.157      -0.146      -0.141      -0.104      -0.069      -0.063      -0.051
    SEX             -0.570      -0.529      -0.508      -0.394      -0.281      -0.260      -0.200
    INCOME          -0.133      -0.096      -0.073       0.026       0.126       0.151       0.179
    PARED           -0.075      -0.053      -0.040       0.012       0.068       0.083       0.108
    SINGLE_PAR      -0.449      -0.388      -0.357      -0.201      -0.052      -0.018       0.026
    PGS             -0.130      -0.106      -0.096      -0.032       0.028       0.039       0.057

 PEER     ON
    AGE              0.042       0.055       0.060       0.096       0.129       0.136       0.147
    SEX             -0.417      -0.362      -0.340      -0.225      -0.108      -0.087      -0.042
    INCOME          -0.053      -0.027      -0.009       0.090       0.189       0.209       0.248
    PARED           -0.022       0.004       0.015       0.070       0.126       0.136       0.153
    SINGLE_PAR      -0.044       0.003       0.026       0.168       0.307       0.332       0.373
    PGS             -0.029      -0.011       0.001       0.058       0.118       0.133       0.147

 SCHOOL   ON
    AGE             -0.105      -0.092      -0.086      -0.049      -0.014      -0.007       0.007
    SEX             -0.203      -0.164      -0.145      -0.018       0.094       0.115       0.156
    INCOME          -0.220      -0.181      -0.159      -0.051       0.060       0.083       0.138
    PARED           -0.106      -0.078      -0.066      -0.011       0.046       0.056       0.078
    SINGLE_PAR      -0.499      -0.448      -0.418      -0.275      -0.130      -0.095      -0.034
    PGS             -0.074      -0.047      -0.036       0.021       0.077       0.093       0.110

 NEIGHBOR ON
    AGE             -0.129      -0.116      -0.110      -0.073      -0.036      -0.029      -0.016
    SEX             -0.318      -0.279      -0.264      -0.145      -0.024      -0.005       0.047
    INCOME          -0.097      -0.038      -0.020       0.104       0.223       0.247       0.308
    PARED           -0.052      -0.019      -0.009       0.050       0.111       0.123       0.150
    SINGLE_PAR      -0.205      -0.163      -0.139       0.003       0.141       0.169       0.205
    PGS             -0.161      -0.139      -0.129      -0.067      -0.011       0.000       0.017

 ASB#1    ON
    PGSPARENT    -3102.261   -1020.725    -319.185      -0.574       1.226     110.549     802.924
    PGSPEER      -1765.492    -187.411      -5.873       0.199     178.028     773.093    2329.569
    PGSSCHOOL    -2700.796    -483.385     -97.385       0.163     165.511     711.290    2686.480
    PGSNEIGHBO    -326.136      -0.356      -0.052       0.810     972.097    2336.335    4648.583
    PGSAGE       -1440.408    -467.386    -119.846      -0.315      17.211      95.449    1068.842
    PGSSEX       -6740.652   -2042.379    -643.779      -0.589       3.761     299.873    2961.159
    PGSINC       -5908.178   -2445.195    -793.830      -0.085       1.624      88.146    1644.728
    PGSPARED     -1295.796     -77.374      -1.201       0.101     754.453    1628.962    3545.799
    PGSSINGPAR   -3457.850    -165.012      -3.280       0.576     821.417    2228.257    6343.486
    SUB_HI_DUM   -2891.067    -273.770     -19.084       0.360     924.253    2597.620    8303.761
    SUB_LO_DUM   *********  -13604.573   -7370.714     -11.682     -17.648     -16.545     -14.188
    AGE          -4921.423   -2635.455   -1403.330      -0.735      -0.395      -0.259       0.322
    SEX          *********  -13971.651   -8126.525      -5.101      -4.061      -3.820      -3.190
    INCOME        -119.374      -0.561      -0.031       0.594    2150.496    4307.561    8108.852
    PARED        -3048.787   -1315.044    -202.705       0.044      38.003     313.447    2305.065
    SINGLE_PAR   -5910.804    -642.153    -139.516       0.505     464.546    1473.299    4248.272
    PGS          -4655.186   -1888.264    -434.025      -0.519       3.131     667.107    2207.006
    PARENT       -6885.293   -4156.540   -2135.928      -1.105      -0.551      -0.211       1.828
    PEER             0.761       0.991       1.136       1.435    1719.595    3073.668    5881.979
    SCHOOL       -1729.957    -425.989     -82.052      -0.411      53.863     389.178    1860.508
    NEIGHBOR      -336.223      -0.455      -0.028       0.966    1018.010    2292.341    4769.200

 ASB#2    ON
    PGSPARENT       -0.392      -0.276      -0.230       0.019       0.270       0.312       0.394
    PGSPEER         -0.572      -0.481      -0.429      -0.172       0.048       0.088       0.157
    PGSSCHOOL       -0.538      -0.437      -0.375      -0.100       0.158       0.220       0.301
    PGSNEIGHBO      -0.461      -0.326      -0.289      -0.057       0.215       0.274       0.398
    PGSAGE          -0.049       0.003       0.030       0.166       0.319       0.349       0.404
    PGSSEX          -0.388      -0.239      -0.133       0.312       0.794       0.895       1.138
    PGSINC          -0.684      -0.493      -0.406      -0.046       0.299       0.362       0.489
    PGSPARED        -0.338      -0.291      -0.245      -0.041       0.180       0.227       0.300
    PGSSINGPAR      -0.898      -0.701      -0.592      -0.043       0.518       0.587       0.768
    SUB_HI_DUM       0.524       0.681       0.746       1.164       1.715       1.833       2.017
    SUB_LO_DUM      -2.032      -1.718      -1.544      -0.726      -0.143      -0.052       0.125
    AGE             -0.337      -0.260      -0.229      -0.080       0.073       0.097       0.145
    SEX             -1.991      -1.833      -1.759      -1.187      -0.776      -0.684      -0.522
    INCOME          -0.988      -0.792      -0.719      -0.399      -0.025       0.044       0.227
    PARED           -0.154      -0.070      -0.029       0.188       0.390       0.430       0.517
    SINGLE_PAR      -1.129      -0.868      -0.740      -0.192       0.312       0.399       0.553
    PGS             -0.183      -0.062      -0.019       0.235       0.512       0.566       0.675
    PARENT          -0.209      -0.106      -0.075       0.138       0.411       0.463       0.545
    PEER            -0.188      -0.099      -0.055       0.158       0.391       0.433       0.521
    SCHOOL          -0.436      -0.362      -0.313      -0.089       0.144       0.185       0.263
    NEIGHBOR        -0.260      -0.168      -0.125       0.087       0.314       0.351       0.469

 ASB#3    ON
    PGSPARENT       -0.685      -0.480      -0.411      -0.069       0.252       0.335       0.467
    PGSPEER         -0.367      -0.224      -0.160       0.105       0.458       0.534       0.658
    PGSSCHOOL       -0.766      -0.597      -0.506      -0.074       0.292       0.353       0.486
    PGSNEIGHBO      -0.460      -0.362      -0.294      -0.004       0.362       0.448       0.559
    PGSAGE          -0.378      -0.315      -0.281      -0.086       0.061       0.095       0.170
    PGSSEX          -0.701      -0.467      -0.332       0.244       0.829       0.985       1.259
    PGSINC          -0.983      -0.703      -0.585      -0.092       0.332       0.413       0.595
    PGSPARED        -0.638      -0.506      -0.454      -0.150       0.133       0.175       0.310
    PGSSINGPAR      -1.163      -0.917      -0.764       0.001       0.709       0.869       1.118
    SUB_HI_DUM      -0.830      -0.573      -0.414       0.166       0.772       0.865       1.103
    SUB_LO_DUM     -25.726     -12.687     -11.225      -1.556      -0.723      -0.541      -0.238
    AGE             -0.624      -0.573      -0.531      -0.322      -0.173      -0.132      -0.075
    SEX             -2.491      -2.092      -1.932      -1.174      -0.631      -0.550      -0.315
    INCOME          -0.911      -0.679      -0.577      -0.099       0.337       0.458       0.710
    PARED           -0.375      -0.230      -0.173       0.078       0.327       0.371       0.442
    SINGLE_PAR      -0.604      -0.316      -0.161       0.430       1.099       1.230       1.501
    PGS             -0.523      -0.387      -0.289       0.096       0.512       0.602       0.776
    PARENT          -0.713      -0.579      -0.513      -0.189       0.136       0.214       0.340
    PEER             0.541       0.657       0.717       0.939       1.339       1.391       1.557
    SCHOOL          -0.680      -0.550      -0.502      -0.167       0.102       0.158       0.253
    NEIGHBOR        -0.736      -0.610      -0.538      -0.213       0.077       0.136       0.255

 SUB#1    ON
    PGSPARENT       -0.488      -0.403      -0.351      -0.121       0.093       0.137       0.200
    PGSPEER         -0.361      -0.278      -0.242      -0.031       0.144       0.180       0.258
    PGSSCHOOL       -0.203      -0.137      -0.091       0.137       0.355       0.401       0.471
    PGSNEIGHBO      -0.457      -0.393      -0.345      -0.133       0.048       0.094       0.183
    PGSAGE          -0.140      -0.079      -0.056       0.064       0.194       0.224       0.262
    PGSSEX          -0.453      -0.357      -0.301       0.107       0.473       0.540       0.677
    PGSINC          -0.464      -0.344      -0.281       0.035       0.394       0.485       0.650
    PGSPARED        -0.264      -0.215      -0.182       0.011       0.177       0.218       0.277
    PGSSINGPAR      -1.038      -0.890      -0.771      -0.325       0.078       0.174       0.345
    ASB_HI_DUM      -1.063      -0.561      -0.327       0.799       2.262       2.694      25.778
    ASB_MOD_DU       0.516       0.668       0.736       1.150       1.667       1.753       1.964
    ASB_ADO_DU      -0.831      -0.556      -0.413       0.158       0.703       0.815       0.992
    AGE             -0.269      -0.233      -0.216      -0.100      -0.003       0.013       0.047
    SEX             -0.997      -0.834      -0.765      -0.351       0.004       0.072       0.216
    INCOME          -0.076       0.006       0.048       0.332       0.707       0.803       0.947
    PARED           -0.297      -0.235      -0.207      -0.052       0.089       0.122       0.182
    SINGLE_PAR      -0.319      -0.146      -0.083       0.296       0.691       0.769       0.971
    PGS             -0.157      -0.078      -0.031       0.179       0.400       0.443       0.574
    PARENT          -0.489      -0.425      -0.390      -0.161       0.036       0.069       0.140
    PEER             0.277       0.329       0.359       0.506       0.727       0.759       0.827
    SCHOOL          -0.540      -0.458      -0.416      -0.208      -0.019       0.013       0.074
    NEIGHBOR        -0.116      -0.050      -0.009       0.164       0.357       0.382       0.482

 SUB#2    ON
    PGSPARENT       -0.545      -0.431      -0.393      -0.185       0.023       0.073       0.133
    PGSPEER         -0.258      -0.168      -0.108       0.163       0.422       0.482       0.578
    PGSSCHOOL       -0.312      -0.242      -0.188       0.066       0.294       0.337       0.445
    PGSNEIGHBO      -0.474      -0.393      -0.355      -0.160       0.014       0.045       0.110
    PGSAGE          -0.143      -0.094      -0.073       0.043       0.163       0.188       0.242
    PGSSEX          -0.811      -0.676      -0.598      -0.193       0.172       0.238       0.353
    PGSINC          -0.584      -0.464      -0.394      -0.100       0.230       0.293       0.434
    PGSPARED        -0.360      -0.296      -0.261      -0.063       0.122       0.168       0.234
    PGSSINGPAR      -0.992      -0.884      -0.766      -0.298       0.099       0.184       0.334
    ASB_HI_DUM     -23.666     -23.292     -23.040      -9.466     -16.579     -15.815      -9.336
    ASB_MOD_DU      -2.109      -1.818      -1.602      -0.767      -0.173      -0.065       0.163
    ASB_ADO_DU     -25.378     -12.009     -10.972      -1.233      -0.340      -0.154       0.205
    AGE              0.074       0.111       0.135       0.236       0.367       0.393       0.447
    SEX             -0.134      -0.021       0.037       0.395       0.771       0.840       0.978
    INCOME          -0.814      -0.704      -0.645      -0.336      -0.073      -0.016       0.133
    PARED           -0.451      -0.374      -0.344      -0.175      -0.021       0.003       0.062
    SINGLE_PAR      -0.666      -0.473      -0.400       0.039       0.448       0.528       0.747
    PGS             -0.490      -0.390      -0.338      -0.099       0.140       0.179       0.260
    PARENT          -0.134      -0.069      -0.026       0.169       0.384       0.410       0.492
    PEER            -1.163      -1.022      -0.969      -0.654      -0.423      -0.365      -0.284
    SCHOOL          -0.367      -0.288      -0.259      -0.051       0.147       0.177       0.256
    NEIGHBOR        -0.318      -0.250      -0.220      -0.044       0.125       0.158       0.235

 PARENT   WITH
    PEER            -0.189      -0.168      -0.155      -0.101      -0.046      -0.036      -0.010
    SCHOOL           0.228       0.248       0.262       0.333       0.398       0.412       0.448
    NEIGHBOR         0.101       0.123       0.134       0.199       0.261       0.276       0.294

 PEER     WITH
    SCHOOL          -0.355      -0.332      -0.318      -0.258      -0.188      -0.177      -0.153
    NEIGHBOR        -0.104      -0.081      -0.068      -0.013       0.045       0.056       0.071

 SCHOOL   WITH
    NEIGHBOR         0.131       0.149       0.161       0.229       0.293       0.304       0.328

 AGE      WITH
    PGS             -0.190      -0.156      -0.139      -0.046       0.048       0.067       0.101

 SEX      WITH
    PGS             -0.018      -0.007       0.000       0.029       0.058       0.063       0.072
    AGE             -0.101      -0.081      -0.071      -0.026       0.024       0.033       0.054

 INCOME   WITH
    PGS             -0.026      -0.005       0.004       0.060       0.116       0.128       0.148
    AGE             -0.180      -0.146      -0.126      -0.037       0.047       0.059       0.094
    SEX             -0.036      -0.027      -0.022       0.002       0.030       0.035       0.045

 PARED    WITH
    PGS             -0.015       0.017       0.033       0.110       0.186       0.203       0.232
    AGE             -0.547      -0.493      -0.465      -0.331      -0.198      -0.166      -0.117
    SEX             -0.092      -0.082      -0.074      -0.033       0.006       0.013       0.027
    INCOME           0.289       0.316       0.331       0.403       0.474       0.484       0.517

 PGSPAREN WITH
    PGS             -0.210      -0.155      -0.130       0.000       0.108       0.130       0.178
    AGE             -0.210      -0.179      -0.155      -0.062       0.034       0.051       0.083
    SEX             -0.090      -0.074      -0.065      -0.032      -0.001       0.004       0.010
    INCOME          -0.060      -0.040      -0.031       0.017       0.069       0.082       0.104
    PARED           -0.153      -0.110      -0.091       0.002       0.091       0.112       0.145

 PGSPEER  WITH
    PGS             -0.146      -0.114      -0.097       0.009       0.106       0.126       0.158
    AGE             -0.118      -0.075      -0.053       0.045       0.144       0.164       0.198
    SEX             -0.053      -0.038      -0.032      -0.003       0.026       0.031       0.042
    INCOME          -0.094      -0.063      -0.053       0.005       0.057       0.067       0.095
    PARED           -0.191      -0.160      -0.142      -0.051       0.045       0.066       0.093
    PGSPARENT       -0.362      -0.326      -0.296      -0.166      -0.052      -0.024       0.017

 PGSSCHOO WITH
    PGS             -0.233      -0.172      -0.148      -0.039       0.065       0.081       0.119
    AGE             -0.049      -0.022      -0.002       0.089       0.178       0.194       0.237
    SEX             -0.076      -0.063      -0.059      -0.029      -0.002       0.004       0.018
    INCOME          -0.104      -0.084      -0.074      -0.023       0.030       0.045       0.066
    PARED           -0.113      -0.086      -0.071       0.019       0.110       0.131       0.164
    PGSPARENT        0.247       0.281       0.301       0.444       0.646       0.685       0.769
    PGSPEER         -0.604      -0.517      -0.487      -0.338      -0.199      -0.179      -0.133

 PGSNEIGH WITH
    PGS             -0.097      -0.071      -0.055       0.033       0.125       0.144       0.173
    AGE             -0.087      -0.052      -0.031       0.070       0.163       0.184       0.226
    SEX             -0.054      -0.045      -0.039      -0.011       0.017       0.021       0.031
    INCOME          -0.023      -0.003       0.006       0.061       0.117       0.128       0.150
    PARED           -0.066      -0.036      -0.023       0.053       0.130       0.139       0.168
    PGSPARENT        0.049       0.085       0.103       0.211       0.327       0.350       0.393
    PGSPEER         -0.240      -0.194      -0.167      -0.055       0.051       0.065       0.101
    PGSSCHOOL        0.007       0.047       0.062       0.169       0.276       0.297       0.353

 PGSAGE   WITH
    PGS             -0.252      -0.191      -0.152       0.008       0.166       0.191       0.244
    AGE             -0.259      -0.166      -0.123       0.122       0.371       0.424       0.525
    SEX             -0.092      -0.073      -0.061      -0.009       0.042       0.050       0.071
    INCOME          -0.137      -0.102      -0.084      -0.002       0.084       0.105       0.137
    PARED           -0.166      -0.127      -0.106       0.018       0.148       0.172       0.222
    PGSPARENT       -0.757      -0.662      -0.624      -0.444      -0.286      -0.258      -0.205
    PGSPEER          0.137       0.186       0.211       0.381       0.555       0.602       0.661
    PGSSCHOOL       -0.408      -0.344      -0.316      -0.172      -0.029       0.005       0.049
    PGSNEIGHBO      -0.385      -0.335      -0.303      -0.149       0.005       0.034       0.081

 PGSSEX   WITH
    PGS             -0.056      -0.040      -0.032       0.018       0.069       0.079       0.093
    AGE             -0.093      -0.074      -0.062      -0.010       0.040       0.050       0.069
    SEX             -0.025      -0.019      -0.017      -0.003       0.012       0.014       0.021
    INCOME          -0.036      -0.024      -0.020       0.006       0.033       0.039       0.050
    PARED           -0.044      -0.034      -0.027       0.012       0.052       0.061       0.072
    PGSPARENT       -0.213      -0.178      -0.166      -0.100      -0.046      -0.034      -0.011
    PGSPEER         -0.140      -0.124      -0.115      -0.062      -0.009       0.002       0.024
    PGSSCHOOL       -0.100      -0.081      -0.069      -0.011       0.039       0.050       0.063
    PGSNEIGHBO      -0.079      -0.061      -0.052      -0.010       0.036       0.045       0.060
    PGSAGE          -0.137      -0.108      -0.094      -0.013       0.072       0.087       0.121

 PGSINC   WITH
    PGS             -0.296      -0.255      -0.231      -0.144      -0.053      -0.042      -0.009
    AGE             -0.134      -0.097      -0.081      -0.004       0.081       0.097       0.145
    SEX             -0.039      -0.027      -0.023       0.003       0.031       0.038       0.046
    INCOME          -0.265      -0.223      -0.197      -0.082       0.018       0.036       0.074
    PARED           -0.159      -0.125      -0.109      -0.028       0.049       0.065       0.093
    PGSPARENT       -0.087      -0.048      -0.030       0.057       0.148       0.173       0.209
    PGSPEER         -0.106      -0.066      -0.047       0.032       0.123       0.141       0.163
    PGSSCHOOL       -0.110      -0.065      -0.045       0.049       0.139       0.152       0.193
    PGSNEIGHBO      -0.073      -0.030      -0.018       0.056       0.131       0.141       0.168
    PGSAGE          -0.310      -0.261      -0.242      -0.113       0.010       0.033       0.086
    PGSSEX          -0.073      -0.062      -0.055      -0.011       0.029       0.037       0.055

 PGSPARED WITH
    PGS             -0.386      -0.337      -0.312      -0.183      -0.061      -0.036       0.013
    AGE             -0.164      -0.121      -0.102       0.020       0.141       0.158       0.202
    SEX             -0.047      -0.034      -0.028       0.008       0.046       0.055       0.070
    INCOME          -0.151      -0.116      -0.102      -0.020       0.056       0.071       0.095
    PARED           -0.403      -0.330      -0.298      -0.147      -0.001       0.027       0.086
    PGSPARENT       -0.097      -0.058      -0.024       0.127       0.284       0.321       0.368
    PGSPEER         -0.022       0.018       0.046       0.188       0.344       0.379       0.443
    PGSSCHOOL       -0.343      -0.297      -0.272      -0.130       0.009       0.031       0.092
    PGSNEIGHBO      -0.096      -0.040      -0.014       0.096       0.211       0.233       0.278
    PGSAGE          -0.728      -0.631      -0.598      -0.404      -0.204      -0.174      -0.110
    PGSSEX          -0.112      -0.086      -0.076      -0.015       0.046       0.057       0.077
    PGSINC           0.180       0.227       0.247       0.370       0.499       0.532       0.579

 PGSSINGP WITH
    PGS             -0.293      -0.275      -0.266      -0.221      -0.174      -0.165      -0.147
    AGE             -0.026      -0.014      -0.004       0.044       0.094       0.102       0.121
    SEX             -0.021      -0.016      -0.013       0.002       0.017       0.019       0.025
    INCOME          -0.053      -0.044      -0.041      -0.012       0.015       0.019       0.028
    PARED           -0.091      -0.076      -0.069      -0.029       0.009       0.015       0.029
    PGSPARENT       -0.166      -0.141      -0.129      -0.064      -0.008       0.005       0.019
    PGSPEER         -0.052      -0.030      -0.017       0.034       0.089       0.098       0.121
    PGSSCHOOL       -0.183      -0.165      -0.153      -0.094      -0.043      -0.034      -0.017
    PGSNEIGHBO      -0.119      -0.098      -0.091      -0.047      -0.005       0.002       0.018
    PGSAGE          -0.193      -0.160      -0.144      -0.064       0.021       0.037       0.065
    PGSSEX          -0.041      -0.030      -0.024       0.001       0.028       0.032       0.042
    PGSINC          -0.104      -0.092      -0.085      -0.042       0.003       0.012       0.028
    PGSPARED        -0.003       0.020       0.032       0.095       0.157       0.170       0.190

 SINGLE_P WITH
    PGS             -0.034      -0.025      -0.020       0.006       0.032       0.038       0.046
    AGE             -0.119      -0.104      -0.093      -0.048      -0.003       0.006       0.020
    SEX             -0.028      -0.024      -0.022      -0.009       0.004       0.006       0.014
    INCOME          -0.120      -0.109      -0.104      -0.078      -0.050      -0.045      -0.034
    PARED           -0.018      -0.006       0.000       0.037       0.072       0.078       0.090
    PGSPARENT       -0.053      -0.037      -0.030       0.004       0.036       0.042       0.056
    PGSPEER         -0.093      -0.081      -0.075      -0.045      -0.018      -0.011       0.001
    PGSSCHOOL       -0.038      -0.027      -0.021       0.008       0.037       0.043       0.050
    PGSNEIGHBO      -0.045      -0.037      -0.033      -0.008       0.018       0.023       0.029
    PGSAGE          -0.031      -0.015      -0.007       0.035       0.077       0.086       0.102
    PGSSEX          -0.012      -0.007      -0.005       0.008       0.022       0.024       0.029
    PGSINC          -0.037      -0.030      -0.026       0.000       0.023       0.026       0.033
    PGSPARED        -0.057      -0.047      -0.040      -0.008       0.023       0.029       0.042
    PGSSINGPAR      -0.022      -0.017      -0.014      -0.001       0.012       0.015       0.019

 Means
    PGS             -0.104      -0.079      -0.070      -0.012       0.045       0.055       0.082
    AGE             -0.086      -0.061      -0.040       0.060       0.160       0.180       0.207
    SEX             -0.067      -0.050      -0.045      -0.015       0.015       0.020       0.029
    INCOME          -0.179      -0.150      -0.143      -0.090      -0.035      -0.023      -0.005
    PARED           -0.275      -0.241      -0.226      -0.149      -0.071      -0.058      -0.030
    PGSPARENT       -0.139      -0.114      -0.101      -0.037       0.022       0.034       0.052
    PGSPEER         -0.032      -0.010      -0.001       0.058       0.119       0.131       0.151
    PGSSCHOOL       -0.072      -0.051      -0.042       0.017       0.073       0.086       0.103
    PGSNEIGHBO      -0.142      -0.122      -0.111      -0.054       0.000       0.010       0.029
    PGSAGE          -0.193      -0.157      -0.141      -0.047       0.047       0.066       0.100
    PGSSEX          -0.017      -0.006       0.001       0.029       0.057       0.063       0.073
    PGSINC          -0.029      -0.005       0.006       0.062       0.118       0.128       0.150
    PGSPARED        -0.006       0.023       0.034       0.107       0.184       0.197       0.226
    PGSSINGPAR      -0.038      -0.025      -0.021       0.009       0.038       0.044       0.052
    SINGLE_PAR      -0.252      -0.246      -0.243      -0.215      -0.190      -0.184      -0.175

 Intercepts
    PARENT          -0.130      -0.106      -0.093      -0.023       0.044       0.057       0.079
    PEER            -0.081      -0.055      -0.043       0.028       0.100       0.111       0.137
    SCHOOL          -0.157      -0.138      -0.123      -0.054       0.018       0.029       0.052
    NEIGHBOR        -0.118      -0.096      -0.083      -0.016       0.050       0.063       0.086
    ASB#1        *********  -20597.609  -14222.589      -7.107      -7.029      -6.605      -6.048
    ASB#2           -3.140      -2.925      -2.828      -2.290      -2.068      -2.025      -1.870
    ASB#3           -3.747      -3.405      -3.281      -2.595      -2.358      -2.287      -2.098
    SUB#1           -1.372      -1.275      -1.232      -0.952      -0.764      -0.726      -0.669
    SUB#2           -1.417      -1.263      -1.206      -0.903      -0.705      -0.667      -0.576

 Variances
    PGS              0.863       0.883       0.897       0.978       1.067       1.081       1.123
    AGE              2.441       2.518       2.555       2.753       2.946       2.990       3.048
    SEX              0.246       0.248       0.248       0.250       0.250       0.250       0.250
    INCOME           0.486       0.518       0.529       0.624       0.724       0.740       0.790
    PARED            1.441       1.503       1.528       1.654       1.787       1.813       1.857
    PGSPARENT        0.753       0.812       0.842       1.055       1.316       1.382       1.533
    PGSPEER          0.753       0.798       0.832       1.029       1.243       1.293       1.361
    PGSSCHOOL        0.690       0.733       0.762       0.934       1.135       1.182       1.282
    PGSNEIGHBO       0.712       0.763       0.782       0.904       1.034       1.063       1.108
    PGSAGE           2.073       2.199       2.258       2.638       3.039       3.135       3.303
    PGSSEX           0.215       0.220       0.224       0.244       0.265       0.270       0.281
    PGSINC           0.414       0.448       0.469       0.617       0.792       0.834       0.944
    PGSPARED         1.232       1.292       1.325       1.526       1.748       1.788       1.859
    PGSSINGPAR       0.216       0.221       0.224       0.244       0.267       0.270       0.280
    SINGLE_PAR       0.187       0.189       0.191       0.204       0.214       0.216       0.219

 Residual Variances
    PARENT           0.714       0.765       0.782       0.897       0.999       1.023       1.069
    PEER             0.796       0.821       0.838       0.941       1.023       1.043       1.079
    SCHOOL           0.829       0.854       0.869       0.971       1.046       1.066       1.104
    NEIGHBOR         0.850       0.880       0.894       0.984       1.051       1.065       1.093

New/Additional Parameters
    INDASB11       -90.544      -1.765      -0.088       0.035      41.896     122.294     382.540
    INDASB12        -0.415      -0.019       0.001       0.084      90.367     194.505     525.203
    INDASB13       -52.724      -7.826      -1.841      -0.009       1.745      13.563      71.923
    INDASB14      -490.248    -150.629     -57.492      -0.065       0.008       0.031      24.814
    TOTALASB     -4824.703   -1754.766    -388.863      -0.474      13.482     799.524    2557.690
    INDASB21        -0.044      -0.029      -0.022      -0.004       0.006       0.009       0.016
    INDASB22        -0.015      -0.007      -0.003       0.009       0.032       0.039       0.050
    INDASB23        -0.024      -0.018      -0.014      -0.002       0.008       0.011       0.019
    INDASB24        -0.048      -0.033      -0.026      -0.006       0.008       0.013       0.020
    TOTALASB        -0.170      -0.066      -0.018       0.232       0.513       0.562       0.681
    INDASB31        -0.022      -0.012      -0.008       0.006       0.027       0.037       0.058
    INDASB32        -0.032      -0.010       0.001       0.055       0.129       0.143       0.174
    INDASB33        -0.044      -0.025      -0.021      -0.004       0.011       0.015       0.026
    INDASB34        -0.019      -0.009      -0.005       0.014       0.047       0.056       0.076
    TOTALASB        -0.475      -0.308      -0.223       0.168       0.590       0.692       0.916
    INDSUB11        -0.015      -0.009      -0.006       0.005       0.024       0.029       0.042
    INDSUB12        -0.017      -0.005       0.001       0.030       0.066       0.076       0.092
    INDSUB13        -0.040      -0.027      -0.021      -0.004       0.009       0.014       0.019
    INDSUB14        -0.048      -0.037      -0.031      -0.011       0.001       0.003       0.010
    TOTALSUB        -0.116      -0.049      -0.013       0.198       0.417       0.466       0.615
    INDSUB21        -0.035      -0.027      -0.022      -0.005       0.006       0.008       0.016
    INDSUB22        -0.126      -0.099      -0.089      -0.038      -0.001       0.007       0.021
    INDSUB23        -0.019      -0.013      -0.010      -0.001       0.006       0.009       0.016
    INDSUB24        -0.021      -0.013      -0.010       0.003       0.018       0.023       0.032
    TOTALSUB        -0.547      -0.441      -0.391      -0.141       0.099       0.139       0.217


SAVEDATA INFORMATION


  Save file
    his_id.dat

  Order of variables

    ASB
    SUB
    PARENT
    PEER
    SCHOOL
    NEIGHBOR
    PGS
    AGE
    SEX
    INCOME
    PARED
    PGSPAREN
    PGSPEER
    PGSSCHOO
    PGSNEIGH
    PGSAGE
    PGSSEX
    PGSINC
    PGSPARED
    PGSSINGP
    SINGLE_P
    SUB_HI_D
    SUB_LO_D
    ASB_HI_D
    ASB_MOD_
    ASB_ADO_
    AID

  Save file format           Free

  Save file record length    10000


DIAGRAM INFORMATION

  Use View Diagram under the Diagram menu in the Mplus Editor to view the diagram.
  If running Mplus from the Mplus Diagrammer, the diagram opens automatically.

  Diagram output
    c:\repo\2024_ge_interplay_ext_trajectory\analysis\rnr_his.dgm

     Beginning Time:  18:56:32
        Ending Time:  09:06:47
       Elapsed Time:  38:10:15



MUTHEN & MUTHEN
3463 Stoner Ave.
Los Angeles, CA  90066

Tel: (310) 391-9971
Fax: (310) 391-8971
Web: www.StatModel.com
Support: Support@StatModel.com

Copyright (c) 1998-2015 Muthen & Muthen
