Mplus VERSION 7.4
MUTHEN & MUTHEN
05/13/2025   8:34 AM

INPUT INSTRUCTIONS

  Data:
    File is "c:\Repo\data_local\gxe_ext_trajectory.csv";
  Variable:
   Names are
      AID white african native asian other hispanic FAMID pgs
      ANCESTRY parent single_par peer school neighbor age sex asb sub
      income pared sub_hi_dum sub_lo_dum asb_hi_dum
      asb_mod_dum asb_ado_dum pgsparent pgspeer pgsschool
      pgsneighbor pgsage pgssex pgsinc pgspared pgssingpar
      pgsafrican pgsnative pgsasian pgsother pgshispanic;

   usevariables are
    sub asb
    pgs parent peer school neighbor age sex
    income pared
    sub_hi_dum sub_lo_dum
    asb_hi_dum asb_mod_dum asb_ado_dum
    pgsparent pgspeer pgsschool pgsneighbor
    pgsage pgssex pgsinc pgspared pgssingpar
    white !african
    native !asian
    other hispanic
    single_par
    ;

    NOMINAL ARE
     asb sub;

    USEOBSERVATIONS ARE
      ancestry == 0;

    Missing are .;

  Analysis:
      process = 20;
      estimator = ML;
      Algorithm = INTEGRATION;
      INTEGRATION = MONTECARLO (2000);
      !LINK = PROBIT;
      bootstrap=500;

  Define:


  MODEL:

      parent peer school neighbor ON age sex income pared
      white !african
      native !asian
      other hispanic single_par;

      parent ON pgs(a1);
      peer ON pgs(a2);
      school ON pgs(a3);
      neighbor ON pgs(a4);


      asb ON pgsparent pgspeer
      pgsschool pgsneighbor
      pgsage pgssex pgsinc pgspared pgssingpar
      sub_hi_dum sub_lo_dum age sex
      income pared
      white !african
      native !asian
      other hispanic single_par;

      asb#1 ON pgs(cpasb1);
      asb#1 ON parent(basb11);
      asb#1 ON peer(basb12);
      asb#1 ON school(basb13);
      asb#1 ON neighbor(basb14);

      asb#2 ON pgs(cpasb2);
      asb#2 ON parent(basb21);
      asb#2 ON peer(basb22);
      asb#2 ON school(basb23);
      asb#2 ON neighbor(basb24);

      asb#3 ON pgs(cpasb3);
      asb#3 ON parent(basb31);
      asb#3 ON peer(basb32);
      asb#3 ON school(basb33);
      asb#3 ON neighbor(basb34);


      sub ON pgsparent pgspeer pgsschool pgsneighbor
      pgsage pgssex pgsinc pgspared pgssingpar
      asb_hi_dum asb_mod_dum asb_ado_dum age sex
      income pared
      white !african
      native !asian
      other hispanic single_par;

      sub#1 ON pgs(cpsub1);
      sub#1 ON parent(bsub11);
      sub#1 ON peer(bsub12);
      sub#1 ON school(bsub13);
      sub#1 ON neighbor(bsub14);

      sub#2 ON pgs(cpsub2);
      sub#2 ON parent(bsub21);
      sub#2 ON peer(bsub22);
      sub#2 ON school(bsub23);
      sub#2 ON neighbor(bsub24);


      parent WITH peer school neighbor;

      peer WITH parent school neighbor;

      school WITH parent peer neighbor;

      neighbor WITH parent peer school;

      [pgs parent peer school neighbor
      age sex income pared white !african
      native !asian
      other hispanic single_par
      pgsparent pgspeer
      pgsschool pgsneighbor
      pgsage pgssex pgsinc pgspared pgssingpar];

  MODEL CONSTRAINT:
      NEW (indasb11 indasb12 indasb13 indasb14 totalasb1
      indasb21 indasb22 indasb23 indasb24 totalasb2
      indasb31 indasb32 indasb33 indasb34 totalasb3
      indsub11 indsub12 indsub13 indsub14 totalsub1
      indsub21 indsub22 indsub23 indsub24 totalsub2);

      indasb11 = a1*basb11;
      indasb12 = a2*basb12;
      indasb13 = a3*basb13;
      indasb14 = a4*basb14;
      totalasb1 = indasb11 + indasb12 + indasb13 +
          indasb14 + cpasb1;

      indasb21 = a1*basb21;
      indasb22 = a2*basb22;
      indasb23 = a3*basb23;
      indasb24 = a4*basb24;
      totalasb2 = indasb21 + indasb22 + indasb23 +
          indasb24 + cpasb2;

      indasb31 = a1*basb31;
      indasb32 = a2*basb32;
      indasb33 = a3*basb33;
      indasb34 = a4*basb34;
      totalasb3 = indasb31 + indasb32 + indasb33 +
          indasb34 + cpasb3;

      indsub11 = a1*bsub11;
      indsub12 = a2*bsub12;
      indsub13 = a3*bsub13;
      indsub14 = a4*bsub14;
      totalsub1 = indsub11 + indsub12 + indsub13 +
          indsub14 + cpsub1;

      indsub21 = a1*bsub21;
      indsub22 = a2*bsub22;
      indsub23 = a3*bsub23;
      indsub24 = a4*bsub24;
      totalsub2 = indsub21 + indsub22 + indsub23 +
          indsub24 + cpsub2;


      OUTPUT:
      CINTERVAL(BOOTSTRAP)
      ;



*** WARNING in VARIABLE command
  Note that only the first 8 characters of variable names are used in the output.
  Shorten variable names to avoid any confusion.
   1 WARNING(S) FOUND IN THE INPUT INSTRUCTIONS




SUMMARY OF ANALYSIS

Number of groups                                                 1
Number of observations                                        5109

Number of dependent variables                                    6
Number of independent variables                                 24
Number of continuous latent variables                            0

Observed dependent variables

  Continuous
   PARENT      PEER        SCHOOL      NEIGHBOR

  Unordered categorical (nominal)
   ASB         SUB

Observed independent variables
   PGS         AGE         SEX         INCOME      PARED       SUB_HI_D
   SUB_LO_D    ASB_HI_D    ASB_MOD_    ASB_ADO_    PGSPAREN    PGSPEER
   PGSSCHOO    PGSNEIGH    PGSAGE      PGSSEX      PGSINC      PGSPARED
   PGSSINGP    WHITE       NATIVE      OTHER       HISPANIC    SINGLE_P


Estimator                                                       ML
Information matrix                                        OBSERVED
Optimization Specifications for the Quasi-Newton Algorithm for
Continuous Outcomes
  Maximum number of iterations                                 100
  Convergence criterion                                  0.100D-05
Optimization Specifications for the EM Algorithm
  Maximum number of iterations                                 500
  Convergence criteria
    Loglikelihood change                                 0.100D-02
    Relative loglikelihood change                        0.100D-05
    Derivative                                           0.100D-02
Optimization Specifications for the M step of the EM Algorithm for
Categorical Latent variables
  Number of M step iterations                                    1
  M step convergence criterion                           0.100D-02
  Basis for M step termination                           ITERATION
Optimization Specifications for the M step of the EM Algorithm for
Censored, Binary or Ordered Categorical (Ordinal), Unordered
Categorical (Nominal) and Count Outcomes
  Number of M step iterations                                    1
  M step convergence criterion                           0.100D-02
  Basis for M step termination                           ITERATION
  Maximum value for logit thresholds                            15
  Minimum value for logit thresholds                           -15
  Minimum expected cell size for chi-square              0.100D-01
Maximum number of iterations for H1                           2000
Convergence criterion for H1                             0.100D-03
Number of bootstrap draws
    Requested                                                  500
    Completed                                                  500
Optimization algorithm                                         EMA
Integration Specifications
  Type                                                  MONTECARLO
  Number of integration points                                2000
  Dimensions of numerical integration                           15
  Adaptive quadrature                                           ON
  Monte Carlo integration seed                                   0
Cholesky                                                       OFF

Input data file(s)
  c:\Repo\data_local\gxe_ext_trajectory.csv
Input data format  FREE


SUMMARY OF DATA

     Number of missing data patterns            26


COVARIANCE COVERAGE OF DATA

Minimum covariance coverage value   0.100


     PROPORTION OF DATA PRESENT FOR Y


           Covariance Coverage
              PARENT        PEER          SCHOOL        NEIGHBOR      PGS
              ________      ________      ________      ________      ________
 PARENT         0.981
 PEER           0.977         0.995
 SCHOOL         0.963         0.976         0.981
 NEIGHBOR       0.978         0.994         0.978         0.997
 PGS            0.981         0.995         0.981         0.997         1.000
 AGE            0.980         0.995         0.981         0.997         1.000
 SEX            0.981         0.995         0.981         0.997         1.000
 INCOME         0.808         0.812         0.800         0.814         0.816
 PARED          0.959         0.955         0.941         0.957         0.959
 PGSPAREN       0.981         0.977         0.963         0.978         0.981
 PGSPEER        0.977         0.995         0.976         0.994         0.995
 PGSSCHOO       0.963         0.976         0.981         0.978         0.981
 PGSNEIGH       0.978         0.994         0.978         0.997         0.997
 PGSAGE         0.980         0.995         0.981         0.997         1.000
 PGSSEX         0.981         0.995         0.981         0.997         1.000
 PGSINC         0.808         0.812         0.800         0.814         0.816
 PGSPARED       0.959         0.955         0.941         0.957         0.959
 PGSSINGP       0.981         0.995         0.981         0.997         1.000
 WHITE          0.981         0.995         0.981         0.997         1.000
 NATIVE         0.981         0.995         0.981         0.997         1.000
 OTHER          0.981         0.995         0.981         0.997         1.000
 HISPANIC       0.979         0.993         0.979         0.995         0.998
 SINGLE_P       0.981         0.995         0.981         0.997         1.000
 SUB_HI_D       0.981         0.995         0.981         0.997         1.000
 SUB_LO_D       0.981         0.995         0.981         0.997         1.000
 ASB_HI_D       0.981         0.995         0.981         0.997         1.000
 ASB_MOD_       0.981         0.995         0.981         0.997         1.000
 ASB_ADO_       0.981         0.995         0.981         0.997         1.000


           Covariance Coverage
              AGE           SEX           INCOME        PARED         PGSPAREN
              ________      ________      ________      ________      ________
 AGE            1.000
 SEX            1.000         1.000
 INCOME         0.815         0.816         0.816
 PARED          0.958         0.959         0.791         0.959
 PGSPAREN       0.980         0.981         0.808         0.959         0.981
 PGSPEER        0.995         0.995         0.812         0.955         0.977
 PGSSCHOO       0.981         0.981         0.800         0.941         0.963
 PGSNEIGH       0.997         0.997         0.814         0.957         0.978
 PGSAGE         1.000         1.000         0.815         0.958         0.980
 PGSSEX         1.000         1.000         0.816         0.959         0.981
 PGSINC         0.815         0.816         0.816         0.791         0.808
 PGSPARED       0.958         0.959         0.791         0.959         0.959
 PGSSINGP       1.000         1.000         0.816         0.959         0.981
 WHITE          1.000         1.000         0.816         0.959         0.981
 NATIVE         1.000         1.000         0.816         0.959         0.981
 OTHER          1.000         1.000         0.816         0.959         0.981
 HISPANIC       0.998         0.998         0.814         0.957         0.979
 SINGLE_P       1.000         1.000         0.816         0.959         0.981
 SUB_HI_D       1.000         1.000         0.816         0.959         0.981
 SUB_LO_D       1.000         1.000         0.816         0.959         0.981
 ASB_HI_D       1.000         1.000         0.816         0.959         0.981
 ASB_MOD_       1.000         1.000         0.816         0.959         0.981
 ASB_ADO_       1.000         1.000         0.816         0.959         0.981


           Covariance Coverage
              PGSPEER       PGSSCHOO      PGSNEIGH      PGSAGE        PGSSEX
              ________      ________      ________      ________      ________
 PGSPEER        0.995
 PGSSCHOO       0.976         0.981
 PGSNEIGH       0.994         0.978         0.997
 PGSAGE         0.995         0.981         0.997         1.000
 PGSSEX         0.995         0.981         0.997         1.000         1.000
 PGSINC         0.812         0.800         0.814         0.815         0.816
 PGSPARED       0.955         0.941         0.957         0.958         0.959
 PGSSINGP       0.995         0.981         0.997         1.000         1.000
 WHITE          0.995         0.981         0.997         1.000         1.000
 NATIVE         0.995         0.981         0.997         1.000         1.000
 OTHER          0.995         0.981         0.997         1.000         1.000
 HISPANIC       0.993         0.979         0.995         0.998         0.998
 SINGLE_P       0.995         0.981         0.997         1.000         1.000
 SUB_HI_D       0.995         0.981         0.997         1.000         1.000
 SUB_LO_D       0.995         0.981         0.997         1.000         1.000
 ASB_HI_D       0.995         0.981         0.997         1.000         1.000
 ASB_MOD_       0.995         0.981         0.997         1.000         1.000
 ASB_ADO_       0.995         0.981         0.997         1.000         1.000


           Covariance Coverage
              PGSINC        PGSPARED      PGSSINGP      WHITE         NATIVE
              ________      ________      ________      ________      ________
 PGSINC         0.816
 PGSPARED       0.791         0.959
 PGSSINGP       0.816         0.959         1.000
 WHITE          0.816         0.959         1.000         1.000
 NATIVE         0.816         0.959         1.000         1.000         1.000
 OTHER          0.816         0.959         1.000         1.000         1.000
 HISPANIC       0.814         0.957         0.998         0.998         0.998
 SINGLE_P       0.816         0.959         1.000         1.000         1.000
 SUB_HI_D       0.816         0.959         1.000         1.000         1.000
 SUB_LO_D       0.816         0.959         1.000         1.000         1.000
 ASB_HI_D       0.816         0.959         1.000         1.000         1.000
 ASB_MOD_       0.816         0.959         1.000         1.000         1.000
 ASB_ADO_       0.816         0.959         1.000         1.000         1.000


           Covariance Coverage
              OTHER         HISPANIC      SINGLE_P      SUB_HI_D      SUB_LO_D
              ________      ________      ________      ________      ________
 OTHER          1.000
 HISPANIC       0.998         0.998
 SINGLE_P       1.000         0.998         1.000
 SUB_HI_D       1.000         0.998         1.000         1.000
 SUB_LO_D       1.000         0.998         1.000         1.000         1.000
 ASB_HI_D       1.000         0.998         1.000         1.000         1.000
 ASB_MOD_       1.000         0.998         1.000         1.000         1.000
 ASB_ADO_       1.000         0.998         1.000         1.000         1.000


           Covariance Coverage
              ASB_HI_D      ASB_MOD_      ASB_ADO_
              ________      ________      ________
 ASB_HI_D       1.000
 ASB_MOD_       1.000         1.000
 ASB_ADO_       1.000         1.000         1.000


UNIVARIATE PROPORTIONS AND COUNTS FOR CATEGORICAL VARIABLES

    ASB
      Category 1    0.018           94.000
      Category 2    0.126          642.000
      Category 3    0.061          312.000
      Category 4    0.795         4061.000
    SUB
      Category 1    0.427         2184.000
      Category 2    0.150          765.000
      Category 3    0.423         2160.000



THE MODEL ESTIMATION TERMINATED NORMALLY



MODEL FIT INFORMATION

Number of Free Parameters                      395

Loglikelihood

          H0 Value                     -104322.667

Information Criteria

          Akaike (AIC)                  209435.334
          Bayesian (BIC)                212018.144
          Sample-Size Adjusted BIC      210762.967
            (n* = (n + 2) / 24)



MODEL RESULTS

                                                    Two-Tailed
                    Estimate       S.E.  Est./S.E.    P-Value

 PARENT     ON
    AGE               -0.102      0.008    -13.138      0.000
    SEX               -0.167      0.028     -5.923      0.000
    INCOME             0.040      0.024      1.656      0.098
    PARED              0.022      0.015      1.444      0.149
    WHITE             -0.178      0.319     -0.559      0.576
    NATIVE            -0.110      0.100     -1.098      0.272
    OTHER             -0.332      0.316     -1.051      0.293
    HISPANIC           0.021      0.132      0.159      0.874
    SINGLE_PAR        -0.015      0.039     -0.395      0.693
    PGS               -0.053      0.014     -3.759      0.000

 PEER       ON
    AGE                0.176      0.007     24.684      0.000
    SEX               -0.035      0.026     -1.337      0.181
    INCOME             0.011      0.022      0.516      0.606
    PARED             -0.087      0.014     -6.410      0.000
    WHITE              0.287      0.335      0.856      0.392
    NATIVE             0.210      0.102      2.067      0.039
    OTHER              0.675      0.329      2.053      0.040
    HISPANIC          -0.133      0.133     -1.006      0.314
    SINGLE_PAR         0.221      0.033      6.646      0.000
    PGS                0.138      0.014     10.245      0.000

 SCHOOL     ON
    AGE               -0.060      0.008     -7.217      0.000
    SEX               -0.014      0.027     -0.519      0.604
    INCOME             0.034      0.024      1.393      0.164
    PARED              0.074      0.016      4.758      0.000
    WHITE             -0.282      0.302     -0.933      0.351
    NATIVE            -0.144      0.105     -1.365      0.172
    OTHER             -0.440      0.269     -1.635      0.102
    HISPANIC          -0.014      0.129     -0.110      0.912
    SINGLE_PAR        -0.127      0.035     -3.672      0.000
    PGS               -0.106      0.013     -7.938      0.000

 NEIGHBOR   ON
    AGE               -0.058      0.008     -7.387      0.000
    SEX               -0.027      0.028     -0.971      0.332
    INCOME             0.032      0.025      1.289      0.197
    PARED              0.012      0.015      0.822      0.411
    WHITE             -0.260      0.288     -0.900      0.368
    NATIVE            -0.172      0.112     -1.537      0.124
    OTHER             -0.366      0.271     -1.354      0.176
    HISPANIC          -0.211      0.118     -1.787      0.074
    SINGLE_PAR        -0.230      0.035     -6.510      0.000
    PGS               -0.047      0.014     -3.394      0.001

 ASB#1      ON
    PGSPARENT         -0.123      0.122     -1.005      0.315
    PGSPEER           -0.206      0.108     -1.911      0.056
    PGSSCHOOL          0.097      0.138      0.703      0.482
    PGSNEIGHBO        -0.102      0.128     -0.793      0.428
    PGSAGE             0.028      0.077      0.370      0.712
    PGSSEX             0.194      0.272      0.712      0.476
    PGSINC            -0.040      0.188     -0.211      0.833
    PGSPARED          -0.108      0.122     -0.878      0.380
    PGSSINGPAR        -0.110      0.271     -0.405      0.685
    SUB_HI_DUM         1.527      0.441      3.461      0.001
    SUB_LO_DUM        -0.940      4.862     -0.193      0.847
    AGE               -0.412      0.074     -5.573      0.000
    SEX               -2.836      0.416     -6.811      0.000
    INCOME            -0.129      0.174     -0.737      0.461
    PARED              0.231      0.125      1.847      0.065
    WHITE             -2.175      3.749     -0.580      0.562
    NATIVE             0.282      2.390      0.118      0.906
    OTHER             -1.644      5.052     -0.325      0.745
    HISPANIC          -0.202      3.089     -0.065      0.948
    SINGLE_PAR        -0.105      0.294     -0.355      0.723
    PGS                0.543      0.193      2.815      0.005
    PARENT            -0.154      0.130     -1.182      0.237
    PEER               1.272      0.137      9.305      0.000
    SCHOOL            -0.325      0.145     -2.243      0.025
    NEIGHBOR          -0.040      0.138     -0.291      0.771

 ASB#2      ON
    PGSPARENT          0.075      0.050      1.496      0.135
    PGSPEER            0.006      0.045      0.125      0.901
    PGSSCHOOL         -0.028      0.052     -0.541      0.589
    PGSNEIGHBO        -0.031      0.048     -0.653      0.514
    PGSAGE             0.007      0.030      0.224      0.823
    PGSSEX             0.075      0.096      0.785      0.433
    PGSINC            -0.022      0.082     -0.270      0.787
    PGSPARED           0.080      0.049      1.609      0.108
    PGSSINGPAR        -0.173      0.113     -1.534      0.125
    SUB_HI_DUM         0.733      0.103      7.099      0.000
    SUB_LO_DUM        -0.894      0.226     -3.950      0.000
    AGE               -0.107      0.031     -3.509      0.000
    SEX               -1.308      0.099    -13.169      0.000
    INCOME             0.055      0.082      0.668      0.504
    PARED              0.068      0.049      1.392      0.164
    WHITE              0.144      1.652      0.087      0.930
    NATIVE             0.223      0.307      0.727      0.467
    OTHER              0.841      1.615      0.520      0.603
    HISPANIC           0.295      0.386      0.765      0.445
    SINGLE_PAR        -0.033      0.117     -0.285      0.776
    PGS                0.090      0.053      1.678      0.093
    PARENT            -0.221      0.051     -4.348      0.000
    PEER               0.170      0.053      3.227      0.001
    SCHOOL            -0.088      0.056     -1.581      0.114
    NEIGHBOR           0.012      0.052      0.225      0.822

 ASB#3      ON
    PGSPARENT         -0.078      0.062     -1.266      0.205
    PGSPEER           -0.002      0.060     -0.032      0.974
    PGSSCHOOL         -0.018      0.073     -0.241      0.809
    PGSNEIGHBO         0.031      0.071      0.437      0.662
    PGSAGE             0.003      0.041      0.061      0.951
    PGSSEX             0.075      0.145      0.514      0.607
    PGSINC            -0.038      0.106     -0.362      0.718
    PGSPARED           0.035      0.068      0.508      0.611
    PGSSINGPAR         0.269      0.169      1.591      0.112
    SUB_HI_DUM         0.595      0.145      4.113      0.000
    SUB_LO_DUM        -0.562      0.320     -1.758      0.079
    AGE               -0.337      0.043     -7.768      0.000
    SEX               -1.046      0.133     -7.860      0.000
    INCOME             0.152      0.105      1.456      0.145
    PARED              0.031      0.069      0.449      0.653
    WHITE              2.042      3.704      0.551      0.581
    NATIVE             0.107      0.414      0.258      0.796
    OTHER              1.740      1.269      1.370      0.171
    HISPANIC           0.827      0.650      1.272      0.203
    SINGLE_PAR         0.125      0.172      0.727      0.467
    PGS                0.042      0.097      0.432      0.666
    PARENT            -0.247      0.058     -4.291      0.000
    PEER               0.730      0.066     11.081      0.000
    SCHOOL            -0.260      0.070     -3.709      0.000
    NEIGHBOR           0.005      0.064      0.072      0.943

 SUB#1      ON
    PGSPARENT         -0.023      0.040     -0.589      0.556
    PGSPEER           -0.083      0.039     -2.126      0.034
    PGSSCHOOL          0.004      0.042      0.096      0.923
    PGSNEIGHBO         0.076      0.036      2.100      0.036
    PGSAGE             0.055      0.023      2.385      0.017
    PGSSEX             0.149      0.071      2.107      0.035
    PGSINC            -0.085      0.064     -1.318      0.188
    PGSPARED           0.055      0.040      1.354      0.176
    PGSSINGPAR        -0.006      0.099     -0.057      0.954
    ASB_HI_DUM         1.481      0.434      3.412      0.001
    ASB_MOD_DU         0.738      0.104      7.123      0.000
    ASB_ADO_DU         0.609      0.144      4.232      0.000
    AGE               -0.130      0.021     -6.157      0.000
    SEX               -0.194      0.071     -2.744      0.006
    INCOME            -0.057      0.059     -0.956      0.339
    PARED             -0.104      0.036     -2.889      0.004
    WHITE             -0.369      1.598     -0.231      0.817
    NATIVE            -0.011      0.252     -0.042      0.966
    OTHER             -1.020      1.605     -0.636      0.525
    HISPANIC          -0.168      0.305     -0.549      0.583
    SINGLE_PAR         0.215      0.087      2.481      0.013
    PGS                0.284      0.045      6.274      0.000
    PARENT            -0.021      0.036     -0.568      0.570
    PEER               0.640      0.042     15.416      0.000
    SCHOOL            -0.182      0.040     -4.515      0.000
    NEIGHBOR          -0.043      0.035     -1.224      0.221

 SUB#2      ON
    PGSPARENT          0.051      0.056      0.926      0.355
    PGSPEER            0.082      0.072      1.138      0.255
    PGSSCHOOL         -0.034      0.058     -0.578      0.563
    PGSNEIGHBO         0.024      0.047      0.518      0.605
    PGSAGE             0.024      0.029      0.834      0.404
    PGSSEX            -0.050      0.094     -0.534      0.593
    PGSINC             0.008      0.075      0.111      0.912
    PGSPARED          -0.045      0.048     -0.943      0.346
    PGSSINGPAR        -0.153      0.123     -1.241      0.214
    ASB_HI_DUM        -0.493      4.835     -0.102      0.919
    ASB_MOD_DU        -0.849      0.224     -3.786      0.000
    ASB_ADO_DU        -0.377      0.316     -1.195      0.232
    AGE                0.135      0.030      4.452      0.000
    SEX                0.368      0.090      4.068      0.000
    INCOME            -0.255      0.074     -3.460      0.001
    PARED             -0.203      0.050     -4.044      0.000
    WHITE             -1.125      2.207     -0.510      0.610
    NATIVE             0.198      0.345      0.573      0.566
    OTHER             -1.382      2.770     -0.499      0.618
    HISPANIC          -0.320      0.432     -0.739      0.460
    SINGLE_PAR        -0.022      0.113     -0.193      0.847
    PGS               -0.170      0.073     -2.324      0.020
    PARENT             0.110      0.058      1.899      0.058
    PEER              -0.656      0.077     -8.554      0.000
    SCHOOL            -0.002      0.055     -0.031      0.975
    NEIGHBOR          -0.110      0.050     -2.223      0.026

 PARENT   WITH
    PEER              -0.178      0.013    -13.614      0.000
    SCHOOL             0.329      0.015     21.767      0.000
    NEIGHBOR           0.226      0.015     14.915      0.000

 PEER     WITH
    SCHOOL            -0.233      0.014    -16.246      0.000
    NEIGHBOR          -0.078      0.013     -6.012      0.000

 SCHOOL   WITH
    NEIGHBOR           0.305      0.016     19.595      0.000

 AGE      WITH
    PGS                0.001      0.024      0.047      0.963

 SEX      WITH
    PGS                0.013      0.007      1.868      0.062
    AGE               -0.054      0.012     -4.644      0.000

 INCOME   WITH
    PGS               -0.061      0.011     -5.359      0.000
    AGE                0.008      0.020      0.372      0.710
    SEX                0.004      0.005      0.726      0.468

 PARED    WITH
    PGS               -0.131      0.015     -8.970      0.000
    AGE               -0.099      0.029     -3.452      0.001
    SEX               -0.008      0.008     -1.008      0.313
    INCOME             0.363      0.016     23.369      0.000

 PGSPAREN WITH
    PGS                0.015      0.025      0.607      0.544
    AGE                0.020      0.026      0.776      0.437
    SEX                0.012      0.007      1.805      0.071
    INCOME            -0.006      0.012     -0.456      0.649
    PARED             -0.034      0.017     -2.009      0.045

 PGSPEER  WITH
    PGS                0.008      0.024      0.351      0.726
    AGE                0.039      0.024      1.621      0.105
    SEX                0.003      0.007      0.456      0.648
    INCOME             0.007      0.012      0.590      0.555
    PARED              0.019      0.017      1.089      0.276
    PGSPARENT         -0.258      0.023    -11.087      0.000

 PGSSCHOO WITH
    PGS               -0.001      0.023     -0.043      0.965
    AGE                0.004      0.025      0.175      0.861
    SEX                0.013      0.007      1.814      0.070
    INCOME             0.018      0.012      1.479      0.139
    PARED              0.024      0.017      1.435      0.151
    PGSPARENT          0.379      0.026     14.540      0.000
    PGSPEER           -0.319      0.026    -12.123      0.000

 PGSNEIGH WITH
    PGS                0.003      0.025      0.102      0.919
    AGE               -0.019      0.025     -0.775      0.438
    SEX                0.002      0.007      0.219      0.826
    INCOME             0.010      0.012      0.807      0.419
    PARED             -0.022      0.016     -1.411      0.158
    PGSPARENT          0.272      0.027      9.882      0.000
    PGSPEER           -0.137      0.024     -5.594      0.000
    PGSSCHOOL          0.343      0.026     13.259      0.000

 PGSAGE   WITH
    PGS                0.078      0.040      1.937      0.053
    AGE                0.017      0.059      0.293      0.769
    SEX                0.001      0.012      0.101      0.919
    INCOME             0.024      0.019      1.262      0.207
    PARED              0.036      0.028      1.317      0.188
    PGSPARENT         -0.297      0.043     -6.929      0.000
    PGSPEER            0.499      0.040     12.426      0.000
    PGSSCHOOL         -0.181      0.039     -4.606      0.000
    PGSNEIGHBO        -0.136      0.042     -3.225      0.001

 PGSSEX   WITH
    PGS                0.025      0.012      2.083      0.037
    AGE                0.001      0.012      0.100      0.920
    SEX                0.000      0.003     -0.137      0.891
    INCOME            -0.002      0.006     -0.259      0.795
    PARED             -0.001      0.008     -0.082      0.934
    PGSPARENT         -0.025      0.012     -2.039      0.041
    PGSPEER           -0.012      0.012     -1.031      0.303
    PGSSCHOOL          0.002      0.011      0.159      0.874
    PGSNEIGHBO         0.001      0.012      0.059      0.953
    PGSAGE            -0.048      0.021     -2.251      0.024

 PGSINC   WITH
    PGS                0.013      0.020      0.659      0.510
    AGE                0.024      0.019      1.278      0.201
    SEX                0.000      0.006     -0.008      0.994
    INCOME             0.042      0.024      1.745      0.081
    PARED             -0.002      0.015     -0.154      0.878
    PGSPARENT          0.036      0.020      1.833      0.067
    PGSPEER           -0.052      0.019     -2.706      0.007
    PGSSCHOOL          0.068      0.020      3.492      0.000
    PGSNEIGHBO         0.081      0.021      3.787      0.000
    PGSAGE             0.015      0.033      0.466      0.641
    PGSSEX             0.005      0.009      0.567      0.570

 PGSPARED WITH
    PGS                0.024      0.028      0.860      0.390
    AGE                0.037      0.028      1.325      0.185
    SEX                0.003      0.008      0.435      0.663
    INCOME            -0.003      0.015     -0.182      0.856
    PARED             -0.012      0.026     -0.442      0.659
    PGSPARENT          0.070      0.029      2.375      0.018
    PGSPEER           -0.133      0.027     -5.017      0.000
    PGSSCHOOL          0.103      0.025      4.164      0.000
    PGSNEIGHBO         0.059      0.027      2.169      0.030
    PGSAGE            -0.149      0.048     -3.098      0.002
    PGSSEX            -0.004      0.013     -0.313      0.754
    PGSINC             0.358      0.023     15.379      0.000

 PGSSINGP WITH
    PGS               -0.284      0.011    -24.899      0.000
    AGE                0.001      0.012      0.088      0.930
    SEX               -0.003      0.004     -0.708      0.479
    INCOME             0.009      0.006      1.567      0.117
    PARED              0.046      0.008      6.009      0.000
    PGSPARENT         -0.021      0.012     -1.687      0.092
    PGSPEER            0.042      0.012      3.435      0.001
    PGSSCHOOL         -0.024      0.012     -2.044      0.041
    PGSNEIGHBO        -0.048      0.012     -3.840      0.000
    PGSAGE            -0.014      0.021     -0.657      0.511
    PGSSEX            -0.012      0.006     -2.035      0.042
    PGSINC            -0.098      0.010     -9.752      0.000
    PGSPARED          -0.035      0.015     -2.374      0.018

 WHITE    WITH
    PGS                0.000      0.001      0.041      0.967
    AGE               -0.001      0.002     -0.898      0.369
    SEX                0.000      0.001      0.574      0.566
    INCOME             0.001      0.001      0.878      0.380
    PARED             -0.001      0.002     -0.639      0.523
    PGSPARENT          0.002      0.002      1.230      0.219
    PGSPEER            0.001      0.001      0.464      0.642
    PGSSCHOOL          0.001      0.001      0.774      0.439
    PGSNEIGHBO         0.002      0.001      1.176      0.240
    PGSAGE             0.001      0.002      0.408      0.683
    PGSSEX             0.001      0.001      0.951      0.342
    PGSINC             0.001      0.001      1.122      0.262
    PGSPARED           0.001      0.002      0.618      0.536
    PGSSINGPAR         0.000      0.001     -0.569      0.569

 NATIVE   WITH
    PGS                0.002      0.002      0.817      0.414
    AGE                0.002      0.003      0.693      0.488
    SEX               -0.002      0.001     -2.250      0.024
    INCOME            -0.001      0.002     -0.950      0.342
    PARED             -0.006      0.002     -2.838      0.005
    PGSPARENT          0.000      0.002     -0.044      0.965
    PGSPEER           -0.001      0.002     -0.302      0.763
    PGSSCHOOL          0.003      0.002      1.652      0.098
    PGSNEIGHBO         0.001      0.002      0.316      0.752
    PGSAGE             0.004      0.003      1.272      0.203
    PGSSEX            -0.001      0.001     -1.553      0.121
    PGSINC            -0.001      0.002     -0.605      0.545
    PGSPARED           0.001      0.002      0.416      0.677
    PGSSINGPAR        -0.001      0.001     -0.851      0.395
    WHITE             -0.001      0.000     -2.275      0.023

 OTHER    WITH
    PGS                0.000      0.001     -0.218      0.828
    AGE                0.002      0.002      0.955      0.339
    SEX                0.000      0.001      0.081      0.936
    INCOME             0.000      0.001     -0.058      0.954
    PARED              0.001      0.002      0.693      0.488
    PGSPARENT         -0.001      0.001     -1.059      0.290
    PGSPEER            0.000      0.001     -0.148      0.882
    PGSSCHOOL         -0.001      0.001     -0.776      0.438
    PGSNEIGHBO        -0.003      0.001     -1.784      0.074
    PGSAGE             0.001      0.002      0.529      0.597
    PGSSEX             0.000      0.001     -0.555      0.579
    PGSINC            -0.001      0.001     -0.938      0.348
    PGSPARED          -0.001      0.002     -0.548      0.583
    PGSSINGPAR         0.000      0.001      0.693      0.488
    WHITE             -0.005      0.001     -5.325      0.000
    NATIVE             0.000      0.000      0.211      0.833

 HISPANIC WITH
    PGS               -0.001      0.002     -0.754      0.451
    AGE                0.006      0.003      2.279      0.023
    SEX                0.000      0.001      0.192      0.847
    INCOME            -0.001      0.001     -0.744      0.457
    PARED              0.000      0.002      0.209      0.834
    PGSPARENT          0.002      0.002      0.832      0.405
    PGSPEER           -0.002      0.002     -0.858      0.391
    PGSSCHOOL          0.000      0.002      0.230      0.818
    PGSNEIGHBO        -0.001      0.001     -0.500      0.617
    PGSAGE             0.001      0.002      0.231      0.817
    PGSSEX             0.000      0.001     -0.604      0.546
    PGSINC             0.000      0.002     -0.151      0.880
    PGSPARED           0.002      0.002      1.054      0.292
    PGSSINGPAR         0.000      0.001     -0.068      0.946
    WHITE             -0.003      0.001     -3.726      0.000
    NATIVE             0.000      0.000      0.445      0.656
    OTHER              0.003      0.001      4.139      0.000

 SINGLE_P WITH
    PGS                0.032      0.006      5.629      0.000
    AGE                0.013      0.010      1.255      0.209
    SEX                0.001      0.003      0.169      0.866
    INCOME            -0.107      0.006    -19.071      0.000
    PARED             -0.040      0.007     -5.315      0.000
    PGSPARENT          0.000      0.006     -0.005      0.996
    PGSPEER           -0.001      0.006     -0.135      0.892
    PGSSCHOOL          0.007      0.006      1.102      0.270
    PGSNEIGHBO         0.002      0.006      0.377      0.706
    PGSAGE             0.001      0.010      0.150      0.881
    PGSSEX             0.002      0.003      0.646      0.518
    PGSINC            -0.007      0.005     -1.335      0.182
    PGSPARED           0.011      0.007      1.693      0.090
    PGSSINGPAR         0.008      0.003      2.971      0.003
    WHITE              0.000      0.000     -0.035      0.972
    NATIVE             0.000      0.001      0.024      0.981
    OTHER              0.000      0.000     -0.770      0.441
    HISPANIC           0.001      0.001      1.581      0.114

 Means
    PGS                0.000      0.013      0.000      1.000
    AGE                0.000      0.023     -0.009      0.993
    SEX                0.034      0.007      4.986      0.000
    INCOME            -0.008      0.012     -0.642      0.521
    PARED             -0.005      0.015     -0.354      0.723
    PGSPARENT         -0.060      0.014     -4.172      0.000
    PGSPEER            0.156      0.014     11.232      0.000
    PGSSCHOOL         -0.122      0.014     -8.982      0.000
    PGSNEIGHBO        -0.058      0.014     -4.180      0.000
    PGSAGE             0.001      0.024      0.054      0.957
    PGSSEX             0.013      0.007      1.862      0.063
    PGSINC            -0.062      0.011     -5.400      0.000
    PGSPARED          -0.131      0.015     -8.994      0.000
    PGSSINGPAR         0.032      0.007      4.712      0.000
    WHITE              0.994      0.001    899.077      0.000
    NATIVE             0.021      0.002     10.417      0.000
    OTHER              0.007      0.001      5.982      0.000
    HISPANIC           0.013      0.002      8.409      0.000
    SINGLE_PAR        -0.260      0.006    -45.724      0.000

 Intercepts
    PARENT             0.176      0.319      0.552      0.581
    PEER              -0.234      0.334     -0.699      0.485
    SCHOOL             0.250      0.302      0.827      0.408
    NEIGHBOR           0.208      0.288      0.722      0.470
    ASB#1             -4.211      3.778     -1.115      0.265
    ASB#2             -2.401      1.651     -1.455      0.146
    ASB#3             -5.240      3.712     -1.412      0.158
    SUB#1              0.226      1.597      0.141      0.888
    SUB#2             -0.203      2.203     -0.092      0.926

 Variances
    PGS                1.000      0.019     51.851      0.000
    AGE                2.931      0.042     70.500      0.000
    SEX                0.249      0.000    528.749      0.000
    INCOME             0.600      0.024     24.750      0.000
    PARED              1.234      0.021     59.596      0.000
    PGSPARENT          0.987      0.046     21.601      0.000
    PGSPEER            1.003      0.037     27.435      0.000
    PGSSCHOOL          0.960      0.036     26.691      0.000
    PGSNEIGHBO         1.019      0.048     21.057      0.000
    PGSAGE             2.903      0.091     31.977      0.000
    PGSSEX             0.250      0.005     52.089      0.000
    PGSINC             0.562      0.039     14.490      0.000
    PGSPARED           1.205      0.039     30.654      0.000
    PGSSINGPAR         0.249      0.005     51.783      0.000
    WHITE              0.006      0.001      5.884      0.000
    NATIVE             0.021      0.002     10.647      0.000
    OTHER              0.007      0.001      6.026      0.000
    HISPANIC           0.013      0.001      8.526      0.000
    SINGLE_PAR         0.182      0.003     61.657      0.000

 Residual Variances
    PARENT             0.961      0.026     37.366      0.000
    PEER               0.859      0.017     49.342      0.000
    SCHOOL             0.961      0.020     48.498      0.000
    NEIGHBOR           0.972      0.021     46.009      0.000

New/Additional Parameters
    INDASB11           0.008      0.007      1.091      0.275
    INDASB12           0.176      0.026      6.742      0.000
    INDASB13           0.034      0.016      2.129      0.033
    INDASB14           0.002      0.007      0.285      0.776
    TOTALASB           0.763      0.198      3.845      0.000
    INDASB21           0.012      0.004      2.740      0.006
    INDASB22           0.024      0.008      3.011      0.003
    INDASB23           0.009      0.006      1.523      0.128
    INDASB24          -0.001      0.003     -0.212      0.832
    TOTALASB           0.134      0.054      2.461      0.014
    INDASB31           0.013      0.005      2.721      0.007
    INDASB32           0.101      0.014      7.454      0.000
    INDASB33           0.027      0.008      3.360      0.001
    INDASB34           0.000      0.003     -0.069      0.945
    TOTALASB           0.183      0.097      1.883      0.060
    INDSUB11           0.001      0.002      0.544      0.587
    INDSUB12           0.089      0.011      8.343      0.000
    INDSUB13           0.019      0.005      3.917      0.000
    INDSUB14           0.002      0.002      1.091      0.275
    TOTALSUB           0.394      0.046      8.580      0.000
    INDSUB21          -0.006      0.004     -1.598      0.110
    INDSUB22          -0.091      0.014     -6.702      0.000
    INDSUB23           0.000      0.006      0.031      0.975
    INDSUB24           0.005      0.003      1.804      0.071
    TOTALSUB          -0.261      0.074     -3.533      0.000


LOGISTIC REGRESSION ODDS RATIO RESULTS

 ASB#1      ON
    PGSPARENT          0.884
    PGSPEER            0.814
    PGSSCHOOL          1.102
    PGSNEIGHBO         0.903
    PGSAGE             1.029
    PGSSEX             1.214
    PGSINC             0.961
    PGSPARED           0.898
    PGSSINGPAR         0.896
    SUB_HI_DUM         4.606
    SUB_LO_DUM         0.391
    AGE                0.663
    SEX                0.059
    INCOME             0.879
    PARED              1.260
    WHITE              0.114
    NATIVE             1.325
    OTHER              0.193
    HISPANIC           0.817
    SINGLE_PAR         0.901
    PGS                1.721
    PARENT             0.857
    PEER               3.568
    SCHOOL             0.723
    NEIGHBOR           0.961

 ASB#2      ON
    PGSPARENT          1.077
    PGSPEER            1.006
    PGSSCHOOL          0.973
    PGSNEIGHBO         0.969
    PGSAGE             1.007
    PGSSEX             1.078
    PGSINC             0.978
    PGSPARED           1.083
    PGSSINGPAR         0.841
    SUB_HI_DUM         2.081
    SUB_LO_DUM         0.409
    AGE                0.898
    SEX                0.270
    INCOME             1.057
    PARED              1.071
    WHITE              1.155
    NATIVE             1.250
    OTHER              2.318
    HISPANIC           1.343
    SINGLE_PAR         0.967
    PGS                1.094
    PARENT             0.801
    PEER               1.186
    SCHOOL             0.916
    NEIGHBOR           1.012

 ASB#3      ON
    PGSPARENT          0.925
    PGSPEER            0.998
    PGSSCHOOL          0.983
    PGSNEIGHBO         1.032
    PGSAGE             1.003
    PGSSEX             1.077
    PGSINC             0.962
    PGSPARED           1.035
    PGSSINGPAR         1.308
    SUB_HI_DUM         1.812
    SUB_LO_DUM         0.570
    AGE                0.714
    SEX                0.351
    INCOME             1.165
    PARED              1.031
    WHITE              7.707
    NATIVE             1.113
    OTHER              5.695
    HISPANIC           2.286
    SINGLE_PAR         1.133
    PGS                1.043
    PARENT             0.781
    PEER               2.075
    SCHOOL             0.771
    NEIGHBOR           1.005

 SUB#1      ON
    PGSPARENT          0.977
    PGSPEER            0.921
    PGSSCHOOL          1.004
    PGSNEIGHBO         1.079
    PGSAGE             1.056
    PGSSEX             1.161
    PGSINC             0.919
    PGSPARED           1.056
    PGSSINGPAR         0.994
    ASB_HI_DUM         4.398
    ASB_MOD_DU         2.092
    ASB_ADO_DU         1.838
    AGE                0.878
    SEX                0.824
    INCOME             0.945
    PARED              0.902
    WHITE              0.691
    NATIVE             0.989
    OTHER              0.361
    HISPANIC           0.846
    SINGLE_PAR         1.240
    PGS                1.328
    PARENT             0.980
    PEER               1.896
    SCHOOL             0.834
    NEIGHBOR           0.958

 SUB#2      ON
    PGSPARENT          1.053
    PGSPEER            1.085
    PGSSCHOOL          0.967
    PGSNEIGHBO         1.025
    PGSAGE             1.024
    PGSSEX             0.951
    PGSINC             1.008
    PGSPARED           0.956
    PGSSINGPAR         0.858
    ASB_HI_DUM         0.611
    ASB_MOD_DU         0.428
    ASB_ADO_DU         0.686
    AGE                1.144
    SEX                1.444
    INCOME             0.775
    PARED              0.816
    WHITE              0.325
    NATIVE             1.219
    OTHER              0.251
    HISPANIC           0.726
    SINGLE_PAR         0.978
    PGS                0.844
    PARENT             1.116
    PEER               0.519
    SCHOOL             0.998
    NEIGHBOR           0.896


CONFIDENCE INTERVALS OF MODEL RESULTS

                  Lower .5%  Lower 2.5%    Lower 5%    Estimate    Upper 5%  Upper 2.5%   Upper .5%

 PARENT   ON
    AGE             -0.125      -0.118      -0.116      -0.102      -0.091      -0.089      -0.084
    SEX             -0.240      -0.218      -0.214      -0.167      -0.120      -0.108      -0.099
    INCOME          -0.020      -0.004       0.000       0.040       0.080       0.088       0.102
    PARED           -0.016      -0.009      -0.004       0.022       0.046       0.051       0.060
    WHITE           -1.162      -0.734      -0.690      -0.178       0.353       0.437       0.652
    NATIVE          -0.377      -0.301      -0.285      -0.110       0.047       0.086       0.160
    OTHER           -1.175      -1.001      -0.869      -0.332       0.147       0.292       0.501
    HISPANIC        -0.319      -0.227      -0.183       0.021       0.236       0.302       0.365
    SINGLE_PAR      -0.109      -0.089      -0.078      -0.015       0.047       0.062       0.080
    PGS             -0.092      -0.085      -0.078      -0.053      -0.033      -0.027      -0.020

 PEER     ON
    AGE              0.157       0.161       0.163       0.176       0.187       0.191       0.193
    SEX             -0.099      -0.085      -0.075      -0.035       0.008       0.015       0.035
    INCOME          -0.041      -0.033      -0.025       0.011       0.047       0.053       0.065
    PARED           -0.124      -0.116      -0.111      -0.087      -0.067      -0.063      -0.055
    WHITE           -0.727      -0.385      -0.287       0.287       0.770       0.938       1.173
    NATIVE          -0.062       0.017       0.039       0.210       0.376       0.404       0.475
    OTHER           -0.253      -0.019       0.082       0.675       1.164       1.301       1.492
    HISPANIC        -0.463      -0.383      -0.332      -0.133       0.081       0.134       0.225
    SINGLE_PAR       0.141       0.159       0.167       0.221       0.276       0.290       0.317
    PGS              0.103       0.111       0.116       0.138       0.159       0.164       0.170

 SCHOOL   ON
    AGE             -0.079      -0.077      -0.074      -0.060      -0.047      -0.043      -0.038
    SEX             -0.083      -0.065      -0.057      -0.014       0.030       0.037       0.061
    INCOME          -0.019      -0.011      -0.008       0.034       0.074       0.083       0.099
    PARED            0.032       0.044       0.048       0.074       0.099       0.104       0.115
    WHITE           -1.069      -0.843      -0.780      -0.282       0.192       0.297       0.564
    NATIVE          -0.430      -0.355      -0.329      -0.144       0.021       0.055       0.118
    OTHER           -1.118      -0.958      -0.869      -0.440       0.016       0.123       0.293
    HISPANIC        -0.371      -0.284      -0.227      -0.014       0.185       0.225       0.345
    SINGLE_PAR      -0.215      -0.190      -0.180      -0.127      -0.064      -0.045      -0.037
    PGS             -0.139      -0.131      -0.128      -0.106      -0.083      -0.078      -0.071

 NEIGHBOR ON
    AGE             -0.077      -0.074      -0.071      -0.058      -0.046      -0.043      -0.039
    SEX             -0.105      -0.079      -0.073      -0.027       0.018       0.027       0.043
    INCOME          -0.025      -0.013      -0.008       0.032       0.074       0.080       0.106
    PARED           -0.030      -0.018      -0.012       0.012       0.035       0.042       0.049
    WHITE           -0.965      -0.793      -0.698      -0.260       0.261       0.349       0.524
    NATIVE          -0.462      -0.377      -0.345      -0.172       0.020       0.054       0.126
    OTHER           -1.058      -0.904      -0.834      -0.366       0.071       0.169       0.292
    HISPANIC        -0.531      -0.456      -0.423      -0.211      -0.034       0.015       0.106
    SINGLE_PAR      -0.318      -0.299      -0.289      -0.230      -0.173      -0.165      -0.143
    PGS             -0.081      -0.076      -0.071      -0.047      -0.026      -0.020      -0.011

 ASB#1    ON
    PGSPARENT       -0.444      -0.371      -0.316      -0.123       0.083       0.135       0.232
    PGSPEER         -0.504      -0.405      -0.366      -0.206      -0.019       0.010       0.064
    PGSSCHOOL       -0.239      -0.169      -0.112       0.097       0.347       0.381       0.469
    PGSNEIGHBO      -0.429      -0.322      -0.285      -0.102       0.124       0.181       0.256
    PGSAGE          -0.164      -0.115      -0.096       0.028       0.156       0.173       0.242
    PGSSEX          -0.581      -0.410      -0.277       0.194       0.582       0.683       0.912
    PGSINC          -0.535      -0.400      -0.342      -0.040       0.258       0.327       0.442
    PGSPARED        -0.413      -0.346      -0.300      -0.108       0.097       0.147       0.237
    PGSSINGPAR      -0.903      -0.703      -0.579      -0.110       0.283       0.402       0.613
    SUB_HI_DUM       0.627       0.881       1.000       1.527       2.472       2.633       2.980
    SUB_LO_DUM     -12.937     -11.675     -11.410      -0.940       0.498       0.703       1.104
    AGE             -0.659      -0.575      -0.543      -0.412      -0.299      -0.273      -0.215
    SEX             -4.443      -3.742      -3.613      -2.836      -2.288      -2.218      -2.023
    INCOME          -0.546      -0.439      -0.390      -0.129       0.164       0.213       0.370
    PARED           -0.104      -0.017       0.012       0.231       0.431       0.463       0.534
    WHITE          -14.124     -12.066      -9.321      -2.175       5.647       6.135       7.012
    NATIVE         -12.599      -9.513      -8.624       0.282       1.136       1.321       1.585
    OTHER          -22.554     -18.525     -12.711      -1.644       0.772       1.069       1.844
    HISPANIC        -9.761      -7.992      -7.481      -0.202       1.330       1.624       2.047
    SINGLE_PAR      -0.895      -0.770      -0.664      -0.105       0.330       0.420       0.615
    PGS             -0.010       0.131       0.208       0.543       0.817       0.877       1.003
    PARENT          -0.515      -0.412      -0.368      -0.154       0.049       0.097       0.191
    PEER             0.954       1.023       1.067       1.272       1.501       1.558       1.685
    SCHOOL          -0.732      -0.637      -0.602      -0.325      -0.089      -0.057       0.043
    NEIGHBOR        -0.375      -0.291      -0.253      -0.040       0.193       0.258       0.351

 ASB#2    ON
    PGSPARENT       -0.048      -0.027      -0.007       0.075       0.156       0.167       0.201
    PGSPEER         -0.104      -0.082      -0.068       0.006       0.079       0.101       0.128
    PGSSCHOOL       -0.171      -0.133      -0.117      -0.028       0.053       0.071       0.097
    PGSNEIGHBO      -0.162      -0.121      -0.106      -0.031       0.052       0.072       0.097
    PGSAGE          -0.078      -0.057      -0.047       0.007       0.053       0.063       0.078
    PGSSEX          -0.183      -0.121      -0.094       0.075       0.219       0.260       0.313
    PGSINC          -0.221      -0.186      -0.162      -0.022       0.122       0.138       0.169
    PGSPARED        -0.050      -0.013       0.003       0.080       0.167       0.183       0.219
    PGSSINGPAR      -0.454      -0.383      -0.351      -0.173       0.007       0.049       0.150
    SUB_HI_DUM       0.520       0.556       0.584       0.733       0.910       0.967       1.060
    SUB_LO_DUM      -1.489      -1.391      -1.311      -0.894      -0.562      -0.503      -0.366
    AGE             -0.195      -0.175      -0.160      -0.107      -0.062      -0.051      -0.030
    SEX             -1.581      -1.518      -1.484      -1.308      -1.148      -1.123      -1.064
    INCOME          -0.141      -0.087      -0.065       0.055       0.209       0.242       0.301
    PARED           -0.057      -0.031      -0.016       0.068       0.143       0.164       0.189
    WHITE           -8.108      -2.236      -1.764       0.144       2.123       2.454       9.894
    NATIVE          -0.756      -0.503      -0.343       0.223       0.660       0.784       0.900
    OTHER           -6.862      -1.941      -1.282       0.841       2.493       2.765       4.082
    HISPANIC        -0.941      -0.631      -0.403       0.295       0.851       0.907       1.161
    SINGLE_PAR      -0.340      -0.257      -0.225      -0.033       0.149       0.185       0.217
    PGS             -0.032      -0.012       0.001       0.090       0.181       0.194       0.228
    PARENT          -0.346      -0.316      -0.306      -0.221      -0.136      -0.120      -0.088
    PEER             0.030       0.063       0.080       0.170       0.254       0.281       0.314
    SCHOOL          -0.226      -0.195      -0.179      -0.088      -0.005       0.017       0.060
    NEIGHBOR        -0.119      -0.094      -0.073       0.012       0.102       0.115       0.143

 ASB#3    ON
    PGSPARENT       -0.245      -0.208      -0.194      -0.078       0.013       0.030       0.074
    PGSPEER         -0.165      -0.120      -0.105      -0.002       0.095       0.109       0.149
    PGSSCHOOL       -0.226      -0.169      -0.131      -0.018       0.099       0.127       0.159
    PGSNEIGHBO      -0.138      -0.107      -0.090       0.031       0.151       0.168       0.216
    PGSAGE          -0.119      -0.083      -0.072       0.003       0.068       0.080       0.105
    PGSSEX          -0.318      -0.208      -0.175       0.075       0.308       0.342       0.444
    PGSINC          -0.288      -0.243      -0.228      -0.038       0.129       0.151       0.191
    PGSPARED        -0.116      -0.089      -0.068       0.035       0.146       0.177       0.211
    PGSSINGPAR      -0.179      -0.090      -0.019       0.269       0.539       0.603       0.669
    SUB_HI_DUM       0.211       0.350       0.368       0.595       0.839       0.897       0.977
    SUB_LO_DUM      -1.449      -1.302      -1.202      -0.562      -0.106      -0.038       0.085
    AGE             -0.459      -0.424      -0.414      -0.337      -0.272      -0.251      -0.228
    SEX             -1.413      -1.306      -1.260      -1.046      -0.831      -0.775      -0.702
    INCOME          -0.084      -0.033      -0.008       0.152       0.343       0.377       0.416
    PARED           -0.172      -0.102      -0.089       0.031       0.134       0.166       0.183
    WHITE           -1.262      -0.250       0.071       2.042      11.913      12.907      13.966
    NATIVE          -1.070      -0.802      -0.630       0.107       0.716       0.806       0.986
    OTHER           -1.770      -0.357       0.214       1.740       3.398       3.771       4.424
    HISPANIC        -1.342      -0.694      -0.500       0.827       1.633       1.751       2.263
    SINGLE_PAR      -0.372      -0.220      -0.182       0.125       0.382       0.440       0.513
    PGS             -0.224      -0.171      -0.129       0.042       0.202       0.236       0.284
    PARENT          -0.377      -0.352      -0.334      -0.247      -0.147      -0.125      -0.077
    PEER             0.583       0.620       0.634       0.730       0.856       0.879       0.909
    SCHOOL          -0.437      -0.403      -0.375      -0.260      -0.151      -0.120      -0.071
    NEIGHBOR        -0.149      -0.114      -0.094       0.005       0.121       0.150       0.183

 SUB#1    ON
    PGSPARENT       -0.120      -0.098      -0.085      -0.023       0.041       0.059       0.086
    PGSPEER         -0.199      -0.163      -0.149      -0.083      -0.020      -0.012       0.015
    PGSSCHOOL       -0.103      -0.083      -0.069       0.004       0.070       0.080       0.106
    PGSNEIGHBO      -0.009       0.008       0.019       0.076       0.136       0.150       0.166
    PGSAGE           0.000       0.012       0.018       0.055       0.093       0.105       0.119
    PGSSEX          -0.020       0.021       0.045       0.149       0.273       0.296       0.345
    PGSINC          -0.249      -0.212      -0.192      -0.085       0.019       0.032       0.058
    PGSPARED        -0.056      -0.029      -0.012       0.055       0.121       0.136       0.150
    PGSSINGPAR      -0.240      -0.201      -0.154      -0.006       0.171       0.213       0.262
    ASB_HI_DUM       0.543       0.847       0.926       1.481       2.329       2.506       2.699
    ASB_MOD_DU       0.526       0.559       0.586       0.738       0.920       0.978       1.066
    ASB_ADO_DU       0.248       0.357       0.376       0.609       0.859       0.905       0.968
    AGE             -0.185      -0.173      -0.167      -0.130      -0.097      -0.088      -0.075
    SEX             -0.373      -0.329      -0.312      -0.194      -0.074      -0.054      -0.024
    INCOME          -0.214      -0.184      -0.168      -0.057       0.031       0.042       0.093
    PARED           -0.188      -0.173      -0.164      -0.104      -0.039      -0.028      -0.014
    WHITE          -11.585      -2.249      -1.743      -0.369       0.839       1.108       1.730
    NATIVE          -0.638      -0.501      -0.409      -0.011       0.417       0.473       0.630
    OTHER          -12.683      -3.085      -2.666      -1.020       0.045       0.385       1.028
    HISPANIC        -1.077      -0.752      -0.695      -0.168       0.306       0.407       0.602
    SINGLE_PAR       0.027       0.045       0.070       0.215       0.363       0.395       0.433
    PGS              0.170       0.204       0.210       0.284       0.358       0.372       0.420
    PARENT          -0.119      -0.096      -0.085      -0.021       0.040       0.046       0.067
    PEER             0.557       0.569       0.577       0.640       0.715       0.728       0.755
    SCHOOL          -0.288      -0.265      -0.251      -0.182      -0.120      -0.104      -0.083
    NEIGHBOR        -0.141      -0.117      -0.102      -0.043       0.014       0.023       0.041

 SUB#2    ON
    PGSPARENT       -0.077      -0.051      -0.037       0.051       0.144       0.162       0.198
    PGSPEER         -0.105      -0.067      -0.041       0.082       0.192       0.211       0.251
    PGSSCHOOL       -0.177      -0.152      -0.127      -0.034       0.065       0.085       0.132
    PGSNEIGHBO      -0.093      -0.065      -0.056       0.024       0.101       0.112       0.139
    PGSAGE          -0.053      -0.034      -0.027       0.024       0.068       0.076       0.088
    PGSSEX          -0.305      -0.240      -0.209      -0.050       0.101       0.130       0.156
    PGSINC          -0.175      -0.141      -0.109       0.008       0.136       0.155       0.194
    PGSPARED        -0.184      -0.136      -0.123      -0.045       0.032       0.054       0.092
    PGSSINGPAR      -0.484      -0.393      -0.347      -0.153       0.054       0.090       0.148
    ASB_HI_DUM     -13.876     -10.992     -10.749      -0.493       0.690       0.929       1.144
    ASB_MOD_DU      -1.443      -1.342      -1.271      -0.849      -0.530      -0.454      -0.322
    ASB_ADO_DU      -1.241      -1.091      -0.994      -0.377       0.073       0.138       0.246
    AGE              0.055       0.081       0.089       0.135       0.185       0.193       0.211
    SEX              0.130       0.188       0.217       0.368       0.515       0.539       0.591
    INCOME          -0.435      -0.402      -0.385      -0.255      -0.143      -0.118      -0.061
    PARED           -0.342      -0.301      -0.284      -0.203      -0.116      -0.094      -0.078
    WHITE          -11.304      -9.711      -3.273      -1.125       0.682       0.998       8.059
    NATIVE          -0.830      -0.540      -0.389       0.198       0.696       0.793       0.967
    OTHER          -12.316     -11.349     -10.941      -1.382      -0.134       0.128       0.960
    HISPANIC        -1.649      -1.297      -1.121      -0.320       0.257       0.417       0.712
    SINGLE_PAR      -0.286      -0.241      -0.207      -0.022       0.162       0.194       0.268
    PGS             -0.362      -0.311      -0.285      -0.170      -0.049      -0.019       0.013
    PARENT          -0.043       0.000       0.018       0.110       0.204       0.226       0.266
    PEER            -0.868      -0.817      -0.791      -0.656      -0.539      -0.511      -0.482
    SCHOOL          -0.137      -0.111      -0.091      -0.002       0.085       0.108       0.135
    NEIGHBOR        -0.239      -0.219      -0.191      -0.110      -0.029      -0.019      -0.001

 PARENT   WITH
    PEER            -0.215      -0.202      -0.199      -0.178      -0.155      -0.151      -0.142
    SCHOOL           0.289       0.300       0.304       0.329       0.355       0.362       0.368
    NEIGHBOR         0.188       0.197       0.202       0.226       0.251       0.257       0.268

 PEER     WITH
    SCHOOL          -0.271      -0.260      -0.256      -0.233      -0.211      -0.205      -0.197
    NEIGHBOR        -0.107      -0.104      -0.099      -0.078      -0.057      -0.051      -0.044

 SCHOOL   WITH
    NEIGHBOR         0.265       0.275       0.281       0.305       0.331       0.335       0.347

 AGE      WITH
    PGS             -0.064      -0.051      -0.043       0.001       0.037       0.045       0.058

 SEX      WITH
    PGS             -0.004      -0.001       0.002       0.013       0.025       0.028       0.031
    AGE             -0.090      -0.077      -0.074      -0.054      -0.034      -0.031      -0.025

 INCOME   WITH
    PGS             -0.091      -0.084      -0.079      -0.061      -0.041      -0.039      -0.034
    AGE             -0.053      -0.035      -0.029       0.008       0.038       0.044       0.056
    SEX             -0.009      -0.006      -0.004       0.004       0.013       0.016       0.017

 PARED    WITH
    PGS             -0.166      -0.160      -0.155      -0.131      -0.106      -0.102      -0.096
    AGE             -0.172      -0.156      -0.148      -0.099      -0.053      -0.047      -0.023
    SEX             -0.032      -0.024      -0.020      -0.008       0.004       0.006       0.012
    INCOME           0.329       0.333       0.339       0.363       0.390       0.396       0.404

 PGSPAREN WITH
    PGS             -0.051      -0.033      -0.027       0.015       0.056       0.066       0.076
    AGE             -0.045      -0.032      -0.022       0.020       0.060       0.068       0.085
    SEX             -0.005      -0.001       0.001       0.012       0.023       0.025       0.029
    INCOME          -0.036      -0.029      -0.025      -0.006       0.017       0.019       0.026
    PARED           -0.078      -0.067      -0.061      -0.034      -0.005       0.000       0.013

 PGSPEER  WITH
    PGS             -0.052      -0.040      -0.031       0.008       0.049       0.056       0.071
    AGE             -0.024      -0.008      -0.004       0.039       0.075       0.083       0.100
    SEX             -0.016      -0.011      -0.008       0.003       0.014       0.017       0.022
    INCOME          -0.024      -0.017      -0.012       0.007       0.025       0.029       0.037
    PARED           -0.027      -0.017      -0.010       0.019       0.047       0.053       0.060
    PGSPARENT       -0.313      -0.304      -0.298      -0.258      -0.223      -0.215      -0.194

 PGSSCHOO WITH
    PGS             -0.054      -0.045      -0.038      -0.001       0.036       0.046       0.059
    AGE             -0.061      -0.043      -0.034       0.004       0.046       0.055       0.072
    SEX             -0.007      -0.001       0.001       0.013       0.024       0.026       0.031
    INCOME          -0.010      -0.006      -0.001       0.018       0.037       0.042       0.045
    PARED           -0.016      -0.009      -0.005       0.024       0.051       0.058       0.066
    PGSPARENT        0.302       0.335       0.342       0.379       0.426       0.435       0.455
    PGSPEER         -0.382      -0.368      -0.361      -0.319      -0.273      -0.261      -0.249

 PGSNEIGH WITH
    PGS             -0.055      -0.046      -0.039       0.003       0.043       0.051       0.068
    AGE             -0.085      -0.067      -0.063      -0.019       0.018       0.025       0.045
    SEX             -0.018      -0.012      -0.011       0.002       0.014       0.016       0.019
    INCOME          -0.021      -0.013      -0.009       0.010       0.031       0.035       0.042
    PARED           -0.058      -0.050      -0.047      -0.022       0.005       0.011       0.016
    PGSPARENT        0.198       0.214       0.226       0.272       0.320       0.324       0.341
    PGSPEER         -0.206      -0.186      -0.179      -0.137      -0.098      -0.090      -0.072
    PGSSCHOOL        0.278       0.292       0.303       0.343       0.387       0.395       0.408

 PGSAGE   WITH
    PGS             -0.037      -0.004       0.016       0.078       0.146       0.162       0.175
    AGE             -0.157      -0.102      -0.084       0.017       0.113       0.126       0.145
    SEX             -0.029      -0.023      -0.019       0.001       0.020       0.024       0.032
    INCOME          -0.023      -0.010      -0.006       0.024       0.056       0.062       0.070
    PARED           -0.031      -0.017      -0.008       0.036       0.081       0.091       0.104
    PGSPARENT       -0.413      -0.387      -0.368      -0.297      -0.228      -0.216      -0.186
    PGSPEER          0.388       0.419       0.429       0.499       0.565       0.573       0.607
    PGSSCHOOL       -0.280      -0.261      -0.246      -0.181      -0.115      -0.103      -0.068
    PGSNEIGHBO      -0.235      -0.221      -0.209      -0.136      -0.065      -0.052      -0.036

 PGSSEX   WITH
    PGS             -0.006       0.001       0.006       0.025       0.044       0.047       0.053
    AGE             -0.029      -0.023      -0.019       0.001       0.020       0.023       0.030
    SEX             -0.010      -0.007      -0.006       0.000       0.005       0.006       0.008
    INCOME          -0.016      -0.013      -0.012      -0.002       0.009       0.010       0.013
    PARED           -0.023      -0.016      -0.014      -0.001       0.012       0.014       0.019
    PGSPARENT       -0.057      -0.050      -0.046      -0.025      -0.006      -0.001       0.004
    PGSPEER         -0.044      -0.036      -0.032      -0.012       0.008       0.012       0.018
    PGSSCHOOL       -0.028      -0.019      -0.017       0.002       0.020       0.025       0.030
    PGSNEIGHBO      -0.033      -0.022      -0.019       0.001       0.021       0.024       0.034
    PGSAGE          -0.101      -0.089      -0.084      -0.048      -0.015      -0.008       0.006

 PGSINC   WITH
    PGS             -0.037      -0.029      -0.021       0.013       0.045       0.053       0.068
    AGE             -0.023      -0.010      -0.007       0.024       0.056       0.061       0.070
    SEX             -0.014      -0.012      -0.010       0.000       0.010       0.011       0.014
    INCOME          -0.022      -0.003       0.006       0.042       0.082       0.088       0.103
    PARED           -0.039      -0.031      -0.026      -0.002       0.025       0.031       0.037
    PGSPARENT       -0.010      -0.001       0.006       0.036       0.069       0.077       0.087
    PGSPEER         -0.100      -0.088      -0.085      -0.052      -0.023      -0.018      -0.008
    PGSSCHOOL        0.022       0.031       0.037       0.068       0.100       0.110       0.119
    PGSNEIGHBO       0.036       0.041       0.045       0.081       0.118       0.126       0.141
    PGSAGE          -0.066      -0.052      -0.042       0.015       0.068       0.077       0.099
    PGSSEX          -0.018      -0.012      -0.010       0.005       0.021       0.022       0.026

 PGSPARED WITH
    PGS             -0.043      -0.030      -0.024       0.024       0.064       0.073       0.087
    AGE             -0.030      -0.015      -0.007       0.037       0.080       0.091       0.105
    SEX             -0.019      -0.012      -0.010       0.003       0.015       0.018       0.022
    INCOME          -0.038      -0.031      -0.027      -0.003       0.023       0.029       0.038
    PARED           -0.079      -0.066      -0.056      -0.012       0.031       0.040       0.055
    PGSPARENT       -0.004       0.012       0.023       0.070       0.121       0.125       0.145
    PGSPEER         -0.199      -0.185      -0.176      -0.133      -0.088      -0.081      -0.056
    PGSSCHOOL        0.040       0.058       0.062       0.103       0.143       0.152       0.167
    PGSNEIGHBO      -0.017       0.007       0.015       0.059       0.105       0.117       0.129
    PGSAGE          -0.276      -0.248      -0.233      -0.149      -0.075      -0.057      -0.036
    PGSSEX          -0.034      -0.028      -0.026      -0.004       0.018       0.023       0.028
    PGSINC           0.307       0.317       0.324       0.358       0.401       0.409       0.419

 PGSSINGP WITH
    PGS             -0.310      -0.305      -0.302      -0.284      -0.264      -0.260      -0.253
    AGE             -0.032      -0.022      -0.019       0.001       0.022       0.025       0.029
    SEX             -0.013      -0.011      -0.009      -0.003       0.003       0.004       0.007
    INCOME          -0.006      -0.002      -0.001       0.009       0.017       0.019       0.023
    PARED            0.026       0.030       0.034       0.046       0.059       0.061       0.065
    PGSPARENT       -0.053      -0.044      -0.040      -0.021      -0.001       0.004       0.013
    PGSPEER          0.014       0.018       0.023       0.042       0.062       0.066       0.072
    PGSSCHOOL       -0.050      -0.044      -0.041      -0.024      -0.003       0.000       0.005
    PGSNEIGHBO      -0.078      -0.073      -0.069      -0.048      -0.028      -0.023      -0.015
    PGSAGE          -0.068      -0.056      -0.050      -0.014       0.020       0.027       0.034
    PGSSEX          -0.027      -0.024      -0.022      -0.012      -0.003      -0.001       0.003
    PGSINC          -0.123      -0.117      -0.115      -0.098      -0.080      -0.078      -0.072
    PGSPARED        -0.076      -0.064      -0.059      -0.035      -0.012      -0.008       0.000

 WHITE    WITH
    PGS             -0.003      -0.002      -0.002       0.000       0.002       0.002       0.003
    AGE             -0.005      -0.004      -0.004      -0.001       0.001       0.002       0.002
    SEX             -0.001      -0.001      -0.001       0.000       0.001       0.001       0.002
    INCOME          -0.001      -0.001      -0.001       0.001       0.003       0.003       0.004
    PARED           -0.006      -0.004      -0.004      -0.001       0.002       0.002       0.004
    PGSPARENT       -0.002      -0.001      -0.001       0.002       0.005       0.005       0.006
    PGSPEER         -0.004      -0.002      -0.002       0.001       0.003       0.003       0.004
    PGSSCHOOL       -0.002      -0.001      -0.001       0.001       0.004       0.004       0.005
    PGSNEIGHBO      -0.001      -0.001      -0.001       0.002       0.004       0.005       0.006
    PGSAGE          -0.003      -0.002      -0.002       0.001       0.003       0.003       0.004
    PGSSEX          -0.001      -0.001       0.000       0.001       0.002       0.002       0.002
    PGSINC          -0.002      -0.001      -0.001       0.001       0.003       0.003       0.004
    PGSPARED        -0.003      -0.002      -0.002       0.001       0.004       0.004       0.005
    PGSSINGPAR      -0.002      -0.001      -0.001       0.000       0.001       0.001       0.001

 NATIVE   WITH
    PGS             -0.003      -0.002      -0.002       0.002       0.005       0.005       0.006
    AGE             -0.005      -0.004      -0.003       0.002       0.007       0.009       0.010
    SEX             -0.005      -0.004      -0.004      -0.002       0.000       0.000       0.000
    INCOME          -0.005      -0.005      -0.004      -0.001       0.001       0.002       0.003
    PARED           -0.011      -0.010      -0.009      -0.006      -0.002      -0.002      -0.001
    PGSPARENT       -0.005      -0.004      -0.003       0.000       0.003       0.004       0.005
    PGSPEER         -0.006      -0.005      -0.004      -0.001       0.003       0.003       0.005
    PGSSCHOOL       -0.001       0.000       0.000       0.003       0.005       0.006       0.006
    PGSNEIGHBO      -0.005      -0.004      -0.003       0.001       0.005       0.006       0.008
    PGSAGE          -0.003      -0.002      -0.001       0.004       0.008       0.009       0.012
    PGSSEX          -0.004      -0.003      -0.003      -0.001       0.000       0.000       0.001
    PGSINC          -0.005      -0.004      -0.004      -0.001       0.002       0.002       0.003
    PGSPARED        -0.005      -0.003      -0.003       0.001       0.004       0.005       0.006
    PGSSINGPAR      -0.003      -0.003      -0.002      -0.001       0.001       0.001       0.002
    WHITE           -0.002      -0.002      -0.002      -0.001       0.000       0.000       0.000

 OTHER    WITH
    PGS             -0.003      -0.003      -0.002       0.000       0.002       0.002       0.003
    AGE             -0.004      -0.002      -0.001       0.002       0.005       0.006       0.006
    SEX             -0.002      -0.001      -0.001       0.000       0.001       0.001       0.002
    INCOME          -0.003      -0.002      -0.002       0.000       0.002       0.002       0.002
    PARED           -0.004      -0.003      -0.002       0.001       0.004       0.005       0.005
    PGSPARENT       -0.005      -0.004      -0.004      -0.001       0.001       0.001       0.002
    PGSPEER         -0.004      -0.003      -0.003       0.000       0.002       0.003       0.004
    PGSSCHOOL       -0.005      -0.004      -0.004      -0.001       0.001       0.001       0.002
    PGSNEIGHBO      -0.007      -0.006      -0.005      -0.003       0.000       0.000       0.001
    PGSAGE          -0.004      -0.003      -0.002       0.001       0.004       0.005       0.007
    PGSSEX          -0.002      -0.002      -0.001       0.000       0.001       0.001       0.001
    PGSINC          -0.004      -0.003      -0.003      -0.001       0.001       0.001       0.002
    PGSPARED        -0.005      -0.005      -0.004      -0.001       0.002       0.002       0.003
    PGSSINGPAR      -0.001      -0.001      -0.001       0.000       0.001       0.001       0.002
    WHITE           -0.008      -0.008      -0.007      -0.005      -0.004      -0.004      -0.003
    NATIVE           0.000       0.000       0.000       0.000       0.000       0.001       0.001

 HISPANIC WITH
    PGS             -0.005      -0.004      -0.004      -0.001       0.001       0.002       0.003
    AGE              0.000       0.001       0.001       0.006       0.011       0.012       0.013
    SEX             -0.002      -0.001      -0.001       0.000       0.001       0.002       0.002
    INCOME          -0.005      -0.004      -0.004      -0.001       0.001       0.002       0.002
    PARED           -0.005      -0.004      -0.003       0.000       0.003       0.004       0.006
    PGSPARENT       -0.003      -0.002      -0.002       0.002       0.004       0.005       0.006
    PGSPEER         -0.007      -0.005      -0.004      -0.002       0.001       0.002       0.003
    PGSSCHOOL       -0.004      -0.003      -0.002       0.000       0.003       0.003       0.005
    PGSNEIGHBO      -0.005      -0.004      -0.003      -0.001       0.001       0.002       0.003
    PGSAGE          -0.005      -0.004      -0.004       0.001       0.004       0.005       0.007
    PGSSEX          -0.002      -0.002      -0.002       0.000       0.001       0.001       0.001
    PGSINC          -0.005      -0.004      -0.004       0.000       0.003       0.003       0.004
    PGSPARED        -0.003      -0.002      -0.001       0.002       0.006       0.007       0.009
    PGSSINGPAR      -0.002      -0.002      -0.001       0.000       0.001       0.001       0.002
    WHITE           -0.005      -0.004      -0.004      -0.003      -0.002      -0.001      -0.001
    NATIVE           0.000       0.000       0.000       0.000       0.001       0.001       0.001
    OTHER            0.001       0.002       0.002       0.003       0.005       0.005       0.006

 SINGLE_P WITH
    PGS              0.018       0.021       0.023       0.032       0.041       0.043       0.048
    AGE             -0.013      -0.006      -0.003       0.013       0.031       0.035       0.040
    SEX             -0.008      -0.006      -0.005       0.001       0.005       0.006       0.008
    INCOME          -0.122      -0.119      -0.117      -0.107      -0.098      -0.096      -0.092
    PARED           -0.061      -0.055      -0.053      -0.040      -0.028      -0.025      -0.021
    PGSPARENT       -0.014      -0.013      -0.011       0.000       0.009       0.011       0.017
    PGSPEER         -0.020      -0.011      -0.010      -0.001       0.009       0.011       0.015
    PGSSCHOOL       -0.011      -0.005      -0.003       0.007       0.016       0.018       0.021
    PGSNEIGHBO      -0.016      -0.011      -0.008       0.002       0.012       0.014       0.018
    PGSAGE          -0.025      -0.018      -0.015       0.001       0.017       0.022       0.026
    PGSSEX          -0.006      -0.004      -0.003       0.002       0.007       0.008       0.010
    PGSINC          -0.020      -0.018      -0.016      -0.007       0.002       0.004       0.006
    PGSPARED        -0.007      -0.002       0.000       0.011       0.023       0.025       0.029
    PGSSINGPAR       0.001       0.003       0.003       0.008       0.013       0.014       0.015
    WHITE           -0.002      -0.001      -0.001       0.000       0.001       0.001       0.001
    NATIVE          -0.002      -0.002      -0.001       0.000       0.001       0.002       0.002
    OTHER           -0.001      -0.001      -0.001       0.000       0.000       0.001       0.001
    HISPANIC        -0.001       0.000       0.000       0.001       0.002       0.003       0.003

 Means
    PGS             -0.037      -0.027      -0.023       0.000       0.022       0.027       0.031
    AGE             -0.063      -0.044      -0.039       0.000       0.038       0.044       0.066
    SEX              0.018       0.021       0.023       0.034       0.045       0.046       0.050
    INCOME          -0.039      -0.031      -0.027      -0.008       0.011       0.016       0.020
    PARED           -0.046      -0.038      -0.032      -0.005       0.019       0.024       0.031
    PGSPARENT       -0.102      -0.090      -0.085      -0.060      -0.038      -0.036      -0.027
    PGSPEER          0.120       0.125       0.131       0.156       0.177       0.183       0.191
    PGSSCHOOL       -0.154      -0.149      -0.144      -0.122      -0.099      -0.094      -0.087
    PGSNEIGHBO      -0.090      -0.086      -0.082      -0.058      -0.036      -0.031      -0.024
    PGSAGE          -0.064      -0.050      -0.043       0.001       0.038       0.045       0.058
    PGSSEX          -0.005      -0.001       0.002       0.013       0.025       0.028       0.032
    PGSINC          -0.092      -0.085      -0.080      -0.062      -0.043      -0.040      -0.035
    PGSPARED        -0.167      -0.160      -0.156      -0.131      -0.107      -0.101      -0.095
    PGSSINGPAR       0.015       0.019       0.021       0.032       0.043       0.046       0.050
    WHITE            0.991       0.991       0.992       0.994       0.995       0.995       0.996
    NATIVE           0.016       0.017       0.018       0.021       0.024       0.025       0.027
    OTHER            0.004       0.005       0.005       0.007       0.009       0.010       0.010
    HISPANIC         0.009       0.010       0.011       0.013       0.015       0.016       0.017
    SINGLE_PAR      -0.273      -0.271      -0.270      -0.260      -0.251      -0.249      -0.243

 Intercepts
    PARENT          -0.671      -0.446      -0.366       0.176       0.675       0.727       1.142
    PEER            -1.112      -0.889      -0.737      -0.234       0.337       0.443       0.758
    SCHOOL          -0.584      -0.331      -0.233       0.250       0.757       0.794       1.068
    NEIGHBOR        -0.562      -0.409      -0.328       0.208       0.642       0.736       0.911
    ASB#1          -13.656     -12.932     -12.235      -4.211       2.249       5.286       7.454
    ASB#2          -12.110      -4.726      -4.379      -2.401      -0.477      -0.092       5.705
    ASB#3          -17.159     -16.173     -15.343      -5.240      -3.331      -3.061      -2.056
    SUB#1           -1.848      -1.195      -0.990       0.226       1.624       2.074      11.382
    SUB#2           -9.383      -2.313      -1.946      -0.203       1.714       8.312       9.874

 Variances
    PGS              0.956       0.963       0.967       1.000       1.032       1.039       1.046
    AGE              2.817       2.845       2.860       2.931       2.995       3.005       3.031
    SEX              0.247       0.248       0.248       0.249       0.249       0.250       0.250
    INCOME           0.536       0.551       0.561       0.600       0.642       0.650       0.661
    PARED            1.178       1.188       1.199       1.234       1.266       1.273       1.288
    PGSPARENT        0.884       0.903       0.910       0.987       1.061       1.083       1.107
    PGSPEER          0.920       0.937       0.944       1.003       1.064       1.086       1.104
    PGSSCHOOL        0.861       0.886       0.898       0.960       1.015       1.028       1.051
    PGSNEIGHBO       0.894       0.927       0.943       1.019       1.096       1.116       1.141
    PGSAGE           2.643       2.721       2.764       2.903       3.056       3.085       3.153
    PGSSEX           0.239       0.241       0.242       0.250       0.258       0.260       0.261
    PGSINC           0.473       0.495       0.504       0.562       0.634       0.646       0.661
    PGSPARED         1.116       1.127       1.139       1.205       1.272       1.280       1.319
    PGSSINGPAR       0.238       0.239       0.241       0.249       0.257       0.259       0.260
    WHITE            0.004       0.004       0.005       0.006       0.008       0.009       0.009
    NATIVE           0.016       0.017       0.017       0.021       0.024       0.024       0.026
    OTHER            0.004       0.005       0.005       0.007       0.009       0.009       0.010
    HISPANIC         0.009       0.010       0.010       0.013       0.015       0.016       0.017
    SINGLE_PAR       0.175       0.176       0.177       0.182       0.187       0.188       0.191

 Residual Variances
    PARENT           0.897       0.913       0.918       0.961       1.003       1.015       1.028
    PEER             0.820       0.825       0.829       0.859       0.885       0.892       0.909
    SCHOOL           0.911       0.921       0.927       0.961       0.991       0.997       1.005
    NEIGHBOR         0.915       0.929       0.936       0.972       1.004       1.010       1.026

New/Additional Parameters
    INDASB11        -0.011      -0.005      -0.003       0.008       0.022       0.025       0.030
    INDASB12         0.125       0.128       0.135       0.176       0.222       0.234       0.254
    INDASB13        -0.005       0.005       0.009       0.034       0.064       0.071       0.087
    INDASB14        -0.019      -0.012      -0.009       0.002       0.013       0.015       0.019
    TOTALASB         0.221       0.361       0.423       0.763       1.050       1.105       1.284
    INDASB21         0.004       0.005       0.006       0.012       0.019       0.021       0.025
    INDASB22         0.004       0.008       0.011       0.024       0.037       0.039       0.047
    INDASB23        -0.006      -0.002       0.000       0.009       0.020       0.022       0.028
    INDASB24        -0.009      -0.006      -0.005      -0.001       0.004       0.004       0.006
    TOTALASB         0.016       0.030       0.044       0.134       0.223       0.244       0.274
    INDASB31         0.003       0.005       0.006       0.013       0.022       0.024       0.029
    INDASB32         0.070       0.076       0.080       0.101       0.124       0.128       0.133
    INDASB33         0.007       0.012       0.014       0.027       0.040       0.045       0.049
    INDASB34        -0.012      -0.007      -0.006       0.000       0.005       0.005       0.008
    TOTALASB        -0.100      -0.023       0.019       0.183       0.346       0.371       0.440
    INDSUB11        -0.004      -0.002      -0.002       0.001       0.004       0.005       0.007
    INDSUB12         0.065       0.069       0.072       0.089       0.106       0.110       0.119
    INDSUB13         0.009       0.010       0.012       0.019       0.028       0.030       0.035
    INDSUB14        -0.002      -0.001      -0.001       0.002       0.005       0.006       0.009
    TOTALSUB         0.283       0.308       0.319       0.394       0.471       0.488       0.521
    INDSUB21        -0.018      -0.015      -0.012      -0.006      -0.001       0.000       0.002
    INDSUB22        -0.130      -0.118      -0.114      -0.091      -0.068      -0.063      -0.058
    INDSUB23        -0.015      -0.011      -0.010       0.000       0.010       0.011       0.014
    INDSUB24         0.000       0.001       0.001       0.005       0.010       0.012       0.015
    TOTALSUB        -0.451      -0.404      -0.379      -0.261      -0.140      -0.115      -0.089


DIAGRAM INFORMATION

  Use View Diagram under the Diagram menu in the Mplus Editor to view the diagram.
  If running Mplus from the Mplus Diagrammer, the diagram opens automatically.

  Diagram output
    c:\repo\2024_ge_interplay_ext_trajectory\analysis\rnr_eur.dgm

     Beginning Time:  08:34:34
        Ending Time:  13:01:15
       Elapsed Time:  04:26:41



MUTHEN & MUTHEN
3463 Stoner Ave.
Los Angeles, CA  90066

Tel: (310) 391-9971
Fax: (310) 391-8971
Web: www.StatModel.com
Support: Support@StatModel.com

Copyright (c) 1998-2015 Muthen & Muthen
